Archive member included to satisfy reference by file (symbol)

.\CortexM3\ARM_GCC_541\Debug\USB_first.a(USBFS.o)
                              .\CortexM3\ARM_GCC_541\Debug\main.o (USBFS_Start)
.\CortexM3\ARM_GCC_541\Debug\USB_first.a(USBFS_drv.o)
                              .\CortexM3\ARM_GCC_541\Debug\USB_first.a(USBFS.o) (USBFS_lastPacketSize)
.\CortexM3\ARM_GCC_541\Debug\USB_first.a(USBFS_episr.o)
                              .\CortexM3\ARM_GCC_541\Debug\USB_first.a(USBFS.o) (USBFS_EP_1_ISR)
.\CortexM3\ARM_GCC_541\Debug\USB_first.a(USBFS_pm.o)
                              .\CortexM3\ARM_GCC_541\Debug\USB_first.a(USBFS.o) (USBFS_DP_ISR)
.\CortexM3\ARM_GCC_541\Debug\USB_first.a(USBFS_std.o)
                              .\CortexM3\ARM_GCC_541\Debug\USB_first.a(USBFS_pm.o) (USBFS_ConfigReg)
.\CortexM3\ARM_GCC_541\Debug\USB_first.a(USBFS_vnd.o)
                              .\CortexM3\ARM_GCC_541\Debug\USB_first.a(USBFS_drv.o) (USBFS_HandleVendorRqst)
.\CortexM3\ARM_GCC_541\Debug\USB_first.a(USBFS_Dp.o)
                              .\CortexM3\ARM_GCC_541\Debug\USB_first.a(USBFS.o) (USBFS_Dp_ClearInterrupt)
.\CortexM3\ARM_GCC_541\Debug\USB_first.a(CyLib.o)
                              .\CortexM3\ARM_GCC_541\Debug\Cm3Start.o (CyHalt)
.\CortexM3\ARM_GCC_541\Debug\USB_first.a(cyPm.o)
                              .\CortexM3\ARM_GCC_541\Debug\USB_first.a(CyLib.o) (CyPmReadStatus)
.\CortexM3\ARM_GCC_541\Debug\USB_first.a(ADC_DelSig_1.o)
                              .\CortexM3\ARM_GCC_541\Debug\main.o (ADC_DelSig_1_Start)
.\CortexM3\ARM_GCC_541\Debug\USB_first.a(ADC_DelSig_1_INT.o)
                              .\CortexM3\ARM_GCC_541\Debug\USB_first.a(ADC_DelSig_1.o) (ADC_DelSig_1_ISR1)
.\CortexM3\ARM_GCC_541\Debug\USB_first.a(ADC_DelSig_1_AMux.o)
                              .\CortexM3\ARM_GCC_541\Debug\USB_first.a(ADC_DelSig_1.o) (ADC_DelSig_1_AMux_Select)
.\CortexM3\ARM_GCC_541\Debug\USB_first.a(ADC_DelSig_1_Ext_CP_Clk.o)
                              .\CortexM3\ARM_GCC_541\Debug\USB_first.a(ADC_DelSig_1.o) (ADC_DelSig_1_Ext_CP_Clk_SetModeRegister)
.\CortexM3\ARM_GCC_541\Debug\USB_first.a(ADC_DelSig_1_theACLK.o)
                              .\CortexM3\ARM_GCC_541\Debug\USB_first.a(ADC_DelSig_1.o) (ADC_DelSig_1_theACLK_SetModeRegister)
.\CortexM3\ARM_GCC_541\Debug\USB_first.a(Loop_Interrupt.o)
                              .\CortexM3\ARM_GCC_541\Debug\main.o (Loop_Interrupt_Start)
.\CortexM3\ARM_GCC_541\Debug\USB_first.a(CyBootAsmGnu.o)
                              .\CortexM3\ARM_GCC_541\Debug\cyfitter_cfg.o (CyDelayCycles)
.\CortexM3\ARM_GCC_541\Debug\USB_first.a(USBFS_cls.o)
                              .\CortexM3\ARM_GCC_541\Debug\USB_first.a(USBFS_drv.o) (USBFS_DispatchClassRqst)
.\CortexM3\ARM_GCC_541\Debug\USB_first.a(USBFS_descr.o)
                              .\CortexM3\ARM_GCC_541\Debug\USB_first.a(USBFS_std.o) (USBFS_TABLE)
.\CortexM3\ARM_GCC_541\Debug\USB_first.a(CyFlash.o)
                              .\CortexM3\ARM_GCC_541\Debug\USB_first.a(cyPm.o) (CyFlash_SetWaitCycles)
.\CortexM3\ARM_GCC_541\Debug\USB_first.a(CySpc.o)
                              .\CortexM3\ARM_GCC_541\Debug\USB_first.a(CyFlash.o) (CySpcStart)
c:/program files (x86)/cypress/psoc creator/4.2/psoc creator/import/gnu/arm/5.4.1/bin/../lib/gcc/arm-none-eabi/5.4.1/armv7-m\libgcc.a(_arm_addsubdf3.o)
                              .\CortexM3\ARM_GCC_541\Debug\USB_first.a(ADC_DelSig_1.o) (__aeabi_f2d)
c:/program files (x86)/cypress/psoc creator/4.2/psoc creator/import/gnu/arm/5.4.1/bin/../lib/gcc/arm-none-eabi/5.4.1/armv7-m\libgcc.a(_arm_cmpdf2.o)
                              .\CortexM3\ARM_GCC_541\Debug\USB_first.a(ADC_DelSig_1.o) (__aeabi_dcmpgt)
c:/program files (x86)/cypress/psoc creator/4.2/psoc creator/import/gnu/arm/5.4.1/bin/../lib/gcc/arm-none-eabi/5.4.1/armv7-m\libgcc.a(_arm_addsubsf3.o)
                              .\CortexM3\ARM_GCC_541\Debug\USB_first.a(ADC_DelSig_1.o) (__aeabi_ui2f)
c:/program files (x86)/cypress/psoc creator/4.2/psoc creator/import/gnu/arm/5.4.1/bin/../lib/gcc/arm-none-eabi/5.4.1/armv7-m\libgcc.a(_arm_muldivsf3.o)
                              .\CortexM3\ARM_GCC_541\Debug\USB_first.a(ADC_DelSig_1.o) (__aeabi_fmul)
c:/program files (x86)/cypress/psoc creator/4.2/psoc creator/import/gnu/arm/5.4.1/bin/../lib/gcc/arm-none-eabi/5.4.1/armv7-m\libgcc.a(_arm_fixunssfsi.o)
                              .\CortexM3\ARM_GCC_541\Debug\USB_first.a(ADC_DelSig_1.o) (__aeabi_f2uiz)
c:/program files (x86)/cypress/psoc creator/4.2/psoc creator/import/gnu/arm/5.4.1/bin/../lib/gcc/arm-none-eabi/5.4.1/../../../../arm-none-eabi/lib/armv7-m\libg_nano.a(lib_a-errno.o)
                              .\CortexM3\ARM_GCC_541\Debug\Cm3Start.o (__errno)
c:/program files (x86)/cypress/psoc creator/4.2/psoc creator/import/gnu/arm/5.4.1/bin/../lib/gcc/arm-none-eabi/5.4.1/../../../../arm-none-eabi/lib/armv7-m\libg_nano.a(lib_a-exit.o)
[...]
Memory Configuration

Name             Origin             Length             Attributes
rom              0x00000000         0x00040000         xr
ram              0x1fff8000         0x00010000         xrw
*default*        0x00000000         0xffffffff

Linker script and memory map

LOAD c:/program files (x86)/cypress/psoc creator/4.2/psoc creator/import/gnu/arm/5.4.1/bin/../lib/gcc/arm-none-eabi/5.4.1/armv7-m/crti.o
LOAD c:/program files (x86)/cypress/psoc creator/4.2/psoc creator/import/gnu/arm/5.4.1/bin/../lib/gcc/arm-none-eabi/5.4.1/armv7-m/crtbegin.o
LOAD c:/program files (x86)/cypress/psoc creator/4.2/psoc creator/import/gnu/arm/5.4.1/bin/../lib/gcc/arm-none-eabi/5.4.1/../../../../arm-none-eabi/lib/armv7-m/crt0.o
START GROUP
LOAD .\CortexM3\ARM_GCC_541\Debug\main.o
LOAD .\CortexM3\ARM_GCC_541\Debug\datalogger.o
LOAD .\CortexM3\ARM_GCC_541\Debug\usb.o
LOAD .\CortexM3\ARM_GCC_541\Debug\cyfitter_cfg.o
LOAD .\CortexM3\ARM_GCC_541\Debug\cymetadata.o
LOAD .\CortexM3\ARM_GCC_541\Debug\Cm3Start.o
LOAD .\CortexM3\ARM_GCC_541\Debug\USB_first.a
LOAD C:\Program Files (x86)\Cypress\PSoC Creator\4.2\PSoC Creator\psoc\content\cycomponentlibrary\CyComponentLibrary.cylib\CortexM3\ARM_GCC_541\Debug\CyComponentLibrary.a
END GROUP
START GROUP
LOAD c:/program files (x86)/cypress/psoc creator/4.2/psoc creator/import/gnu/arm/5.4.1/bin/../lib/gcc/arm-none-eabi/5.4.1/armv7-m\libgcc.a
LOAD c:/program files (x86)/cypress/psoc creator/4.2/psoc creator/import/gnu/arm/5.4.1/bin/../lib/gcc/arm-none-eabi/5.4.1/../../../../arm-none-eabi/lib/armv7-m\libg_nano.a
LOAD c:/program files (x86)/cypress/psoc creator/4.2/psoc creator/import/gnu/arm/5.4.1/bin/../lib/gcc/arm-none-eabi/5.4.1/../../../../arm-none-eabi/lib/armv7-m\libc_nano.a
END GROUP
START GROUP
LOAD c:/program files (x86)/cypress/psoc creator/4.2/psoc creator/import/gnu/arm/5.4.1/bin/../lib/gcc/arm-none-eabi/5.4.1/armv7-m\libgcc.a
LOAD c:/program files (x86)/cypress/psoc creator/4.2/psoc creator/import/gnu/arm/5.4.1/bin/../lib/gcc/arm-none-eabi/5.4.1/../../../../arm-none-eabi/lib/armv7-m\libc_nano.a
END GROUP
LOAD c:/program files (x86)/cypress/psoc creator/4.2/psoc creator/import/gnu/arm/5.4.1/bin/../lib/gcc/arm-none-eabi/5.4.1/armv7-m/crtend.o
LOAD c:/program files (x86)/cypress/psoc creator/4.2/psoc creator/import/gnu/arm/5.4.1/bin/../lib/gcc/arm-none-eabi/5.4.1/armv7-m/crtn.o
START GROUP
LOAD c:/program files (x86)/cypress/psoc creator/4.2/psoc creator/import/gnu/arm/5.4.1/bin/../lib/gcc/arm-none-eabi/5.4.1/armv7-m\libgcc.a
LOAD c:/program files (x86)/cypress/psoc creator/4.2/psoc creator/import/gnu/arm/5.4.1/bin/../lib/gcc/arm-none-eabi/5.4.1/../../../../arm-none-eabi/lib/armv7-m\libc.a
LOAD c:/program files (x86)/cypress/psoc creator/4.2/psoc creator/import/gnu/arm/5.4.1/bin/../lib/gcc/arm-none-eabi/5.4.1/../../../../arm-none-eabi/lib/armv7-m\libnosys.a
END GROUP
                0x00000000                CY_APPL_ORIGIN = 0x0
                0x00000100                CY_FLASH_ROW_SIZE = 0x100
                0x00000020                CY_ECC_ROW_SIZE = 0x20
                0x00000000                CY_EE_IN_BTLDR = 0x0
                0x00000000                CY_APPL_LOADABLE = 0x0
                0x00000800                CY_EE_SIZE = 0x800
                0x00000001                CY_APPL_NUM = 0x1
                0x00000001                CY_APPL_MAX = 0x1
                0x00000040                CY_METADATA_SIZE = 0x40
                0x00000000                CY_APPL_LOADABLE = 0x0
                0x00000000                CY_CHECKSUM_EXCLUDE_SIZE = ALIGN (0x0, CY_FLASH_ROW_SIZE)
                [!provide]                PROVIDE (__cy_heap_start, _end)
                0x00000001                PROVIDE (__cy_region_num, ((__cy_regions_end - __cy_regions) / 0x10))
                0x20008000                PROVIDE (__cy_stack, (ORIGIN (ram) + LENGTH (ram)))
                [!provide]                PROVIDE (__cy_heap_end, (__cy_stack - 0x800))

.cybootloader   0x00000000        0x0
 *(.cybootloader)
                0x00000000                appl1_start = CY_APPL_ORIGIN?CY_APPL_ORIGIN:ALIGN (CY_FLASH_ROW_SIZE)
                0x0001ff00                appl2_start = (appl1_start + ALIGN ((((LENGTH (rom) - appl1_start) - (0x2 * CY_FLASH_ROW_SIZE)) / 0x2), CY_FLASH_ROW_SIZE))
                0x00000000                appl_start = (CY_APPL_NUM == 0x1)?appl1_start:appl2_start
                0x00000000                ecc_offset = ((appl_start / CY_FLASH_ROW_SIZE) * CY_ECC_ROW_SIZE)
                0x00000000                ee_offset = (CY_APPL_LOADABLE && ! (CY_EE_IN_BTLDR))?((CY_EE_SIZE / CY_APPL_MAX) * (CY_APPL_NUM - 0x1)):0x0
                0x00000800                ee_size = (CY_APPL_LOADABLE && ! (CY_EE_IN_BTLDR))?(CY_EE_SIZE / CY_APPL_MAX):CY_EE_SIZE
                [!provide]                PROVIDE (CY_ECC_OFFSET, ecc_offset)

.text           0x00000000     0x24be
 CREATE_OBJECT_SYMBOLS
                0x00000000                PROVIDE (__cy_interrupt_vector, RomVectors)
 *(.romvectors)
 .romvectors    0x00000000       0x10 .\CortexM3\ARM_GCC_541\Debug\Cm3Start.o
                0x00000000                RomVectors
                0x00000001                ASSERT ((. != __cy_interrupt_vector), No interrupt vector)
                0x00000001                ASSERT (CY_APPL_ORIGIN?(SIZEOF (.cybootloader) <= CY_APPL_ORIGIN):0x1, Wrong image location)
                0x00000010                PROVIDE (__cy_reset, Reset)
 *(.text.Reset)
 .text.Reset    0x00000010       0x18 .\CortexM3\ARM_GCC_541\Debug\Cm3Start.o
                0x00000010                Reset
                0x00000001                ASSERT ((. != __cy_reset), No reset code)
 *(.dma_init)
                0x00000001                ASSERT ((((appl_start + .) <= 0x10000) || 0x1), DMA Init must be within the first 64k of flash)
 *(.text .text.* .gnu.linkonce.t.*)
 .text          0x00000028       0x5c c:/program files (x86)/cypress/psoc creator/4.2/psoc creator/import/gnu/arm/5.4.1/bin/../lib/gcc/arm-none-eabi/5.4.1/armv7-m/crtbegin.o
 .text.main     0x00000084       0xd8 .\CortexM3\ARM_GCC_541\Debug\main.o
                0x00000084                main
 .text.logger_init
                0x0000015c       0x24 .\CortexM3\ARM_GCC_541\Debug\datalogger.o
                0x0000015c                logger_init
 .text.attach_variable
                0x00000180       0x4c .\CortexM3\ARM_GCC_541\Debug\datalogger.o
                0x00000180                attach_variable
 .text.circbuff_add_byte
                0x000001cc       0x10 .\CortexM3\ARM_GCC_541\Debug\datalogger.o
                0x000001cc                circbuff_add_byte
 .text.circbuff_add
                0x000001dc       0x7c .\CortexM3\ARM_GCC_541\Debug\datalogger.o
                0x000001dc                circbuff_add
 .text.get_buffer
                0x00000258        0x8 .\CortexM3\ARM_GCC_541\Debug\datalogger.o
                0x00000258                get_buffer
 .text.var_size
                0x00000260       0x38 .\CortexM3\ARM_GCC_541\Debug\datalogger.o
                0x00000260                var_size
 .text.logger   0x00000298       0x30 .\CortexM3\ARM_GCC_541\Debug\datalogger.o
                0x00000298                logger
 .text._clear_circbuff
                0x000002c8       0x18 .\CortexM3\ARM_GCC_541\Debug\datalogger.o
                0x000002c8                _clear_circbuff
 .text.clear_log
                0x000002e0        0xc .\CortexM3\ARM_GCC_541\Debug\datalogger.o
                0x000002e0                clear_log
 .text.get_command_usb
                0x000002ec       0xc4 .\CortexM3\ARM_GCC_541\Debug\datalogger.o
                0x000002ec                get_command_usb
 .text.usb_init
                0x000003b0       0x30 .\CortexM3\ARM_GCC_541\Debug\usb.o
                0x000003b0                usb_init
 .text.usb_stream
                0x000003e0       0x14 .\CortexM3\ARM_GCC_541\Debug\usb.o
                0x000003e0                usb_stream
 .text.usb_response
                0x000003f4       0x30 .\CortexM3\ARM_GCC_541\Debug\usb.o
                0x000003f4                usb_response
 .text.usb_set_stream
                0x00000424        0x4 .\CortexM3\ARM_GCC_541\Debug\usb.o
                0x00000424                usb_set_stream
 .text.usb_commands
                0x00000428       0x5c .\CortexM3\ARM_GCC_541\Debug\usb.o
                0x00000428                usb_commands
 .text.usb_task
                0x00000484       0x40 .\CortexM3\ARM_GCC_541\Debug\usb.o
                0x00000484                usb_task
 .text.CyClockStartupError
                0x000004c4        0x4 .\CortexM3\ARM_GCC_541\Debug\cyfitter_cfg.o
 .text.cfg_write_bytes32
                0x000004c8       0x34 .\CortexM3\ARM_GCC_541\Debug\cyfitter_cfg.o
 .text.AnalogSetDefault
                0x000004fc       0x40 .\CortexM3\ARM_GCC_541\Debug\cyfitter_cfg.o
 .text.CYMEMZERO
                0x0000053c        0xc .\CortexM3\ARM_GCC_541\Debug\cyfitter_cfg.o
 .text.CYCONFIGCPY
                0x00000548        0x8 .\CortexM3\ARM_GCC_541\Debug\cyfitter_cfg.o
 .text.ClockSetup
                0x00000550       0xf4 .\CortexM3\ARM_GCC_541\Debug\cyfitter_cfg.o
 .text.ADC_DelSig_1_AMux_Set
                0x00000644       0x1c .\CortexM3\ARM_GCC_541\Debug\cyfitter_cfg.o
                0x00000644                ADC_DelSig_1_AMux_Set
 .text.ADC_DelSig_1_AMux_Unset
                0x00000660       0x1c .\CortexM3\ARM_GCC_541\Debug\cyfitter_cfg.o
                0x00000660                ADC_DelSig_1_AMux_Unset
 .text.cyfitter_cfg
                0x0000067c       0xf8 .\CortexM3\ARM_GCC_541\Debug\cyfitter_cfg.o
                0x0000067c                cyfitter_cfg
 .text.IntDefaultHandler
                0x00000774       0x10 .\CortexM3\ARM_GCC_541\Debug\Cm3Start.o
                0x00000774                IntDefaultHandler
 .text.Start_c  0x00000784       0x4c .\CortexM3\ARM_GCC_541\Debug\Cm3Start.o
                0x00000784                Start_c
 .text.initialize_psoc
                0x000007d0       0x68 .\CortexM3\ARM_GCC_541\Debug\Cm3Start.o
                0x000007d0                initialize_psoc
 .text.USBFS_Init
                0x00000838      0x140 .\CortexM3\ARM_GCC_541\Debug\USB_first.a(USBFS.o)
                0x00000838                USBFS_Init
 .text.USBFS_InitComponent
                0x00000978       0xb8 .\CortexM3\ARM_GCC_541\Debug\USB_first.a(USBFS.o)
                0x00000978                USBFS_InitComponent
 .text.USBFS_Start
                0x00000a30       0x24 .\CortexM3\ARM_GCC_541\Debug\USB_first.a(USBFS.o)
                0x00000a30                USBFS_Start
 .text.USBFS_ReInitComponent
                0x00000a54       0x4c .\CortexM3\ARM_GCC_541\Debug\USB_first.a(USBFS.o)
                0x00000a54                USBFS_ReInitComponent
 .text.USBFS_GetConfiguration
                0x00000aa0        0xc .\CortexM3\ARM_GCC_541\Debug\USB_first.a(USBFS.o)
                0x00000aa0                USBFS_GetConfiguration
 .text.USBFS_GetEPState
                0x00000aac       0x14 .\CortexM3\ARM_GCC_541\Debug\USB_first.a(USBFS.o)
                0x00000aac                USBFS_GetEPState
 .text.USBFS_GetEPCount
                0x00000ac0       0x28 .\CortexM3\ARM_GCC_541\Debug\USB_first.a(USBFS.o)
                0x00000ac0                USBFS_GetEPCount
 .text.USBFS_LoadInEP
                0x00000ae8       0x94 .\CortexM3\ARM_GCC_541\Debug\USB_first.a(USBFS.o)
                0x00000ae8                USBFS_LoadInEP
 .text.USBFS_EnableOutEP
                0x00000b7c       0x2c .\CortexM3\ARM_GCC_541\Debug\USB_first.a(USBFS.o)
                0x00000b7c                USBFS_EnableOutEP
 .text.USBFS_ReadOutEP
                0x00000ba8       0x50 .\CortexM3\ARM_GCC_541\Debug\USB_first.a(USBFS.o)
                0x00000ba8                USBFS_ReadOutEP
 .text.USBFS_LoadEP0
                0x00000bf8       0x98 .\CortexM3\ARM_GCC_541\Debug\USB_first.a(USBFS_drv.o)
                0x00000bf8                USBFS_LoadEP0
 .text.USBFS_InitZeroLengthControlTransfer
                0x00000c90       0x34 .\CortexM3\ARM_GCC_541\Debug\USB_first.a(USBFS_drv.o)
                0x00000c90                USBFS_InitZeroLengthControlTransfer
 .text.USBFS_ControlReadDataStage
                0x00000cc4        0x8 .\CortexM3\ARM_GCC_541\Debug\USB_first.a(USBFS_drv.o)
                0x00000cc4                USBFS_ControlReadDataStage
 .text.USBFS_ControlWriteDataStage
                0x00000ccc       0x84 .\CortexM3\ARM_GCC_541\Debug\USB_first.a(USBFS_drv.o)
                0x00000ccc                USBFS_ControlWriteDataStage
 .text.USBFS_InitNoDataControlTransfer
                0x00000d50       0x2c .\CortexM3\ARM_GCC_541\Debug\USB_first.a(USBFS_drv.o)
                0x00000d50                USBFS_InitNoDataControlTransfer
 .text.USBFS_UpdateStatusBlock
                0x00000d7c       0x24 .\CortexM3\ARM_GCC_541\Debug\USB_first.a(USBFS_drv.o)
                0x00000d7c                USBFS_UpdateStatusBlock
 .text.USBFS_HandleSetup
                0x00000da0       0x5c .\CortexM3\ARM_GCC_541\Debug\USB_first.a(USBFS_drv.o)
                0x00000da0                USBFS_HandleSetup
 .text.USBFS_ControlReadStatusStage
                0x00000dfc       0x38 .\CortexM3\ARM_GCC_541\Debug\USB_first.a(USBFS_drv.o)
                0x00000dfc                USBFS_ControlReadStatusStage
 .text.USBFS_HandleOUT
                0x00000e34       0x38 .\CortexM3\ARM_GCC_541\Debug\USB_first.a(USBFS_drv.o)
                0x00000e34                USBFS_HandleOUT
 .text.USBFS_ControlWriteStatusStage
                0x00000e6c       0x20 .\CortexM3\ARM_GCC_541\Debug\USB_first.a(USBFS_drv.o)
                0x00000e6c                USBFS_ControlWriteStatusStage
 .text.USBFS_NoDataControlStatusStage
                0x00000e8c       0x40 .\CortexM3\ARM_GCC_541\Debug\USB_first.a(USBFS_drv.o)
                0x00000e8c                USBFS_NoDataControlStatusStage
 .text.USBFS_HandleIN
                0x00000ecc       0x2c .\CortexM3\ARM_GCC_541\Debug\USB_first.a(USBFS_drv.o)
                0x00000ecc                USBFS_HandleIN
 .text.USBFS_EP_0_ISR
                0x00000ef8       0xb8 .\CortexM3\ARM_GCC_541\Debug\USB_first.a(USBFS_drv.o)
                0x00000ef8                USBFS_EP_0_ISR
 .text.USBFS_InitializeStatusBlock
                0x00000fb0       0x24 .\CortexM3\ARM_GCC_541\Debug\USB_first.a(USBFS_drv.o)
                0x00000fb0                USBFS_InitializeStatusBlock
 .text.USBFS_InitControlRead
                0x00000fd4       0x50 .\CortexM3\ARM_GCC_541\Debug\USB_first.a(USBFS_drv.o)
                0x00000fd4                USBFS_InitControlRead
 .text.USBFS_EP_1_ISR
                0x00001024       0x30 .\CortexM3\ARM_GCC_541\Debug\USB_first.a(USBFS_episr.o)
                0x00001024                USBFS_EP_1_ISR
 .text.USBFS_EP_2_ISR
                0x00001054       0x34 .\CortexM3\ARM_GCC_541\Debug\USB_first.a(USBFS_episr.o)
                0x00001054                USBFS_EP_2_ISR
 .text.USBFS_EP_3_ISR
                0x00001088       0x3c .\CortexM3\ARM_GCC_541\Debug\USB_first.a(USBFS_episr.o)
                0x00001088                USBFS_EP_3_ISR
 .text.USBFS_EP_4_ISR
                0x000010c4       0x3c .\CortexM3\ARM_GCC_541\Debug\USB_first.a(USBFS_episr.o)
                0x000010c4                USBFS_EP_4_ISR
 .text.USBFS_BUS_RESET_ISR
                0x00001100        0x8 .\CortexM3\ARM_GCC_541\Debug\USB_first.a(USBFS_episr.o)
                0x00001100                USBFS_BUS_RESET_ISR
 .text.USBFS_DP_ISR
                0x00001108        0x8 .\CortexM3\ARM_GCC_541\Debug\USB_first.a(USBFS_pm.o)
                0x00001108                USBFS_DP_ISR
 .text.USBFS_ConfigReg
                0x00001110       0xa4 .\CortexM3\ARM_GCC_541\Debug\USB_first.a(USBFS_std.o)
                0x00001110                USBFS_ConfigReg
 .text.USBFS_GetConfigTablePtr
                0x000011b4       0x28 .\CortexM3\ARM_GCC_541\Debug\USB_first.a(USBFS_std.o)
                0x000011b4                USBFS_GetConfigTablePtr
 .text.USBFS_ConfigAltChanged
                0x000011dc      0x11c .\CortexM3\ARM_GCC_541\Debug\USB_first.a(USBFS_std.o)
                0x000011dc                USBFS_ConfigAltChanged
 .text.USBFS_GetDeviceTablePtr
                0x000012f8       0x18 .\CortexM3\ARM_GCC_541\Debug\USB_first.a(USBFS_std.o)
                0x000012f8                USBFS_GetDeviceTablePtr
 .text.USBFS_GetInterfaceClassTablePtr
                0x00001310       0x28 .\CortexM3\ARM_GCC_541\Debug\USB_first.a(USBFS_std.o)
                0x00001310                USBFS_GetInterfaceClassTablePtr
 .text.USBFS_Config
                0x00001338      0x1c4 .\CortexM3\ARM_GCC_541\Debug\USB_first.a(USBFS_std.o)
                0x00001338                USBFS_Config
 .text.USBFS_SetEndpointHalt
                0x000014fc       0x64 .\CortexM3\ARM_GCC_541\Debug\USB_first.a(USBFS_std.o)
                0x000014fc                USBFS_SetEndpointHalt
 .text.USBFS_ClearEndpointHalt
                0x00001560       0xac .\CortexM3\ARM_GCC_541\Debug\USB_first.a(USBFS_std.o)
                0x00001560                USBFS_ClearEndpointHalt
 .text.USBFS_ValidateAlternateSetting
                0x0000160c       0x4c .\CortexM3\ARM_GCC_541\Debug\USB_first.a(USBFS_std.o)
                0x0000160c                USBFS_ValidateAlternateSetting
 .text.USBFS_HandleStandardRqst
                0x00001658      0x328 .\CortexM3\ARM_GCC_541\Debug\USB_first.a(USBFS_std.o)
                0x00001658                USBFS_HandleStandardRqst
 .text.USBFS_HandleVendorRqst
                0x00001980       0x18 .\CortexM3\ARM_GCC_541\Debug\USB_first.a(USBFS_vnd.o)
                0x00001980                USBFS_HandleVendorRqst
 .text.USBFS_Dp_ClearInterrupt
                0x00001998       0x10 .\CortexM3\ARM_GCC_541\Debug\USB_first.a(USBFS_Dp.o)
                0x00001998                USBFS_Dp_ClearInterrupt
 .text.CyHalt   0x000019a8        0x4 .\CortexM3\ARM_GCC_541\Debug\USB_first.a(CyLib.o)
                0x000019a8                CyHalt
 .text.CyDelayUs
                0x000019ac       0x14 .\CortexM3\ARM_GCC_541\Debug\USB_first.a(CyLib.o)
                0x000019ac                CyDelayUs
 .text.CyIntSetVector
                0x000019c0       0x28 .\CortexM3\ARM_GCC_541\Debug\USB_first.a(CyLib.o)
                0x000019c0                CyIntSetVector
 .text.CyIntSetPriority
                0x000019e8       0x30 .\CortexM3\ARM_GCC_541\Debug\USB_first.a(CyLib.o)
                0x000019e8                CyIntSetPriority
 .text.ADC_DelSig_1_GainCompensation
                0x00001a18       0xe0 .\CortexM3\ARM_GCC_541\Debug\USB_first.a(ADC_DelSig_1.o)
 .text.ADC_DelSig_1_SetDSMRef0Reg
                0x00001af8       0x4c .\CortexM3\ARM_GCC_541\Debug\USB_first.a(ADC_DelSig_1.o)
 .text.ADC_DelSig_1_InitConfig
                0x00001b44      0x344 .\CortexM3\ARM_GCC_541\Debug\USB_first.a(ADC_DelSig_1.o)
 .text.ADC_DelSig_1_Init
                0x00001e88      0x108 .\CortexM3\ARM_GCC_541\Debug\USB_first.a(ADC_DelSig_1.o)
                0x00001e88                ADC_DelSig_1_Init
 .text.ADC_DelSig_1_Enable
                0x00001f90       0xd8 .\CortexM3\ARM_GCC_541\Debug\USB_first.a(ADC_DelSig_1.o)
                0x00001f90                ADC_DelSig_1_Enable
 .text.ADC_DelSig_1_Start
                0x00002068       0x28 .\CortexM3\ARM_GCC_541\Debug\USB_first.a(ADC_DelSig_1.o)
                0x00002068                ADC_DelSig_1_Start
 .text.ADC_DelSig_1_StartConvert
                0x00002090       0x10 .\CortexM3\ARM_GCC_541\Debug\USB_first.a(ADC_DelSig_1.o)
                0x00002090                ADC_DelSig_1_StartConvert
 .text.ADC_DelSig_1_IsEndConversion
                0x000020a0       0x30 .\CortexM3\ARM_GCC_541\Debug\USB_first.a(ADC_DelSig_1.o)
                0x000020a0                ADC_DelSig_1_IsEndConversion
 .text.ADC_DelSig_1_GetResult16
                0x000020d0       0x50 .\CortexM3\ARM_GCC_541\Debug\USB_first.a(ADC_DelSig_1.o)
                0x000020d0                ADC_DelSig_1_GetResult16
 .text.ADC_DelSig_1_ISR1
                0x00002120        0x4 .\CortexM3\ARM_GCC_541\Debug\USB_first.a(ADC_DelSig_1_INT.o)
                0x00002120                ADC_DelSig_1_ISR1
 .text.ADC_DelSig_1_ISR2
                0x00002124        0x4 .\CortexM3\ARM_GCC_541\Debug\USB_first.a(ADC_DelSig_1_INT.o)
                0x00002124                ADC_DelSig_1_ISR2
 .text.ADC_DelSig_1_ISR3
                0x00002128        0x4 .\CortexM3\ARM_GCC_541\Debug\USB_first.a(ADC_DelSig_1_INT.o)
                0x00002128                ADC_DelSig_1_ISR3
 .text.ADC_DelSig_1_ISR4
                0x0000212c        0x4 .\CortexM3\ARM_GCC_541\Debug\USB_first.a(ADC_DelSig_1_INT.o)
                0x0000212c                ADC_DelSig_1_ISR4
 .text.ADC_DelSig_1_AMux_Start
                0x00002130       0x20 .\CortexM3\ARM_GCC_541\Debug\USB_first.a(ADC_DelSig_1_AMux.o)
                0x00002130                ADC_DelSig_1_AMux_Start
 .text.ADC_DelSig_1_AMux_Select
                0x00002150       0x18 .\CortexM3\ARM_GCC_541\Debug\USB_first.a(ADC_DelSig_1_AMux.o)
                0x00002150                ADC_DelSig_1_AMux_Select
 .text.ADC_DelSig_1_Ext_CP_Clk_GetDividerRegister
                0x00002168        0xc .\CortexM3\ARM_GCC_541\Debug\USB_first.a(ADC_DelSig_1_Ext_CP_Clk.o)
                0x00002168                ADC_DelSig_1_Ext_CP_Clk_GetDividerRegister
 .text.ADC_DelSig_1_Ext_CP_Clk_SetModeRegister
                0x00002174       0x14 .\CortexM3\ARM_GCC_541\Debug\USB_first.a(ADC_DelSig_1_Ext_CP_Clk.o)
                0x00002174                ADC_DelSig_1_Ext_CP_Clk_SetModeRegister
 .text.ADC_DelSig_1_Ext_CP_Clk_GetSourceRegister
                0x00002188       0x10 .\CortexM3\ARM_GCC_541\Debug\USB_first.a(ADC_DelSig_1_Ext_CP_Clk.o)
                0x00002188                ADC_DelSig_1_Ext_CP_Clk_GetSourceRegister
 .text.ADC_DelSig_1_Ext_CP_Clk_SetDividerRegister
                0x00002198       0xd8 .\CortexM3\ARM_GCC_541\Debug\USB_first.a(ADC_DelSig_1_Ext_CP_Clk.o)
                0x00002198                ADC_DelSig_1_Ext_CP_Clk_SetDividerRegister
 .text.ADC_DelSig_1_theACLK_GetDividerRegister
                0x00002270        0xc .\CortexM3\ARM_GCC_541\Debug\USB_first.a(ADC_DelSig_1_theACLK.o)
                0x00002270                ADC_DelSig_1_theACLK_GetDividerRegister
 .text.ADC_DelSig_1_theACLK_SetModeRegister
                0x0000227c       0x14 .\CortexM3\ARM_GCC_541\Debug\USB_first.a(ADC_DelSig_1_theACLK.o)
                0x0000227c                ADC_DelSig_1_theACLK_SetModeRegister
 .text.ADC_DelSig_1_theACLK_GetSourceRegister
                0x00002290       0x10 .\CortexM3\ARM_GCC_541\Debug\USB_first.a(ADC_DelSig_1_theACLK.o)
                0x00002290                ADC_DelSig_1_theACLK_GetSourceRegister
 .text.ADC_DelSig_1_theACLK_SetDividerRegister
                0x000022a0       0xd8 .\CortexM3\ARM_GCC_541\Debug\USB_first.a(ADC_DelSig_1_theACLK.o)
                0x000022a0                ADC_DelSig_1_theACLK_SetDividerRegister
 .text.Loop_Interrupt_Interrupt
                0x00002378        0xc .\CortexM3\ARM_GCC_541\Debug\USB_first.a(Loop_Interrupt.o)
                0x00002378                Loop_Interrupt_Interrupt
 .text.Loop_Interrupt_SetVector
                0x00002384        0xc .\CortexM3\ARM_GCC_541\Debug\USB_first.a(Loop_Interrupt.o)
                0x00002384                Loop_Interrupt_SetVector
 .text.Loop_Interrupt_SetPriority
                0x00002390       0x10 .\CortexM3\ARM_GCC_541\Debug\USB_first.a(Loop_Interrupt.o)
                0x00002390                Loop_Interrupt_SetPriority
 .text.Loop_Interrupt_Enable
                0x000023a0        0xc .\CortexM3\ARM_GCC_541\Debug\USB_first.a(Loop_Interrupt.o)
                0x000023a0                Loop_Interrupt_Enable
 .text.Loop_Interrupt_Disable
                0x000023ac        0xc .\CortexM3\ARM_GCC_541\Debug\USB_first.a(Loop_Interrupt.o)
                0x000023ac                Loop_Interrupt_Disable
 .text.Loop_Interrupt_Start
                0x000023b8       0x1c .\CortexM3\ARM_GCC_541\Debug\USB_first.a(Loop_Interrupt.o)
                0x000023b8                Loop_Interrupt_Start
 *fill*         0x000023d4        0x4 
 .text          0x000023d8       0x20 .\CortexM3\ARM_GCC_541\Debug\USB_first.a(CyBootAsmGnu.o)
                0x000023d8                CyDelayCycles
                0x000023e8                CyEnterCriticalSection
                0x000023f0                CyExitCriticalSection
 .text.USBFS_DispatchClassRqst
                0x000023f8       0x38 .\CortexM3\ARM_GCC_541\Debug\USB_first.a(USBFS_cls.o)
                0x000023f8                USBFS_DispatchClassRqst
 .text.__errno  0x00002430        0xc c:/program files (x86)/cypress/psoc creator/4.2/psoc creator/import/gnu/arm/5.4.1/bin/../lib/gcc/arm-none-eabi/5.4.1/../../../../arm-none-eabi/lib/armv7-m\libg_nano.a(lib_a-errno.o)
                0x00002430                __errno
 .text.__libc_init_array
                0x0000243c       0x4c c:/program files (x86)/cypress/psoc creator/4.2/psoc creator/import/gnu/arm/5.4.1/bin/../lib/gcc/arm-none-eabi/5.4.1/../../../../arm-none-eabi/lib/armv7-m\libg_nano.a(lib_a-init.o)
                0x0000243c                __libc_init_array
 .text.memcpy   0x00002488       0x16 c:/program files (x86)/cypress/psoc creator/4.2/psoc creator/import/gnu/arm/5.4.1/bin/../lib/gcc/arm-none-eabi/5.4.1/../../../../arm-none-eabi/lib/armv7-m\libg_nano.a(lib_a-memcpy-stub.o)
                0x00002488                memcpy
 .text.memset   0x0000249e       0x10 c:/program files (x86)/cypress/psoc creator/4.2/psoc creator/import/gnu/arm/5.4.1/bin/../lib/gcc/arm-none-eabi/5.4.1/../../../../arm-none-eabi/lib/armv7-m\libg_nano.a(lib_a-memset.o)
                0x0000249e                memset
 .text          0x000024ae       0x10 c:/program files (x86)/cypress/psoc creator/4.2/psoc creator/import/gnu/arm/5.4.1/bin/../lib/gcc/arm-none-eabi/5.4.1/../../../../arm-none-eabi/lib/armv7-m\libg_nano.a(lib_a-strlen.o)
                0x000024ae                strlen
 *(.plt)
 *(.gnu.warning)
 *(.glue_7t)
 .glue_7t       0x000024be        0x0 linker stubs
 *(.glue_7)
 .glue_7        0x000024be        0x0 linker stubs
 *(.vfp11_veneer)
 .vfp11_veneer  0x000024be        0x0 linker stubs
 *(.bootloader)
 *(.ARM.extab* .gnu.linkonce.armextab.*)
 *(.gcc_except_table)

.v4_bx          0x000024c0        0x0
 .v4_bx         0x000024c0        0x0 linker stubs

.iplt           0x000024c0        0x0
 .iplt          0x000024c0        0x0 c:/program files (x86)/cypress/psoc creator/4.2/psoc creator/import/gnu/arm/5.4.1/bin/../lib/gcc/arm-none-eabi/5.4.1/armv7-m/crtbegin.o

.eh_frame_hdr
 *(.eh_frame_hdr)

.eh_frame       0x000024c0        0x4
 *(.eh_frame)
 .eh_frame      0x000024c0        0x0 c:/program files (x86)/cypress/psoc creator/4.2/psoc creator/import/gnu/arm/5.4.1/bin/../lib/gcc/arm-none-eabi/5.4.1/armv7-m/crtbegin.o
 .eh_frame      0x000024c0        0x4 c:/program files (x86)/cypress/psoc creator/4.2/psoc creator/import/gnu/arm/5.4.1/bin/../lib/gcc/arm-none-eabi/5.4.1/armv7-m/crtend.o
                [!provide]                PROVIDE (__exidx_start, .)

.ARM.exidx
 *(.ARM.exidx* .gnu.linkonce.armexidx.*)
                0x000024c4                __exidx_end = .

.rodata         0x000024c4      0x19c
 *(.rodata .rodata.* .gnu.linkonce.r.*)
 .rodata.str1.4
                0x000024c4       0x1c .\CortexM3\ARM_GCC_541\Debug\main.o
 .rodata        0x000024e0       0x3c .\CortexM3\ARM_GCC_541\Debug\cyfitter_cfg.o
                0x000024e0                ADC_DelSig_1_AMux__addrTable
                0x000024e8                ADC_DelSig_1_AMux__maskTable
 .rodata        0x0000251c      0x10a .\CortexM3\ARM_GCC_541\Debug\USB_first.a(USBFS_descr.o)
                0x0000251c                USBFS_TABLE
                0x00002524                USBFS_DEVICE0_TABLE
                0x0000253c                USBFS_DEVICE0_CONFIGURATION0_TABLE
                0x0000255c                USBFS_DEVICE0_CONFIGURATION0_INTERFACE_CLASS
                0x00002560                USBFS_DEVICE0_CONFIGURATION0_EP_SETTINGS_TABLE
                0x00002580                USBFS_STRING_DESCRIPTORS
                0x000025e4                USBFS_DEVICE0_CONFIGURATION0_DESCR
                0x00002614                USBFS_DEVICE0_DESCR
 .rodata.str1.1
                0x00002626        0x2 c:/program files (x86)/cypress/psoc creator/4.2/psoc creator/import/gnu/arm/5.4.1/bin/../lib/gcc/arm-none-eabi/5.4.1/../../../../arm-none-eabi/lib/armv7-m\libg_nano.a(lib_a-impure.o)
                0x00002628                . = ALIGN (0x4)
 *(.init)
 .init          0x00002628        0x4 c:/program files (x86)/cypress/psoc creator/4.2/psoc creator/import/gnu/arm/5.4.1/bin/../lib/gcc/arm-none-eabi/5.4.1/armv7-m/crti.o
                0x00002628                _init
 .init          0x0000262c        0x8 c:/program files (x86)/cypress/psoc creator/4.2/psoc creator/import/gnu/arm/5.4.1/bin/../lib/gcc/arm-none-eabi/5.4.1/armv7-m/crtn.o
                0x00002634                . = ALIGN (0x4)
                0x00002634                __preinit_array_start = .
 *(.preinit_array)
                0x00002634                __preinit_array_end = .
                0x00002634                . = ALIGN (0x4)
                0x00002634                __init_array_start = .
 *(SORT(.init_array.*))
 *(.init_array)
 .init_array    0x00002634        0x4 c:/program files (x86)/cypress/psoc creator/4.2/psoc creator/import/gnu/arm/5.4.1/bin/../lib/gcc/arm-none-eabi/5.4.1/armv7-m/crtbegin.o
 .init_array    0x00002638        0x4 .\CortexM3\ARM_GCC_541\Debug\Cm3Start.o
                0x0000263c                __init_array_end = .
                0x0000263c                . = ALIGN (0x4)
 *(.fini)
 .fini          0x0000263c        0x4 c:/program files (x86)/cypress/psoc creator/4.2/psoc creator/import/gnu/arm/5.4.1/bin/../lib/gcc/arm-none-eabi/5.4.1/armv7-m/crti.o
                0x0000263c                _fini
 .fini          0x00002640        0x8 c:/program files (x86)/cypress/psoc creator/4.2/psoc creator/import/gnu/arm/5.4.1/bin/../lib/gcc/arm-none-eabi/5.4.1/armv7-m/crtn.o
                0x00002648                . = ALIGN (0x4)
                0x00002648                __fini_array_start = .
 *(.fini_array)
 .fini_array    0x00002648        0x4 c:/program files (x86)/cypress/psoc creator/4.2/psoc creator/import/gnu/arm/5.4.1/bin/../lib/gcc/arm-none-eabi/5.4.1/armv7-m/crtbegin.o
 *(SORT(.fini_array.*))
                0x0000264c                __fini_array_end = .
                0x0000264c                . = ALIGN (0x4)
 *crtbegin.o(.ctors)
 *(EXCLUDE_FILE(*crtend.o) .ctors)
 *(SORT(.ctors.*))
 *crtend.o(.ctors)
                0x0000264c                . = ALIGN (0x4)
 *crtbegin.o(.dtors)
 *(EXCLUDE_FILE(*crtend.o) .dtors)
 *(SORT(.dtors.*))
 *crtend.o(.dtors)
                0x0000264c                . = ALIGN (0x4)
                0x0000264c                __cy_regions = .
                0x0000264c        0x4 LONG 0x2660 __cy_region_init_ram
                0x00002650        0x4 LONG 0x1fff80c8 __cy_region_start_data
                0x00002654        0x4 LONG 0x80 __cy_region_init_size_ram
                0x00002658        0x4 LONG 0xb18 __cy_region_zero_size_ram
                0x0000265c                __cy_regions_end = .
                0x00002660                . = ALIGN (0x8)
 *fill*         0x0000265c        0x4 
                0x00002660                _etext = .

.cy_checksum_exclude
                0x00002660        0x0
 *(.cy_checksum_exclude)

.ramvectors     0x1fff8000       0xc0
                0x1fff8000                __cy_region_start_ram = .
 *(.ramvectors)
 .ramvectors    0x1fff8000       0xc0 .\CortexM3\ARM_GCC_541\Debug\Cm3Start.o
                0x1fff8000                CyRamVectors

.noinit         0x1fff80c0        0x1
 *(.noinit)
 .noinit        0x1fff80c0        0x1 .\CortexM3\ARM_GCC_541\Debug\USB_first.a(CyLib.o)
                0x1fff80c0                CyResetStatus

.data           0x1fff80c8       0x80 load address 0x00002660
                0x1fff80c8                __cy_region_start_data = .
 *(.jcr)
 .jcr           0x1fff80c8        0x0 c:/program files (x86)/cypress/psoc creator/4.2/psoc creator/import/gnu/arm/5.4.1/bin/../lib/gcc/arm-none-eabi/5.4.1/armv7-m/crtbegin.o
 .jcr           0x1fff80c8        0x4 c:/program files (x86)/cypress/psoc creator/4.2/psoc creator/import/gnu/arm/5.4.1/bin/../lib/gcc/arm-none-eabi/5.4.1/armv7-m/crtend.o
 *(.got.plt)
 *(.got)
 *(.shdata)
 *(.data .data.* .gnu.linkonce.d.*)
 .data          0x1fff80cc       0x10 .\CortexM3\ARM_GCC_541\Debug\USB_first.a(CyLib.o)
                0x1fff80cc                cydelay_32k_ms
                0x1fff80d0                cydelay_freq_khz
                0x1fff80d4                cydelay_freq_mhz
                0x1fff80d8                cydelay_freq_hz
 .data          0x1fff80dc        0x1 .\CortexM3\ARM_GCC_541\Debug\USB_first.a(ADC_DelSig_1.o)
                0x1fff80dc                ADC_DelSig_1_Config
 .data          0x1fff80dd        0x1 .\CortexM3\ARM_GCC_541\Debug\USB_first.a(ADC_DelSig_1_AMux.o)
 *fill*         0x1fff80de        0x2 
 .data.impure_data
                0x1fff80e0       0x60 c:/program files (x86)/cypress/psoc creator/4.2/psoc creator/import/gnu/arm/5.4.1/bin/../lib/gcc/arm-none-eabi/5.4.1/../../../../arm-none-eabi/lib/armv7-m\libg_nano.a(lib_a-impure.o)
 .data._impure_ptr
                0x1fff8140        0x4 c:/program files (x86)/cypress/psoc creator/4.2/psoc creator/import/gnu/arm/5.4.1/bin/../lib/gcc/arm-none-eabi/5.4.1/../../../../arm-none-eabi/lib/armv7-m\libg_nano.a(lib_a-impure.o)
                0x1fff8140                _impure_ptr
                0x1fff8148                . = ALIGN (0x8)
 *fill*         0x1fff8144        0x4 
 *(.ram)
                0x1fff8148                _edata = .

.igot.plt       0x1fff8148        0x0 load address 0x000026e0
 .igot.plt      0x1fff8148        0x0 c:/program files (x86)/cypress/psoc creator/4.2/psoc creator/import/gnu/arm/5.4.1/bin/../lib/gcc/arm-none-eabi/5.4.1/armv7-m/crtbegin.o

.bss            0x1fff8148      0xb18 load address 0x000026e0
                0x1fff8148                PROVIDE (__bss_start__, .)
 *(.shbss)
 *(.bss .bss.* .gnu.linkonce.b.*)
 .bss           0x1fff8148       0x1c c:/program files (x86)/cypress/psoc creator/4.2/psoc creator/import/gnu/arm/5.4.1/bin/../lib/gcc/arm-none-eabi/5.4.1/armv7-m/crtbegin.o
 .bss           0x1fff8164        0xe .\CortexM3\ARM_GCC_541\Debug\main.o
                0x1fff8164                dumvar1
                0x1fff8168                dumvar3
                0x1fff816c                sample_count
                0x1fff8170                dumvar2
 .bss           0x1fff8172        0x1 .\CortexM3\ARM_GCC_541\Debug\usb.o
 .bss           0x1fff8173        0x1 .\CortexM3\ARM_GCC_541\Debug\USB_first.a(USBFS.o)
                0x1fff8173                USBFS_initVar
 .bss           0x1fff8174        0x2 .\CortexM3\ARM_GCC_541\Debug\USB_first.a(USBFS_std.o)
 *fill*         0x1fff8176        0x2 
 .bss           0x1fff8178       0x18 .\CortexM3\ARM_GCC_541\Debug\USB_first.a(ADC_DelSig_1.o)
                0x1fff8188                ADC_DelSig_1_stopConversion
                0x1fff8189                ADC_DelSig_1_convDone
                0x1fff818a                ADC_DelSig_1_initVar
                0x1fff818b                ADC_DelSig_1_started
                0x1fff818c                ADC_DelSig_1_Offset
 *(COMMON)
 COMMON         0x1fff8190      0xa30 .\CortexM3\ARM_GCC_541\Debug\main.o
                0x1fff8190                usb_s
                0x1fff8224                length
                0x1fff8228                log_s
                0x1fff8b74                i
                0x1fff8b78                buffer
                0x1fff8bb8                main_flag
                0x1fff8bba                analogRead
                0x1fff8bbc                name
 COMMON         0x1fff8bc0       0x98 .\CortexM3\ARM_GCC_541\Debug\USB_first.a(USBFS_drv.o)
                0x1fff8bc0                USBFS_deviceAddress
                0x1fff8bc1                USBFS_ep0Mode
                0x1fff8bc4                USBFS_interfaceSetting
                0x1fff8bc8                USBFS_currentTD
                0x1fff8bd4                USBFS_device
                0x1fff8bd5                USBFS_interfaceNumber
                0x1fff8bd6                USBFS_ep0Toggle
                0x1fff8bd7                USBFS_deviceStatus
                0x1fff8bd8                USBFS_configurationChanged
                0x1fff8bd9                USBFS_configuration
                0x1fff8bda                USBFS_transferState
                0x1fff8bdc                USBFS_interfaceStatus
                0x1fff8be0                USBFS_interfaceClass
                0x1fff8be4                USBFS_EP
                0x1fff8c50                USBFS_lastPacketSize
                0x1fff8c51                USBFS_ep0Count
                0x1fff8c54                USBFS_interfaceSettingLast
                0x1fff8c56                USBFS_transferByteCount
 COMMON         0x1fff8c58        0x4 .\CortexM3\ARM_GCC_541\Debug\USB_first.a(ADC_DelSig_1.o)
                0x1fff8c58                ADC_DelSig_1_CountsPerVolt
                0x1fff8c60                . = ALIGN (0x8)
 *fill*         0x1fff8c5c        0x4 
 *(.ram.b)
                0x1fff8c60                _end = .
                0x1fff8c60                __end = .
                0x1fff8c60                PROVIDE (end, .)
                0x1fff8c60                PROVIDE (__bss_end__, .)
                0x00002660                __cy_region_init_ram = LOADADDR (.data)
                0x00000080                __cy_region_init_size_ram = (_edata - ADDR (.data))
                0x00000b18                __cy_region_zero_size_ram = (_end - _edata)

.heap           0x1fff8c60       0x80 load address 0x000026e0
                0x1fff8c60                . = _end
                0x1fff8ce0                . = (. + 0x80)
 *fill*         0x1fff8c60       0x80 
                0x1fff8ce0                __cy_heap_limit = .

.stack          0x20007800      0x800
                0x20007800                __cy_stack_limit = .
                0x20008000                . = (. + 0x800)
 *fill*         0x20007800      0x800 
                0x00000001                ASSERT ((__cy_stack_limit >= __cy_heap_limit), region RAM overflowed with stack)
                0x00000000                cy_checksum_exclude_size = (CY_APPL_LOADABLE == 0x1)?SIZEOF (.cy_checksum_exclude):0x0
                0x00000001                ASSERT ((cy_checksum_exclude_size <= CY_CHECKSUM_EXCLUDE_SIZE), CY_BOOT: Section .cy_checksum_exclude size exceedes specified limit.)

.cyloadermeta
 *(.cyloadermeta)

.cyloadablemeta
 *(.cyloadablemeta)

.cyconfigecc    0x80000000      0x118
 *(.cyconfigecc)
 .cyconfigecc   0x80000000      0x118 .\CortexM3\ARM_GCC_541\Debug\cymetadata.o
                0x80000000                cy_meta_configecc

.cycustnvl      0x90000000        0x4
 *(.cycustnvl)
 .cycustnvl     0x90000000        0x4 .\CortexM3\ARM_GCC_541\Debug\cymetadata.o
                0x90000000                cy_meta_custnvl

.cywolatch      0x90100000        0x4
 *(.cywolatch)
 .cywolatch     0x90100000        0x4 .\CortexM3\ARM_GCC_541\Debug\cymetadata.o
                0x90100000                cy_meta_wonvl

.cyeeprom       0x90200000        0x0
 *(.cyeeprom)
                0x00000001                ASSERT ((. <= ((0x90200000 + ee_offset) + ee_size)), .cyeeprom data will not fit in EEPROM)

.cyflashprotect
                0x90400000      0x100
 *(.cyflashprotect)
 .cyflashprotect
                0x90400000      0x100 .\CortexM3\ARM_GCC_541\Debug\cymetadata.o
                0x90400000                cy_meta_flashprotect

.cymeta         0x90500000        0xc
 *(.cymeta)
 .cymeta        0x90500000        0xc .\CortexM3\ARM_GCC_541\Debug\cymetadata.o
                0x90500000                cy_metadata

.rel.dyn        0x000026e0        0x0 load address 0x9050000c
 .rel.iplt      0x000026e0        0x0 c:/program files (x86)/cypress/psoc creator/4.2/psoc creator/import/gnu/arm/5.4.1/bin/../lib/gcc/arm-none-eabi/5.4.1/armv7-m/crtbegin.o

.stab
 *(.stab)

.stabstr
 *(.stabstr)

.debug
 *(.debug)

.line
 *(.line)

.debug_srcinfo
 *(.debug_srcinfo)

.debug_sfnames
 *(.debug_sfnames)

.debug_aranges  0x00000000      0xbb8
 *(.debug_aranges)
 .debug_aranges
                0x00000000       0x20 .\CortexM3\ARM_GCC_541\Debug\main.o
 .debug_aranges
                0x00000020       0x70 .\CortexM3\ARM_GCC_541\Debug\datalogger.o
 .debug_aranges
                0x00000090       0x48 .\CortexM3\ARM_GCC_541\Debug\usb.o
 .debug_aranges
                0x000000d8       0x68 .\CortexM3\ARM_GCC_541\Debug\cyfitter_cfg.o
 .debug_aranges
                0x00000140       0x18 .\CortexM3\ARM_GCC_541\Debug\cymetadata.o
 .debug_aranges
                0x00000158       0x48 .\CortexM3\ARM_GCC_541\Debug\Cm3Start.o
 .debug_aranges
                0x000001a0       0xc8 .\CortexM3\ARM_GCC_541\Debug\USB_first.a(USBFS.o)
 .debug_aranges
                0x00000268       0x98 .\CortexM3\ARM_GCC_541\Debug\USB_first.a(USBFS_drv.o)
 .debug_aranges
                0x00000300       0x40 .\CortexM3\ARM_GCC_541\Debug\USB_first.a(USBFS_episr.o)
 .debug_aranges
                0x00000340       0x40 .\CortexM3\ARM_GCC_541\Debug\USB_first.a(USBFS_pm.o)
 .debug_aranges
                0x00000380       0x78 .\CortexM3\ARM_GCC_541\Debug\USB_first.a(USBFS_std.o)
 .debug_aranges
                0x000003f8       0x20 .\CortexM3\ARM_GCC_541\Debug\USB_first.a(USBFS_vnd.o)
 .debug_aranges
                0x00000418       0x48 .\CortexM3\ARM_GCC_541\Debug\USB_first.a(USBFS_Dp.o)
 .debug_aranges
                0x00000460      0x2a0 .\CortexM3\ARM_GCC_541\Debug\USB_first.a(CyLib.o)
 .debug_aranges
                0x00000700       0x98 .\CortexM3\ARM_GCC_541\Debug\USB_first.a(cyPm.o)
 .debug_aranges
                0x00000798       0xe8 .\CortexM3\ARM_GCC_541\Debug\USB_first.a(ADC_DelSig_1.o)
 .debug_aranges
                0x00000880       0x38 .\CortexM3\ARM_GCC_541\Debug\USB_first.a(ADC_DelSig_1_INT.o)
 .debug_aranges
                0x000008b8       0x30 .\CortexM3\ARM_GCC_541\Debug\USB_first.a(ADC_DelSig_1_AMux.o)
 .debug_aranges
                0x000008e8       0x70 .\CortexM3\ARM_GCC_541\Debug\USB_first.a(ADC_DelSig_1_Ext_CP_Clk.o)
 .debug_aranges
                0x00000958       0x80 .\CortexM3\ARM_GCC_541\Debug\USB_first.a(ADC_DelSig_1_theACLK.o)
 .debug_aranges
                0x000009d8       0x80 .\CortexM3\ARM_GCC_541\Debug\USB_first.a(Loop_Interrupt.o)
 .debug_aranges
                0x00000a58       0x20 .\CortexM3\ARM_GCC_541\Debug\USB_first.a(CyBootAsmGnu.o)
 .debug_aranges
                0x00000a78       0x20 .\CortexM3\ARM_GCC_541\Debug\USB_first.a(USBFS_cls.o)
 .debug_aranges
                0x00000a98       0x18 .\CortexM3\ARM_GCC_541\Debug\USB_first.a(USBFS_descr.o)
 .debug_aranges
                0x00000ab0       0x88 .\CortexM3\ARM_GCC_541\Debug\USB_first.a(CyFlash.o)
 .debug_aranges
                0x00000b38       0x80 .\CortexM3\ARM_GCC_541\Debug\USB_first.a(CySpc.o)

.debug_pubnames
 *(.debug_pubnames)

.debug_info     0x00000000     0x8103
 *(.debug_info .gnu.linkonce.wi.*)
 .debug_info    0x00000000      0x5e8 .\CortexM3\ARM_GCC_541\Debug\main.o
 .debug_info    0x000005e8      0x6c2 .\CortexM3\ARM_GCC_541\Debug\datalogger.o
 .debug_info    0x00000caa      0x414 .\CortexM3\ARM_GCC_541\Debug\usb.o
 .debug_info    0x000010be      0x5c0 .\CortexM3\ARM_GCC_541\Debug\cyfitter_cfg.o
 .debug_info    0x0000167e      0x135 .\CortexM3\ARM_GCC_541\Debug\cymetadata.o
 .debug_info    0x000017b3      0x3bb .\CortexM3\ARM_GCC_541\Debug\Cm3Start.o
 .debug_info    0x00001b6e      0x993 .\CortexM3\ARM_GCC_541\Debug\USB_first.a(USBFS.o)
 .debug_info    0x00002501      0x655 .\CortexM3\ARM_GCC_541\Debug\USB_first.a(USBFS_drv.o)
 .debug_info    0x00002b56      0x254 .\CortexM3\ARM_GCC_541\Debug\USB_first.a(USBFS_episr.o)
 .debug_info    0x00002daa      0x2e4 .\CortexM3\ARM_GCC_541\Debug\USB_first.a(USBFS_pm.o)
 .debug_info    0x0000308e      0x9ed .\CortexM3\ARM_GCC_541\Debug\USB_first.a(USBFS_std.o)
 .debug_info    0x00003a7b       0xed .\CortexM3\ARM_GCC_541\Debug\USB_first.a(USBFS_vnd.o)
 .debug_info    0x00003b68      0x174 .\CortexM3\ARM_GCC_541\Debug\USB_first.a(USBFS_Dp.o)
 .debug_info    0x00003cdc     0x1374 .\CortexM3\ARM_GCC_541\Debug\USB_first.a(CyLib.o)
 .debug_info    0x00005050      0xa2a .\CortexM3\ARM_GCC_541\Debug\USB_first.a(cyPm.o)
 .debug_info    0x00005a7a      0xbed .\CortexM3\ARM_GCC_541\Debug\USB_first.a(ADC_DelSig_1.o)
 .debug_info    0x00006667       0xd3 .\CortexM3\ARM_GCC_541\Debug\USB_first.a(ADC_DelSig_1_INT.o)
 .debug_info    0x0000673a      0x165 .\CortexM3\ARM_GCC_541\Debug\USB_first.a(ADC_DelSig_1_AMux.o)
 .debug_info    0x0000689f      0x283 .\CortexM3\ARM_GCC_541\Debug\USB_first.a(ADC_DelSig_1_Ext_CP_Clk.o)
 .debug_info    0x00006b22      0x2c4 .\CortexM3\ARM_GCC_541\Debug\USB_first.a(ADC_DelSig_1_theACLK.o)
 .debug_info    0x00006de6      0x2dd .\CortexM3\ARM_GCC_541\Debug\USB_first.a(Loop_Interrupt.o)
 .debug_info    0x000070c3       0x8b .\CortexM3\ARM_GCC_541\Debug\USB_first.a(CyBootAsmGnu.o)
 .debug_info    0x0000714e      0x1ad .\CortexM3\ARM_GCC_541\Debug\USB_first.a(USBFS_cls.o)
 .debug_info    0x000072fb      0x26b .\CortexM3\ARM_GCC_541\Debug\USB_first.a(USBFS_descr.o)
 .debug_info    0x00007566      0x64d .\CortexM3\ARM_GCC_541\Debug\USB_first.a(CyFlash.o)
 .debug_info    0x00007bb3      0x550 .\CortexM3\ARM_GCC_541\Debug\USB_first.a(CySpc.o)

.debug_abbrev   0x00000000     0x214d
 *(.debug_abbrev)
 .debug_abbrev  0x00000000      0x177 .\CortexM3\ARM_GCC_541\Debug\main.o
 .debug_abbrev  0x00000177      0x1f0 .\CortexM3\ARM_GCC_541\Debug\datalogger.o
 .debug_abbrev  0x00000367      0x147 .\CortexM3\ARM_GCC_541\Debug\usb.o
 .debug_abbrev  0x000004ae      0x21e .\CortexM3\ARM_GCC_541\Debug\cyfitter_cfg.o
 .debug_abbrev  0x000006cc       0x66 .\CortexM3\ARM_GCC_541\Debug\cymetadata.o
 .debug_abbrev  0x00000732      0x1e8 .\CortexM3\ARM_GCC_541\Debug\Cm3Start.o
 .debug_abbrev  0x0000091a      0x215 .\CortexM3\ARM_GCC_541\Debug\USB_first.a(USBFS.o)
 .debug_abbrev  0x00000b2f      0x189 .\CortexM3\ARM_GCC_541\Debug\USB_first.a(USBFS_drv.o)
 .debug_abbrev  0x00000cb8      0x11b .\CortexM3\ARM_GCC_541\Debug\USB_first.a(USBFS_episr.o)
 .debug_abbrev  0x00000dd3      0x108 .\CortexM3\ARM_GCC_541\Debug\USB_first.a(USBFS_pm.o)
 .debug_abbrev  0x00000edb      0x1d8 .\CortexM3\ARM_GCC_541\Debug\USB_first.a(USBFS_std.o)
 .debug_abbrev  0x000010b3       0x9b .\CortexM3\ARM_GCC_541\Debug\USB_first.a(USBFS_vnd.o)
 .debug_abbrev  0x0000114e       0x90 .\CortexM3\ARM_GCC_541\Debug\USB_first.a(USBFS_Dp.o)
 .debug_abbrev  0x000011de      0x254 .\CortexM3\ARM_GCC_541\Debug\USB_first.a(CyLib.o)
 .debug_abbrev  0x00001432      0x1ab .\CortexM3\ARM_GCC_541\Debug\USB_first.a(cyPm.o)
 .debug_abbrev  0x000015dd      0x1eb .\CortexM3\ARM_GCC_541\Debug\USB_first.a(ADC_DelSig_1.o)
 .debug_abbrev  0x000017c8       0x42 .\CortexM3\ARM_GCC_541\Debug\USB_first.a(ADC_DelSig_1_INT.o)
 .debug_abbrev  0x0000180a       0xb1 .\CortexM3\ARM_GCC_541\Debug\USB_first.a(ADC_DelSig_1_AMux.o)
 .debug_abbrev  0x000018bb      0x139 .\CortexM3\ARM_GCC_541\Debug\USB_first.a(ADC_DelSig_1_Ext_CP_Clk.o)
 .debug_abbrev  0x000019f4      0x121 .\CortexM3\ARM_GCC_541\Debug\USB_first.a(ADC_DelSig_1_theACLK.o)
 .debug_abbrev  0x00001b15      0x184 .\CortexM3\ARM_GCC_541\Debug\USB_first.a(Loop_Interrupt.o)
 .debug_abbrev  0x00001c99       0x14 .\CortexM3\ARM_GCC_541\Debug\USB_first.a(CyBootAsmGnu.o)
 .debug_abbrev  0x00001cad       0xc2 .\CortexM3\ARM_GCC_541\Debug\USB_first.a(USBFS_cls.o)
 .debug_abbrev  0x00001d6f       0xa3 .\CortexM3\ARM_GCC_541\Debug\USB_first.a(USBFS_descr.o)
 .debug_abbrev  0x00001e12      0x1a7 .\CortexM3\ARM_GCC_541\Debug\USB_first.a(CyFlash.o)
 .debug_abbrev  0x00001fb9      0x194 .\CortexM3\ARM_GCC_541\Debug\USB_first.a(CySpc.o)

.debug_line     0x00000000     0x32cb
 *(.debug_line)
 .debug_line    0x00000000      0x1c6 .\CortexM3\ARM_GCC_541\Debug\main.o
 .debug_line    0x000001c6      0x335 .\CortexM3\ARM_GCC_541\Debug\datalogger.o
 .debug_line    0x000004fb      0x21c .\CortexM3\ARM_GCC_541\Debug\usb.o
 .debug_line    0x00000717      0x204 .\CortexM3\ARM_GCC_541\Debug\cyfitter_cfg.o
 .debug_line    0x0000091b      0x141 .\CortexM3\ARM_GCC_541\Debug\cymetadata.o
 .debug_line    0x00000a5c      0x234 .\CortexM3\ARM_GCC_541\Debug\Cm3Start.o
 .debug_line    0x00000c90      0x2d3 .\CortexM3\ARM_GCC_541\Debug\USB_first.a(USBFS.o)
 .debug_line    0x00000f63      0x21b .\CortexM3\ARM_GCC_541\Debug\USB_first.a(USBFS_drv.o)
 .debug_line    0x0000117e       0xea .\CortexM3\ARM_GCC_541\Debug\USB_first.a(USBFS_episr.o)
 .debug_line    0x00001268      0x106 .\CortexM3\ARM_GCC_541\Debug\USB_first.a(USBFS_pm.o)
 .debug_line    0x0000136e      0x366 .\CortexM3\ARM_GCC_541\Debug\USB_first.a(USBFS_std.o)
 .debug_line    0x000016d4       0x6f .\CortexM3\ARM_GCC_541\Debug\USB_first.a(USBFS_vnd.o)
 .debug_line    0x00001743       0xb9 .\CortexM3\ARM_GCC_541\Debug\USB_first.a(USBFS_Dp.o)
 .debug_line    0x000017fc      0x816 .\CortexM3\ARM_GCC_541\Debug\USB_first.a(CyLib.o)
 .debug_line    0x00002012      0x367 .\CortexM3\ARM_GCC_541\Debug\USB_first.a(cyPm.o)
 .debug_line    0x00002379      0x3ee .\CortexM3\ARM_GCC_541\Debug\USB_first.a(ADC_DelSig_1.o)
 .debug_line    0x00002767       0x89 .\CortexM3\ARM_GCC_541\Debug\USB_first.a(ADC_DelSig_1_INT.o)
 .debug_line    0x000027f0       0xb5 .\CortexM3\ARM_GCC_541\Debug\USB_first.a(ADC_DelSig_1_AMux.o)
 .debug_line    0x000028a5      0x186 .\CortexM3\ARM_GCC_541\Debug\USB_first.a(ADC_DelSig_1_Ext_CP_Clk.o)
 .debug_line    0x00002a2b      0x1a6 .\CortexM3\ARM_GCC_541\Debug\USB_first.a(ADC_DelSig_1_theACLK.o)
 .debug_line    0x00002bd1      0x13c .\CortexM3\ARM_GCC_541\Debug\USB_first.a(Loop_Interrupt.o)
 .debug_line    0x00002d0d       0x66 .\CortexM3\ARM_GCC_541\Debug\USB_first.a(CyBootAsmGnu.o)
 .debug_line    0x00002d73       0x81 .\CortexM3\ARM_GCC_541\Debug\USB_first.a(USBFS_cls.o)
 .debug_line    0x00002df4       0x5d .\CortexM3\ARM_GCC_541\Debug\USB_first.a(USBFS_descr.o)
 .debug_line    0x00002e51      0x21a .\CortexM3\ARM_GCC_541\Debug\USB_first.a(CyFlash.o)
 .debug_line    0x0000306b      0x260 .\CortexM3\ARM_GCC_541\Debug\USB_first.a(CySpc.o)

.debug_frame    0x00000000     0x1d4c
 *(.debug_frame)
 .debug_frame   0x00000000       0x2c .\CortexM3\ARM_GCC_541\Debug\main.o
 .debug_frame   0x0000002c      0x128 .\CortexM3\ARM_GCC_541\Debug\datalogger.o
 .debug_frame   0x00000154       0xa8 .\CortexM3\ARM_GCC_541\Debug\usb.o
 .debug_frame   0x000001fc      0x100 .\CortexM3\ARM_GCC_541\Debug\cyfitter_cfg.o
 .debug_frame   0x000002fc       0xb8 .\CortexM3\ARM_GCC_541\Debug\Cm3Start.o
 .debug_frame   0x000003b4      0x1dc .\CortexM3\ARM_GCC_541\Debug\USB_first.a(USBFS.o)
 .debug_frame   0x00000590      0x194 .\CortexM3\ARM_GCC_541\Debug\USB_first.a(USBFS_drv.o)
 .debug_frame   0x00000724       0x6c .\CortexM3\ARM_GCC_541\Debug\USB_first.a(USBFS_episr.o)
 .debug_frame   0x00000790       0xa0 .\CortexM3\ARM_GCC_541\Debug\USB_first.a(USBFS_pm.o)
 .debug_frame   0x00000830      0x150 .\CortexM3\ARM_GCC_541\Debug\USB_first.a(USBFS_std.o)
 .debug_frame   0x00000980       0x20 .\CortexM3\ARM_GCC_541\Debug\USB_first.a(USBFS_vnd.o)
 .debug_frame   0x000009a0       0x70 .\CortexM3\ARM_GCC_541\Debug\USB_first.a(USBFS_Dp.o)
 .debug_frame   0x00000a10      0x738 .\CortexM3\ARM_GCC_541\Debug\USB_first.a(CyLib.o)
 .debug_frame   0x00001148      0x1f8 .\CortexM3\ARM_GCC_541\Debug\USB_first.a(cyPm.o)
 .debug_frame   0x00001340      0x284 .\CortexM3\ARM_GCC_541\Debug\USB_first.a(ADC_DelSig_1.o)
 .debug_frame   0x000015c4       0x50 .\CortexM3\ARM_GCC_541\Debug\USB_first.a(ADC_DelSig_1_INT.o)
 .debug_frame   0x00001614       0x64 .\CortexM3\ARM_GCC_541\Debug\USB_first.a(ADC_DelSig_1_AMux.o)
 .debug_frame   0x00001678       0xe0 .\CortexM3\ARM_GCC_541\Debug\USB_first.a(ADC_DelSig_1_Ext_CP_Clk.o)
 .debug_frame   0x00001758      0x100 .\CortexM3\ARM_GCC_541\Debug\USB_first.a(ADC_DelSig_1_theACLK.o)
 .debug_frame   0x00001858      0x104 .\CortexM3\ARM_GCC_541\Debug\USB_first.a(Loop_Interrupt.o)
 .debug_frame   0x0000195c       0x20 .\CortexM3\ARM_GCC_541\Debug\USB_first.a(USBFS_cls.o)
 .debug_frame   0x0000197c      0x194 .\CortexM3\ARM_GCC_541\Debug\USB_first.a(CyFlash.o)
 .debug_frame   0x00001b10      0x180 .\CortexM3\ARM_GCC_541\Debug\USB_first.a(CySpc.o)
 .debug_frame   0x00001c90       0x20 c:/program files (x86)/cypress/psoc creator/4.2/psoc creator/import/gnu/arm/5.4.1/bin/../lib/gcc/arm-none-eabi/5.4.1/../../../../arm-none-eabi/lib/armv7-m\libg_nano.a(lib_a-errno.o)
 .debug_frame   0x00001cb0       0x28 c:/program files (x86)/cypress/psoc creator/4.2/psoc creator/import/gnu/arm/5.4.1/bin/../lib/gcc/arm-none-eabi/5.4.1/../../../../arm-none-eabi/lib/armv7-m\libg_nano.a(lib_a-exit.o)
 .debug_frame   0x00001cd8       0x2c c:/program files (x86)/cypress/psoc creator/4.2/psoc creator/import/gnu/arm/5.4.1/bin/../lib/gcc/arm-none-eabi/5.4.1/../../../../arm-none-eabi/lib/armv7-m\libg_nano.a(lib_a-init.o)
 .debug_frame   0x00001d04       0x28 c:/program files (x86)/cypress/psoc creator/4.2/psoc creator/import/gnu/arm/5.4.1/bin/../lib/gcc/arm-none-eabi/5.4.1/../../../../arm-none-eabi/lib/armv7-m\libg_nano.a(lib_a-memcpy-stub.o)
 .debug_frame   0x00001d2c       0x20 c:/program files (x86)/cypress/psoc creator/4.2/psoc creator/import/gnu/arm/5.4.1/bin/../lib/gcc/arm-none-eabi/5.4.1/../../../../arm-none-eabi/lib/armv7-m\libg_nano.a(lib_a-memset.o)

.debug_str      0x00000000     0x2ccf
 *(.debug_str)
 .debug_str     0x00000000      0x3c9 .\CortexM3\ARM_GCC_541\Debug\main.o
                                0x455 (size before relaxing)
 .debug_str     0x000003c9       0x85 .\CortexM3\ARM_GCC_541\Debug\datalogger.o
                                0x3e4 (size before relaxing)
 .debug_str     0x0000044e       0x9e .\CortexM3\ARM_GCC_541\Debug\usb.o
                                0x31e (size before relaxing)
 .debug_str     0x000004ec      0x213 .\CortexM3\ARM_GCC_541\Debug\cyfitter_cfg.o
                                0x37a (size before relaxing)
 .debug_str     0x000006ff       0x7f .\CortexM3\ARM_GCC_541\Debug\cymetadata.o
                                0x1df (size before relaxing)
 .debug_str     0x0000077e      0x13f .\CortexM3\ARM_GCC_541\Debug\Cm3Start.o
                                0x305 (size before relaxing)
 .debug_str     0x000008bd      0x3d8 .\CortexM3\ARM_GCC_541\Debug\USB_first.a(USBFS.o)
                                0x628 (size before relaxing)
 .debug_str     0x00000c95      0x31c .\CortexM3\ARM_GCC_541\Debug\USB_first.a(USBFS_drv.o)
                                0x602 (size before relaxing)
 .debug_str     0x00000fb1       0x75 .\CortexM3\ARM_GCC_541\Debug\USB_first.a(USBFS_episr.o)
                                0x2d8 (size before relaxing)
 .debug_str     0x00001026       0xbe .\CortexM3\ARM_GCC_541\Debug\USB_first.a(USBFS_pm.o)
                                0x2e6 (size before relaxing)
 .debug_str     0x000010e4      0x225 .\CortexM3\ARM_GCC_541\Debug\USB_first.a(USBFS_std.o)
                                0x6dc (size before relaxing)
 .debug_str     0x00001309       0x23 .\CortexM3\ARM_GCC_541\Debug\USB_first.a(USBFS_vnd.o)
                                0x1f5 (size before relaxing)
 .debug_str     0x0000132c       0x98 .\CortexM3\ARM_GCC_541\Debug\USB_first.a(USBFS_Dp.o)
                                0x22e (size before relaxing)
 .debug_str     0x000013c4      0x7f2 .\CortexM3\ARM_GCC_541\Debug\USB_first.a(CyLib.o)
                                0xa42 (size before relaxing)
 .debug_str     0x00001bb6      0x365 .\CortexM3\ARM_GCC_541\Debug\USB_first.a(cyPm.o)
                                0x72e (size before relaxing)
 .debug_str     0x00001f1b      0x47c .\CortexM3\ARM_GCC_541\Debug\USB_first.a(ADC_DelSig_1.o)
                                0x735 (size before relaxing)
 .debug_str     0x00002397       0x72 .\CortexM3\ARM_GCC_541\Debug\USB_first.a(ADC_DelSig_1_INT.o)
                                0x1e8 (size before relaxing)
 .debug_str     0x00002409       0x83 .\CortexM3\ARM_GCC_541\Debug\USB_first.a(ADC_DelSig_1_AMux.o)
                                0x239 (size before relaxing)
 .debug_str     0x0000248c      0x1c7 .\CortexM3\ARM_GCC_541\Debug\USB_first.a(ADC_DelSig_1_Ext_CP_Clk.o)
                                0x3a9 (size before relaxing)
 .debug_str     0x00002653      0x1bb .\CortexM3\ARM_GCC_541\Debug\USB_first.a(ADC_DelSig_1_theACLK.o)
                                0x3da (size before relaxing)
 .debug_str     0x0000280e      0x14f .\CortexM3\ARM_GCC_541\Debug\USB_first.a(Loop_Interrupt.o)
                                0x329 (size before relaxing)
 .debug_str     0x0000295d       0x23 .\CortexM3\ARM_GCC_541\Debug\USB_first.a(USBFS_cls.o)
                                0x27c (size before relaxing)
 .debug_str     0x00002980       0xef .\CortexM3\ARM_GCC_541\Debug\USB_first.a(USBFS_descr.o)
                                0x30d (size before relaxing)
 .debug_str     0x00002a6f      0x1b4 .\CortexM3\ARM_GCC_541\Debug\USB_first.a(CyFlash.o)
                                0x3bb (size before relaxing)
 .debug_str     0x00002c23       0xac .\CortexM3\ARM_GCC_541\Debug\USB_first.a(CySpc.o)
                                0x333 (size before relaxing)

.debug_loc      0x00000000     0x390f
 *(.debug_loc)
 .debug_loc     0x00000000      0x578 .\CortexM3\ARM_GCC_541\Debug\datalogger.o
 .debug_loc     0x00000578      0x153 .\CortexM3\ARM_GCC_541\Debug\usb.o
 .debug_loc     0x000006cb      0x219 .\CortexM3\ARM_GCC_541\Debug\cyfitter_cfg.o
 .debug_loc     0x000008e4      0x144 .\CortexM3\ARM_GCC_541\Debug\Cm3Start.o
 .debug_loc     0x00000a28      0x3e1 .\CortexM3\ARM_GCC_541\Debug\USB_first.a(USBFS.o)
 .debug_loc     0x00000e09      0x171 .\CortexM3\ARM_GCC_541\Debug\USB_first.a(USBFS_drv.o)
 .debug_loc     0x00000f7a       0x26 .\CortexM3\ARM_GCC_541\Debug\USB_first.a(USBFS_pm.o)
 .debug_loc     0x00000fa0      0x883 .\CortexM3\ARM_GCC_541\Debug\USB_first.a(USBFS_std.o)
 .debug_loc     0x00001823       0x84 .\CortexM3\ARM_GCC_541\Debug\USB_first.a(USBFS_Dp.o)
 .debug_loc     0x000018a7      0xa11 .\CortexM3\ARM_GCC_541\Debug\USB_first.a(CyLib.o)
 .debug_loc     0x000022b8      0x1e4 .\CortexM3\ARM_GCC_541\Debug\USB_first.a(cyPm.o)
 .debug_loc     0x0000249c      0x681 .\CortexM3\ARM_GCC_541\Debug\USB_first.a(ADC_DelSig_1.o)
 .debug_loc     0x00002b1d       0x6c .\CortexM3\ARM_GCC_541\Debug\USB_first.a(ADC_DelSig_1_AMux.o)
 .debug_loc     0x00002b89      0x12c .\CortexM3\ARM_GCC_541\Debug\USB_first.a(ADC_DelSig_1_Ext_CP_Clk.o)
 .debug_loc     0x00002cb5      0x14d .\CortexM3\ARM_GCC_541\Debug\USB_first.a(ADC_DelSig_1_theACLK.o)
 .debug_loc     0x00002e02       0x56 .\CortexM3\ARM_GCC_541\Debug\USB_first.a(Loop_Interrupt.o)
 .debug_loc     0x00002e58      0x3b2 .\CortexM3\ARM_GCC_541\Debug\USB_first.a(CyFlash.o)
 .debug_loc     0x0000320a      0x705 .\CortexM3\ARM_GCC_541\Debug\USB_first.a(CySpc.o)

.debug_macinfo
 *(.debug_macinfo)

.debug_ranges   0x00000000      0xa10
 *(.debug_ranges)
 .debug_ranges  0x00000000       0x10 .\CortexM3\ARM_GCC_541\Debug\main.o
 .debug_ranges  0x00000010       0x60 .\CortexM3\ARM_GCC_541\Debug\datalogger.o
 .debug_ranges  0x00000070       0x38 .\CortexM3\ARM_GCC_541\Debug\usb.o
 .debug_ranges  0x000000a8       0x58 .\CortexM3\ARM_GCC_541\Debug\cyfitter_cfg.o
 .debug_ranges  0x00000100       0x38 .\CortexM3\ARM_GCC_541\Debug\Cm3Start.o
 .debug_ranges  0x00000138       0xd0 .\CortexM3\ARM_GCC_541\Debug\USB_first.a(USBFS.o)
 .debug_ranges  0x00000208       0x88 .\CortexM3\ARM_GCC_541\Debug\USB_first.a(USBFS_drv.o)
 .debug_ranges  0x00000290       0x30 .\CortexM3\ARM_GCC_541\Debug\USB_first.a(USBFS_episr.o)
 .debug_ranges  0x000002c0       0x30 .\CortexM3\ARM_GCC_541\Debug\USB_first.a(USBFS_pm.o)
 .debug_ranges  0x000002f0       0x68 .\CortexM3\ARM_GCC_541\Debug\USB_first.a(USBFS_std.o)
 .debug_ranges  0x00000358       0x10 .\CortexM3\ARM_GCC_541\Debug\USB_first.a(USBFS_vnd.o)
 .debug_ranges  0x00000368       0x38 .\CortexM3\ARM_GCC_541\Debug\USB_first.a(USBFS_Dp.o)
 .debug_ranges  0x000003a0      0x290 .\CortexM3\ARM_GCC_541\Debug\USB_first.a(CyLib.o)
 .debug_ranges  0x00000630       0x88 .\CortexM3\ARM_GCC_541\Debug\USB_first.a(cyPm.o)
 .debug_ranges  0x000006b8       0xd8 .\CortexM3\ARM_GCC_541\Debug\USB_first.a(ADC_DelSig_1.o)
 .debug_ranges  0x00000790       0x28 .\CortexM3\ARM_GCC_541\Debug\USB_first.a(ADC_DelSig_1_INT.o)
 .debug_ranges  0x000007b8       0x20 .\CortexM3\ARM_GCC_541\Debug\USB_first.a(ADC_DelSig_1_AMux.o)
 .debug_ranges  0x000007d8       0x60 .\CortexM3\ARM_GCC_541\Debug\USB_first.a(ADC_DelSig_1_Ext_CP_Clk.o)
 .debug_ranges  0x00000838       0x70 .\CortexM3\ARM_GCC_541\Debug\USB_first.a(ADC_DelSig_1_theACLK.o)
 .debug_ranges  0x000008a8       0x70 .\CortexM3\ARM_GCC_541\Debug\USB_first.a(Loop_Interrupt.o)
 .debug_ranges  0x00000918       0x10 .\CortexM3\ARM_GCC_541\Debug\USB_first.a(USBFS_cls.o)
 .debug_ranges  0x00000928       0x78 .\CortexM3\ARM_GCC_541\Debug\USB_first.a(CyFlash.o)
 .debug_ranges  0x000009a0       0x70 .\CortexM3\ARM_GCC_541\Debug\USB_first.a(CySpc.o)

.comment        0x00000000       0x6e
 .comment       0x00000000       0x6e .\CortexM3\ARM_GCC_541\Debug\main.o
                                 0x6f (size before relaxing)
 .comment       0x0000006e       0x6f .\CortexM3\ARM_GCC_541\Debug\datalogger.o
 .comment       0x0000006e       0x6f .\CortexM3\ARM_GCC_541\Debug\usb.o
 .comment       0x0000006e       0x6f .\CortexM3\ARM_GCC_541\Debug\cyfitter_cfg.o
 .comment       0x0000006e       0x6f .\CortexM3\ARM_GCC_541\Debug\cymetadata.o
 .comment       0x0000006e       0x6f .\CortexM3\ARM_GCC_541\Debug\Cm3Start.o
 .comment       0x0000006e       0x6f .\CortexM3\ARM_GCC_541\Debug\USB_first.a(USBFS.o)
 .comment       0x0000006e       0x6f .\CortexM3\ARM_GCC_541\Debug\USB_first.a(USBFS_drv.o)
 .comment       0x0000006e       0x6f .\CortexM3\ARM_GCC_541\Debug\USB_first.a(USBFS_episr.o)
 .comment       0x0000006e       0x6f .\CortexM3\ARM_GCC_541\Debug\USB_first.a(USBFS_pm.o)
 .comment       0x0000006e       0x6f .\CortexM3\ARM_GCC_541\Debug\USB_first.a(USBFS_std.o)
 .comment       0x0000006e       0x6f .\CortexM3\ARM_GCC_541\Debug\USB_first.a(USBFS_vnd.o)
 .comment       0x0000006e       0x6f .\CortexM3\ARM_GCC_541\Debug\USB_first.a(USBFS_Dp.o)
 .comment       0x0000006e       0x6f .\CortexM3\ARM_GCC_541\Debug\USB_first.a(CyLib.o)
 .comment       0x0000006e       0x6f .\CortexM3\ARM_GCC_541\Debug\USB_first.a(cyPm.o)
 .comment       0x0000006e       0x6f .\CortexM3\ARM_GCC_541\Debug\USB_first.a(ADC_DelSig_1.o)
 .comment       0x0000006e       0x6f .\CortexM3\ARM_GCC_541\Debug\USB_first.a(ADC_DelSig_1_INT.o)
 .comment       0x0000006e       0x6f .\CortexM3\ARM_GCC_541\Debug\USB_first.a(ADC_DelSig_1_AMux.o)
 .comment       0x0000006e       0x6f .\CortexM3\ARM_GCC_541\Debug\USB_first.a(ADC_DelSig_1_Ext_CP_Clk.o)
 .comment       0x0000006e       0x6f .\CortexM3\ARM_GCC_541\Debug\USB_first.a(ADC_DelSig_1_theACLK.o)
 .comment       0x0000006e       0x6f .\CortexM3\ARM_GCC_541\Debug\USB_first.a(Loop_Interrupt.o)
 .comment       0x0000006e       0x6f .\CortexM3\ARM_GCC_541\Debug\USB_first.a(USBFS_cls.o)
 .comment       0x0000006e       0x6f .\CortexM3\ARM_GCC_541\Debug\USB_first.a(USBFS_descr.o)
 .comment       0x0000006e       0x6f .\CortexM3\ARM_GCC_541\Debug\USB_first.a(CyFlash.o)
 .comment       0x0000006e       0x6f .\CortexM3\ARM_GCC_541\Debug\USB_first.a(CySpc.o)

.debug_weaknames
 *(.debug_weaknames)

.debug_funcnames
 *(.debug_funcnames)

.debug_typenames
 *(.debug_typenames)

.debug_varnames
 *(.debug_varnames)

.note.gnu.arm.ident
 *(.note.gnu.arm.ident)

.ARM.attributes
                0x00000000       0x29
 *(.ARM.attributes)
 .ARM.attributes
                0x00000000       0x1d c:/program files (x86)/cypress/psoc creator/4.2/psoc creator/import/gnu/arm/5.4.1/bin/../lib/gcc/arm-none-eabi/5.4.1/armv7-m/crti.o
 .ARM.attributes
                0x0000001d       0x2d c:/program files (x86)/cypress/psoc creator/4.2/psoc creator/import/gnu/arm/5.4.1/bin/../lib/gcc/arm-none-eabi/5.4.1/armv7-m/crtbegin.o
 .ARM.attributes
                0x0000004a       0x1b c:/program files (x86)/cypress/psoc creator/4.2/psoc creator/import/gnu/arm/5.4.1/bin/../lib/gcc/arm-none-eabi/5.4.1/../../../../arm-none-eabi/lib/armv7-m/crt0.o
 .ARM.attributes
                0x00000065       0x33 .\CortexM3\ARM_GCC_541\Debug\main.o
 .ARM.attributes
                0x00000098       0x33 .\CortexM3\ARM_GCC_541\Debug\datalogger.o
 .ARM.attributes
                0x000000cb       0x33 .\CortexM3\ARM_GCC_541\Debug\usb.o
 .ARM.attributes
                0x000000fe       0x33 .\CortexM3\ARM_GCC_541\Debug\cyfitter_cfg.o
 .ARM.attributes
                0x00000131       0x33 .\CortexM3\ARM_GCC_541\Debug\cymetadata.o
 .ARM.attributes
                0x00000164       0x33 .\CortexM3\ARM_GCC_541\Debug\Cm3Start.o
 .ARM.attributes
                0x00000197       0x33 .\CortexM3\ARM_GCC_541\Debug\USB_first.a(USBFS.o)
 .ARM.attributes
                0x000001ca       0x33 .\CortexM3\ARM_GCC_541\Debug\USB_first.a(USBFS_drv.o)
 .ARM.attributes
                0x000001fd       0x33 .\CortexM3\ARM_GCC_541\Debug\USB_first.a(USBFS_episr.o)
 .ARM.attributes
                0x00000230       0x33 .\CortexM3\ARM_GCC_541\Debug\USB_first.a(USBFS_pm.o)
 .ARM.attributes
                0x00000263       0x33 .\CortexM3\ARM_GCC_541\Debug\USB_first.a(USBFS_std.o)
 .ARM.attributes
                0x00000296       0x33 .\CortexM3\ARM_GCC_541\Debug\USB_first.a(USBFS_vnd.o)
 .ARM.attributes
                0x000002c9       0x33 .\CortexM3\ARM_GCC_541\Debug\USB_first.a(USBFS_Dp.o)
 .ARM.attributes
                0x000002fc       0x33 .\CortexM3\ARM_GCC_541\Debug\USB_first.a(CyLib.o)
 .ARM.attributes
                0x0000032f       0x33 .\CortexM3\ARM_GCC_541\Debug\USB_first.a(cyPm.o)
 .ARM.attributes
                0x00000362       0x33 .\CortexM3\ARM_GCC_541\Debug\USB_first.a(ADC_DelSig_1.o)
 .ARM.attributes
                0x00000395       0x33 .\CortexM3\ARM_GCC_541\Debug\USB_first.a(ADC_DelSig_1_INT.o)
 .ARM.attributes
                0x000003c8       0x33 .\CortexM3\ARM_GCC_541\Debug\USB_first.a(ADC_DelSig_1_AMux.o)
 .ARM.attributes
                0x000003fb       0x33 .\CortexM3\ARM_GCC_541\Debug\USB_first.a(ADC_DelSig_1_Ext_CP_Clk.o)
 .ARM.attributes
                0x0000042e       0x33 .\CortexM3\ARM_GCC_541\Debug\USB_first.a(ADC_DelSig_1_theACLK.o)
 .ARM.attributes
                0x00000461       0x33 .\CortexM3\ARM_GCC_541\Debug\USB_first.a(Loop_Interrupt.o)
 .ARM.attributes
                0x00000494       0x21 .\CortexM3\ARM_GCC_541\Debug\USB_first.a(CyBootAsmGnu.o)
 .ARM.attributes
                0x000004b5       0x33 .\CortexM3\ARM_GCC_541\Debug\USB_first.a(USBFS_cls.o)
 .ARM.attributes
                0x000004e8       0x33 .\CortexM3\ARM_GCC_541\Debug\USB_first.a(USBFS_descr.o)
 .ARM.attributes
                0x0000051b       0x33 .\CortexM3\ARM_GCC_541\Debug\USB_first.a(CyFlash.o)
 .ARM.attributes
                0x0000054e       0x33 .\CortexM3\ARM_GCC_541\Debug\USB_first.a(CySpc.o)
 .ARM.attributes
                0x00000581       0x1d c:/program files (x86)/cypress/psoc creator/4.2/psoc creator/import/gnu/arm/5.4.1/bin/../lib/gcc/arm-none-eabi/5.4.1/armv7-m\libgcc.a(_arm_addsubdf3.o)
 .ARM.attributes
                0x0000059e       0x1d c:/program files (x86)/cypress/psoc creator/4.2/psoc creator/import/gnu/arm/5.4.1/bin/../lib/gcc/arm-none-eabi/5.4.1/armv7-m\libgcc.a(_arm_cmpdf2.o)
 .ARM.attributes
                0x000005bb       0x1d c:/program files (x86)/cypress/psoc creator/4.2/psoc creator/import/gnu/arm/5.4.1/bin/../lib/gcc/arm-none-eabi/5.4.1/armv7-m\libgcc.a(_arm_addsubsf3.o)
 .ARM.attributes
                0x000005d8       0x1d c:/program files (x86)/cypress/psoc creator/4.2/psoc creator/import/gnu/arm/5.4.1/bin/../lib/gcc/arm-none-eabi/5.4.1/armv7-m\libgcc.a(_arm_muldivsf3.o)
 .ARM.attributes
                0x000005f5       0x1d c:/program files (x86)/cypress/psoc creator/4.2/psoc creator/import/gnu/arm/5.4.1/bin/../lib/gcc/arm-none-eabi/5.4.1/armv7-m\libgcc.a(_arm_fixunssfsi.o)
 .ARM.attributes
                0x00000612       0x2d c:/program files (x86)/cypress/psoc creator/4.2/psoc creator/import/gnu/arm/5.4.1/bin/../lib/gcc/arm-none-eabi/5.4.1/../../../../arm-none-eabi/lib/armv7-m\libg_nano.a(lib_a-errno.o)
 .ARM.attributes
                0x0000063f       0x2d c:/program files (x86)/cypress/psoc creator/4.2/psoc creator/import/gnu/arm/5.4.1/bin/../lib/gcc/arm-none-eabi/5.4.1/../../../../arm-none-eabi/lib/armv7-m\libg_nano.a(lib_a-exit.o)
 .ARM.attributes
                0x0000066c       0x2d c:/program files (x86)/cypress/psoc creator/4.2/psoc creator/import/gnu/arm/5.4.1/bin/../lib/gcc/arm-none-eabi/5.4.1/../../../../arm-none-eabi/lib/armv7-m\libg_nano.a(lib_a-impure.o)
 .ARM.attributes
                0x00000699       0x2d c:/program files (x86)/cypress/psoc creator/4.2/psoc creator/import/gnu/arm/5.4.1/bin/../lib/gcc/arm-none-eabi/5.4.1/../../../../arm-none-eabi/lib/armv7-m\libg_nano.a(lib_a-init.o)
 .ARM.attributes
                0x000006c6       0x2d c:/program files (x86)/cypress/psoc creator/4.2/psoc creator/import/gnu/arm/5.4.1/bin/../lib/gcc/arm-none-eabi/5.4.1/../../../../arm-none-eabi/lib/armv7-m\libg_nano.a(lib_a-memcpy-stub.o)
 .ARM.attributes
                0x000006f3       0x2d c:/program files (x86)/cypress/psoc creator/4.2/psoc creator/import/gnu/arm/5.4.1/bin/../lib/gcc/arm-none-eabi/5.4.1/../../../../arm-none-eabi/lib/armv7-m\libg_nano.a(lib_a-memset.o)
 .ARM.attributes
                0x00000720       0x17 c:/program files (x86)/cypress/psoc creator/4.2/psoc creator/import/gnu/arm/5.4.1/bin/../lib/gcc/arm-none-eabi/5.4.1/../../../../arm-none-eabi/lib/armv7-m\libg_nano.a(lib_a-strlen.o)
 .ARM.attributes
                0x00000737       0x2d c:/program files (x86)/cypress/psoc creator/4.2/psoc creator/import/gnu/arm/5.4.1/bin/../lib/gcc/arm-none-eabi/5.4.1/armv7-m/crtend.o
 .ARM.attributes
                0x00000764       0x1d c:/program files (x86)/cypress/psoc creator/4.2/psoc creator/import/gnu/arm/5.4.1/bin/../lib/gcc/arm-none-eabi/5.4.1/armv7-m/crtn.o

/DISCARD/
 *(.note.GNU-stack)
OUTPUT(C:\Users\pajoh\projects\PSoC-data-plotting\USB\cypress\USB_data\USB_first.cydsn\CortexM3\ARM_GCC_541\Debug\USB_first.elf elf32-littlearm)
