Archive member included to satisfy reference by file (symbol)

.\CortexM3\ARM_GCC_541\Debug\USB_first.a(USBFS.o)
                              .\CortexM3\ARM_GCC_541\Debug\main.o (USBFS_Start)
.\CortexM3\ARM_GCC_541\Debug\USB_first.a(USBFS_drv.o)
                              .\CortexM3\ARM_GCC_541\Debug\USB_first.a(USBFS.o) (USBFS_lastPacketSize)
.\CortexM3\ARM_GCC_541\Debug\USB_first.a(USBFS_episr.o)
                              .\CortexM3\ARM_GCC_541\Debug\USB_first.a(USBFS.o) (USBFS_EP_1_ISR)
.\CortexM3\ARM_GCC_541\Debug\USB_first.a(USBFS_pm.o)
                              .\CortexM3\ARM_GCC_541\Debug\USB_first.a(USBFS.o) (USBFS_DP_ISR)
.\CortexM3\ARM_GCC_541\Debug\USB_first.a(USBFS_std.o)
                              .\CortexM3\ARM_GCC_541\Debug\USB_first.a(USBFS_pm.o) (USBFS_ConfigReg)
.\CortexM3\ARM_GCC_541\Debug\USB_first.a(USBFS_vnd.o)
                              .\CortexM3\ARM_GCC_541\Debug\USB_first.a(USBFS_drv.o) (USBFS_HandleVendorRqst)
.\CortexM3\ARM_GCC_541\Debug\USB_first.a(USBFS_Dp.o)
                              .\CortexM3\ARM_GCC_541\Debug\USB_first.a(USBFS.o) (USBFS_Dp_ClearInterrupt)
.\CortexM3\ARM_GCC_541\Debug\USB_first.a(cy_em_eeprom.o)
                              .\CortexM3\ARM_GCC_541\Debug\parameters.o (Cy_Em_EEPROM_Read)
.\CortexM3\ARM_GCC_541\Debug\USB_first.a(CyFlash.o)
                              .\CortexM3\ARM_GCC_541\Debug\USB_first.a(cy_em_eeprom.o) (CySetTemp)
.\CortexM3\ARM_GCC_541\Debug\USB_first.a(CyLib.o)
                              .\CortexM3\ARM_GCC_541\Debug\Cm3Start.o (CyHalt)
.\CortexM3\ARM_GCC_541\Debug\USB_first.a(cyPm.o)
                              .\CortexM3\ARM_GCC_541\Debug\USB_first.a(CyLib.o) (CyPmReadStatus)
.\CortexM3\ARM_GCC_541\Debug\USB_first.a(CySpc.o)
                              .\CortexM3\ARM_GCC_541\Debug\USB_first.a(CyFlash.o) (CySpcStart)
.\CortexM3\ARM_GCC_541\Debug\USB_first.a(ADC_DelSig_1.o)
                              .\CortexM3\ARM_GCC_541\Debug\main.o (ADC_DelSig_1_Start)
.\CortexM3\ARM_GCC_541\Debug\USB_first.a(ADC_DelSig_1_INT.o)
                              .\CortexM3\ARM_GCC_541\Debug\USB_first.a(ADC_DelSig_1.o) (ADC_DelSig_1_ISR1)
.\CortexM3\ARM_GCC_541\Debug\USB_first.a(ADC_DelSig_1_AMux.o)
                              .\CortexM3\ARM_GCC_541\Debug\USB_first.a(ADC_DelSig_1.o) (ADC_DelSig_1_AMux_Select)
.\CortexM3\ARM_GCC_541\Debug\USB_first.a(ADC_DelSig_1_Ext_CP_Clk.o)
                              .\CortexM3\ARM_GCC_541\Debug\USB_first.a(ADC_DelSig_1.o) (ADC_DelSig_1_Ext_CP_Clk_SetModeRegister)
.\CortexM3\ARM_GCC_541\Debug\USB_first.a(ADC_DelSig_1_theACLK.o)
                              .\CortexM3\ARM_GCC_541\Debug\USB_first.a(ADC_DelSig_1.o) (ADC_DelSig_1_theACLK_SetModeRegister)
.\CortexM3\ARM_GCC_541\Debug\USB_first.a(Loop_Interrupt.o)
                              .\CortexM3\ARM_GCC_541\Debug\main.o (Loop_Interrupt_Start)
.\CortexM3\ARM_GCC_541\Debug\USB_first.a(Em_EEPROM.o)
                              .\CortexM3\ARM_GCC_541\Debug\main.o (Em_EEPROM_Init)
.\CortexM3\ARM_GCC_541\Debug\USB_first.a(CyBootAsmGnu.o)
                              .\CortexM3\ARM_GCC_541\Debug\cyfitter_cfg.o (CyDelayCycles)
.\CortexM3\ARM_GCC_541\Debug\USB_first.a(USBFS_cls.o)
                              .\CortexM3\ARM_GCC_541\Debug\USB_first.a(USBFS_drv.o) (USBFS_DispatchClassRqst)
.\CortexM3\ARM_GCC_541\Debug\USB_first.a(USBFS_descr.o)
                              .\CortexM3\ARM_GCC_541\Debug\USB_first.a(USBFS_std.o) (USBFS_TABLE)
c:/program files (x86)/cypress/psoc creator/4.2/psoc creator/import/gnu/arm/5.4.1/bin/../lib/gcc/arm-none-eabi/5.4.1/armv7-m\libgcc.a(_arm_addsubdf3.o)
                              .\CortexM3\ARM_GCC_541\Debug\USB_first.a(ADC_DelSig_1.o) (__aeabi_f2d)
c:/program files (x86)/cypress/psoc creator/4.2/psoc creator/import/gnu/arm/5.4.1/bin/../lib/gcc/arm-none-eabi/5.4.1/armv7-m\libgcc.a(_arm_cmpdf2.o)
                              .\CortexM3\ARM_GCC_541\Debug\USB_first.a(ADC_DelSig_1.o) (__aeabi_dcmpgt)
c:/program files (x86)/cypress/psoc creator/4.2/psoc creator/import/gnu/arm/5.4.1/bin/../lib/gcc/arm-none-eabi/5.4.1/armv7-m\libgcc.a(_arm_addsubsf3.o)
                              .\CortexM3\ARM_GCC_541\Debug\USB_first.a(ADC_DelSig_1.o) (__aeabi_ui2f)
c:/program files (x86)/cypress/psoc creator/4.2/psoc creator/import/gnu/arm/5.4.1/bin/../lib/gcc/arm-none-eabi/5.4.1/armv7-m\libgcc.a(_arm_muldivsf3.o)
                              .\CortexM3\ARM_GCC_541\Debug\USB_first.a(ADC_DelSig_1.o) (__aeabi_fmul)
c:/program files (x86)/cypress/psoc creator/4.2/psoc creator/import/gnu/arm/5.4.1/bin/../lib/gcc/arm-none-eabi/5.4.1/armv7-m\libgcc.a(_arm_fixunssfsi.o)
                              .\CortexM3\ARM_GCC_541\Debug\USB_first.a(ADC_DelSig_1.o) (__aeabi_f2uiz)
c:/program files (x86)/cypress/psoc creator/4.2/psoc creator/import/gnu/arm/5.4.1/bin/../lib/gcc/arm-none-eabi/5.4.1/../../../../arm-none-eabi/lib/armv7-m\libg_nano.a(lib_a-errno.o)
[...]
Memory Configuration

Name             Origin             Length             Attributes
rom              0x00000000         0x00040000         xr
ram              0x1fff8000         0x00010000         xrw
*default*        0x00000000         0xffffffff

Linker script and memory map

LOAD c:/program files (x86)/cypress/psoc creator/4.2/psoc creator/import/gnu/arm/5.4.1/bin/../lib/gcc/arm-none-eabi/5.4.1/armv7-m/crti.o
LOAD c:/program files (x86)/cypress/psoc creator/4.2/psoc creator/import/gnu/arm/5.4.1/bin/../lib/gcc/arm-none-eabi/5.4.1/armv7-m/crtbegin.o
LOAD c:/program files (x86)/cypress/psoc creator/4.2/psoc creator/import/gnu/arm/5.4.1/bin/../lib/gcc/arm-none-eabi/5.4.1/../../../../arm-none-eabi/lib/armv7-m/crt0.o
START GROUP
LOAD .\CortexM3\ARM_GCC_541\Debug\main.o
LOAD .\CortexM3\ARM_GCC_541\Debug\datalogger.o
LOAD .\CortexM3\ARM_GCC_541\Debug\usb.o
LOAD .\CortexM3\ARM_GCC_541\Debug\parameters.o
LOAD .\CortexM3\ARM_GCC_541\Debug\cyfitter_cfg.o
LOAD .\CortexM3\ARM_GCC_541\Debug\cymetadata.o
LOAD .\CortexM3\ARM_GCC_541\Debug\Cm3Start.o
LOAD .\CortexM3\ARM_GCC_541\Debug\USB_first.a
LOAD C:\Program Files (x86)\Cypress\PSoC Creator\4.2\PSoC Creator\psoc\content\cycomponentlibrary\CyComponentLibrary.cylib\CortexM3\ARM_GCC_541\Debug\CyComponentLibrary.a
END GROUP
START GROUP
LOAD c:/program files (x86)/cypress/psoc creator/4.2/psoc creator/import/gnu/arm/5.4.1/bin/../lib/gcc/arm-none-eabi/5.4.1/armv7-m\libgcc.a
LOAD c:/program files (x86)/cypress/psoc creator/4.2/psoc creator/import/gnu/arm/5.4.1/bin/../lib/gcc/arm-none-eabi/5.4.1/../../../../arm-none-eabi/lib/armv7-m\libg_nano.a
LOAD c:/program files (x86)/cypress/psoc creator/4.2/psoc creator/import/gnu/arm/5.4.1/bin/../lib/gcc/arm-none-eabi/5.4.1/../../../../arm-none-eabi/lib/armv7-m\libc_nano.a
END GROUP
START GROUP
LOAD c:/program files (x86)/cypress/psoc creator/4.2/psoc creator/import/gnu/arm/5.4.1/bin/../lib/gcc/arm-none-eabi/5.4.1/armv7-m\libgcc.a
LOAD c:/program files (x86)/cypress/psoc creator/4.2/psoc creator/import/gnu/arm/5.4.1/bin/../lib/gcc/arm-none-eabi/5.4.1/../../../../arm-none-eabi/lib/armv7-m\libc_nano.a
END GROUP
LOAD c:/program files (x86)/cypress/psoc creator/4.2/psoc creator/import/gnu/arm/5.4.1/bin/../lib/gcc/arm-none-eabi/5.4.1/armv7-m/crtend.o
LOAD c:/program files (x86)/cypress/psoc creator/4.2/psoc creator/import/gnu/arm/5.4.1/bin/../lib/gcc/arm-none-eabi/5.4.1/armv7-m/crtn.o
START GROUP
LOAD c:/program files (x86)/cypress/psoc creator/4.2/psoc creator/import/gnu/arm/5.4.1/bin/../lib/gcc/arm-none-eabi/5.4.1/armv7-m\libgcc.a
LOAD c:/program files (x86)/cypress/psoc creator/4.2/psoc creator/import/gnu/arm/5.4.1/bin/../lib/gcc/arm-none-eabi/5.4.1/../../../../arm-none-eabi/lib/armv7-m\libc.a
LOAD c:/program files (x86)/cypress/psoc creator/4.2/psoc creator/import/gnu/arm/5.4.1/bin/../lib/gcc/arm-none-eabi/5.4.1/../../../../arm-none-eabi/lib/armv7-m\libnosys.a
END GROUP
                0x00000000                CY_APPL_ORIGIN = 0x0
                0x00000100                CY_FLASH_ROW_SIZE = 0x100
                0x00000020                CY_ECC_ROW_SIZE = 0x20
                0x00000000                CY_EE_IN_BTLDR = 0x0
                0x00000000                CY_APPL_LOADABLE = 0x0
                0x00000800                CY_EE_SIZE = 0x800
                0x00000001                CY_APPL_NUM = 0x1
                0x00000001                CY_APPL_MAX = 0x1
                0x00000040                CY_METADATA_SIZE = 0x40
                0x00000000                CY_APPL_LOADABLE = 0x0
                0x00000000                CY_CHECKSUM_EXCLUDE_SIZE = ALIGN (0x0, CY_FLASH_ROW_SIZE)
                [!provide]                PROVIDE (__cy_heap_start, _end)
                0x00000001                PROVIDE (__cy_region_num, ((__cy_regions_end - __cy_regions) / 0x10))
                0x20008000                PROVIDE (__cy_stack, (ORIGIN (ram) + LENGTH (ram)))
                [!provide]                PROVIDE (__cy_heap_end, (__cy_stack - 0x800))

.cybootloader   0x00000000        0x0
 *(.cybootloader)
                0x00000000                appl1_start = CY_APPL_ORIGIN?CY_APPL_ORIGIN:ALIGN (CY_FLASH_ROW_SIZE)
                0x0001ff00                appl2_start = (appl1_start + ALIGN ((((LENGTH (rom) - appl1_start) - (0x2 * CY_FLASH_ROW_SIZE)) / 0x2), CY_FLASH_ROW_SIZE))
                0x00000000                appl_start = (CY_APPL_NUM == 0x1)?appl1_start:appl2_start
                0x00000000                ecc_offset = ((appl_start / CY_FLASH_ROW_SIZE) * CY_ECC_ROW_SIZE)
                0x00000000                ee_offset = (CY_APPL_LOADABLE && ! (CY_EE_IN_BTLDR))?((CY_EE_SIZE / CY_APPL_MAX) * (CY_APPL_NUM - 0x1)):0x0
                0x00000800                ee_size = (CY_APPL_LOADABLE && ! (CY_EE_IN_BTLDR))?(CY_EE_SIZE / CY_APPL_MAX):CY_EE_SIZE
                [!provide]                PROVIDE (CY_ECC_OFFSET, ecc_offset)

.text           0x00000000     0x2d96
 CREATE_OBJECT_SYMBOLS
                0x00000000                PROVIDE (__cy_interrupt_vector, RomVectors)
 *(.romvectors)
 .romvectors    0x00000000       0x10 .\CortexM3\ARM_GCC_541\Debug\Cm3Start.o
                0x00000000                RomVectors
                0x00000001                ASSERT ((. != __cy_interrupt_vector), No interrupt vector)
                0x00000001                ASSERT (CY_APPL_ORIGIN?(SIZEOF (.cybootloader) <= CY_APPL_ORIGIN):0x1, Wrong image location)
                0x00000010                PROVIDE (__cy_reset, Reset)
 *(.text.Reset)
 .text.Reset    0x00000010       0x18 .\CortexM3\ARM_GCC_541\Debug\Cm3Start.o
                0x00000010                Reset
                0x00000001                ASSERT ((. != __cy_reset), No reset code)
 *(.dma_init)
                0x00000001                ASSERT ((((appl_start + .) <= 0x10000) || 0x1), DMA Init must be within the first 64k of flash)
 *(.text .text.* .gnu.linkonce.t.*)
 .text          0x00000028       0x5c c:/program files (x86)/cypress/psoc creator/4.2/psoc creator/import/gnu/arm/5.4.1/bin/../lib/gcc/arm-none-eabi/5.4.1/armv7-m/crtbegin.o
 .text.main     0x00000084      0x17c .\CortexM3\ARM_GCC_541\Debug\main.o
                0x00000084                main
 .text.logger_init
                0x00000200       0x24 .\CortexM3\ARM_GCC_541\Debug\datalogger.o
                0x00000200                logger_init
 .text.attach_variable
                0x00000224       0x4c .\CortexM3\ARM_GCC_541\Debug\datalogger.o
                0x00000224                attach_variable
 .text.circbuff_add_byte
                0x00000270       0x10 .\CortexM3\ARM_GCC_541\Debug\datalogger.o
                0x00000270                circbuff_add_byte
 .text.circbuff_add
                0x00000280       0x7c .\CortexM3\ARM_GCC_541\Debug\datalogger.o
                0x00000280                circbuff_add
 .text.get_buffer
                0x000002fc        0x8 .\CortexM3\ARM_GCC_541\Debug\datalogger.o
                0x000002fc                get_buffer
 .text.var_size
                0x00000304       0x38 .\CortexM3\ARM_GCC_541\Debug\datalogger.o
                0x00000304                var_size
 .text.logger   0x0000033c       0x30 .\CortexM3\ARM_GCC_541\Debug\datalogger.o
                0x0000033c                logger
 .text._clear_circbuff
                0x0000036c       0x18 .\CortexM3\ARM_GCC_541\Debug\datalogger.o
                0x0000036c                _clear_circbuff
 .text.clear_log
                0x00000384        0xc .\CortexM3\ARM_GCC_541\Debug\datalogger.o
                0x00000384                clear_log
 .text.get_command_usb
                0x00000390       0xc4 .\CortexM3\ARM_GCC_541\Debug\datalogger.o
                0x00000390                get_command_usb
 .text.usb_init
                0x00000454       0x30 .\CortexM3\ARM_GCC_541\Debug\usb.o
                0x00000454                usb_init
 .text.usb_stream
                0x00000484       0x14 .\CortexM3\ARM_GCC_541\Debug\usb.o
                0x00000484                usb_stream
 .text.usb_response
                0x00000498       0x30 .\CortexM3\ARM_GCC_541\Debug\usb.o
                0x00000498                usb_response
 .text.usb_set_stream
                0x000004c8        0x4 .\CortexM3\ARM_GCC_541\Debug\usb.o
                0x000004c8                usb_set_stream
 .text.usb_commands
                0x000004cc       0x5c .\CortexM3\ARM_GCC_541\Debug\usb.o
                0x000004cc                usb_commands
 .text.usb_task
                0x00000528       0x40 .\CortexM3\ARM_GCC_541\Debug\usb.o
                0x00000528                usb_task
 .text.init_parameters
                0x00000568       0x24 .\CortexM3\ARM_GCC_541\Debug\parameters.o
                0x00000568                init_parameters
 .text.get_parameter_offset
                0x0000058c       0x24 .\CortexM3\ARM_GCC_541\Debug\parameters.o
                0x0000058c                get_parameter_offset
 .text._set_parameter
                0x000005b0       0x24 .\CortexM3\ARM_GCC_541\Debug\parameters.o
                0x000005b0                _set_parameter
 .text.set_parameter
                0x000005d4       0x28 .\CortexM3\ARM_GCC_541\Debug\parameters.o
                0x000005d4                set_parameter
 .text._get_parameter
                0x000005fc       0x24 .\CortexM3\ARM_GCC_541\Debug\parameters.o
                0x000005fc                _get_parameter
 .text.get_parameter
                0x00000620       0x28 .\CortexM3\ARM_GCC_541\Debug\parameters.o
                0x00000620                get_parameter
 .text.add_parameter
                0x00000648       0x2c .\CortexM3\ARM_GCC_541\Debug\parameters.o
                0x00000648                add_parameter
 .text.get_parameter_command
                0x00000674       0xb4 .\CortexM3\ARM_GCC_541\Debug\parameters.o
                0x00000674                get_parameter_command
 .text.CyClockStartupError
                0x00000728        0x4 .\CortexM3\ARM_GCC_541\Debug\cyfitter_cfg.o
 .text.cfg_write_bytes32
                0x0000072c       0x34 .\CortexM3\ARM_GCC_541\Debug\cyfitter_cfg.o
 .text.AnalogSetDefault
                0x00000760       0x40 .\CortexM3\ARM_GCC_541\Debug\cyfitter_cfg.o
 .text.CYMEMZERO
                0x000007a0        0xc .\CortexM3\ARM_GCC_541\Debug\cyfitter_cfg.o
 .text.CYCONFIGCPY
                0x000007ac        0x8 .\CortexM3\ARM_GCC_541\Debug\cyfitter_cfg.o
 .text.ClockSetup
                0x000007b4       0xf4 .\CortexM3\ARM_GCC_541\Debug\cyfitter_cfg.o
 .text.ADC_DelSig_1_AMux_Set
                0x000008a8       0x1c .\CortexM3\ARM_GCC_541\Debug\cyfitter_cfg.o
                0x000008a8                ADC_DelSig_1_AMux_Set
 .text.ADC_DelSig_1_AMux_Unset
                0x000008c4       0x1c .\CortexM3\ARM_GCC_541\Debug\cyfitter_cfg.o
                0x000008c4                ADC_DelSig_1_AMux_Unset
 .text.cyfitter_cfg
                0x000008e0       0xf8 .\CortexM3\ARM_GCC_541\Debug\cyfitter_cfg.o
                0x000008e0                cyfitter_cfg
 .text.IntDefaultHandler
                0x000009d8       0x10 .\CortexM3\ARM_GCC_541\Debug\Cm3Start.o
                0x000009d8                IntDefaultHandler
 .text.Start_c  0x000009e8       0x4c .\CortexM3\ARM_GCC_541\Debug\Cm3Start.o
                0x000009e8                Start_c
 .text.initialize_psoc
                0x00000a34       0x68 .\CortexM3\ARM_GCC_541\Debug\Cm3Start.o
                0x00000a34                initialize_psoc
 .text.USBFS_Init
                0x00000a9c      0x140 .\CortexM3\ARM_GCC_541\Debug\USB_first.a(USBFS.o)
                0x00000a9c                USBFS_Init
 .text.USBFS_InitComponent
                0x00000bdc       0xb8 .\CortexM3\ARM_GCC_541\Debug\USB_first.a(USBFS.o)
                0x00000bdc                USBFS_InitComponent
 .text.USBFS_Start
                0x00000c94       0x24 .\CortexM3\ARM_GCC_541\Debug\USB_first.a(USBFS.o)
                0x00000c94                USBFS_Start
 .text.USBFS_ReInitComponent
                0x00000cb8       0x4c .\CortexM3\ARM_GCC_541\Debug\USB_first.a(USBFS.o)
                0x00000cb8                USBFS_ReInitComponent
 .text.USBFS_GetConfiguration
                0x00000d04        0xc .\CortexM3\ARM_GCC_541\Debug\USB_first.a(USBFS.o)
                0x00000d04                USBFS_GetConfiguration
 .text.USBFS_GetEPState
                0x00000d10       0x14 .\CortexM3\ARM_GCC_541\Debug\USB_first.a(USBFS.o)
                0x00000d10                USBFS_GetEPState
 .text.USBFS_GetEPCount
                0x00000d24       0x28 .\CortexM3\ARM_GCC_541\Debug\USB_first.a(USBFS.o)
                0x00000d24                USBFS_GetEPCount
 .text.USBFS_LoadInEP
                0x00000d4c       0x94 .\CortexM3\ARM_GCC_541\Debug\USB_first.a(USBFS.o)
                0x00000d4c                USBFS_LoadInEP
 .text.USBFS_EnableOutEP
                0x00000de0       0x2c .\CortexM3\ARM_GCC_541\Debug\USB_first.a(USBFS.o)
                0x00000de0                USBFS_EnableOutEP
 .text.USBFS_ReadOutEP
                0x00000e0c       0x50 .\CortexM3\ARM_GCC_541\Debug\USB_first.a(USBFS.o)
                0x00000e0c                USBFS_ReadOutEP
 .text.USBFS_LoadEP0
                0x00000e5c       0x98 .\CortexM3\ARM_GCC_541\Debug\USB_first.a(USBFS_drv.o)
                0x00000e5c                USBFS_LoadEP0
 .text.USBFS_InitZeroLengthControlTransfer
                0x00000ef4       0x34 .\CortexM3\ARM_GCC_541\Debug\USB_first.a(USBFS_drv.o)
                0x00000ef4                USBFS_InitZeroLengthControlTransfer
 .text.USBFS_ControlReadDataStage
                0x00000f28        0x8 .\CortexM3\ARM_GCC_541\Debug\USB_first.a(USBFS_drv.o)
                0x00000f28                USBFS_ControlReadDataStage
 .text.USBFS_ControlWriteDataStage
                0x00000f30       0x84 .\CortexM3\ARM_GCC_541\Debug\USB_first.a(USBFS_drv.o)
                0x00000f30                USBFS_ControlWriteDataStage
 .text.USBFS_InitNoDataControlTransfer
                0x00000fb4       0x2c .\CortexM3\ARM_GCC_541\Debug\USB_first.a(USBFS_drv.o)
                0x00000fb4                USBFS_InitNoDataControlTransfer
 .text.USBFS_UpdateStatusBlock
                0x00000fe0       0x24 .\CortexM3\ARM_GCC_541\Debug\USB_first.a(USBFS_drv.o)
                0x00000fe0                USBFS_UpdateStatusBlock
 .text.USBFS_HandleSetup
                0x00001004       0x5c .\CortexM3\ARM_GCC_541\Debug\USB_first.a(USBFS_drv.o)
                0x00001004                USBFS_HandleSetup
 .text.USBFS_ControlReadStatusStage
                0x00001060       0x38 .\CortexM3\ARM_GCC_541\Debug\USB_first.a(USBFS_drv.o)
                0x00001060                USBFS_ControlReadStatusStage
 .text.USBFS_HandleOUT
                0x00001098       0x38 .\CortexM3\ARM_GCC_541\Debug\USB_first.a(USBFS_drv.o)
                0x00001098                USBFS_HandleOUT
 .text.USBFS_ControlWriteStatusStage
                0x000010d0       0x20 .\CortexM3\ARM_GCC_541\Debug\USB_first.a(USBFS_drv.o)
                0x000010d0                USBFS_ControlWriteStatusStage
 .text.USBFS_NoDataControlStatusStage
                0x000010f0       0x40 .\CortexM3\ARM_GCC_541\Debug\USB_first.a(USBFS_drv.o)
                0x000010f0                USBFS_NoDataControlStatusStage
 .text.USBFS_HandleIN
                0x00001130       0x2c .\CortexM3\ARM_GCC_541\Debug\USB_first.a(USBFS_drv.o)
                0x00001130                USBFS_HandleIN
 .text.USBFS_EP_0_ISR
                0x0000115c       0xb8 .\CortexM3\ARM_GCC_541\Debug\USB_first.a(USBFS_drv.o)
                0x0000115c                USBFS_EP_0_ISR
 .text.USBFS_InitializeStatusBlock
                0x00001214       0x24 .\CortexM3\ARM_GCC_541\Debug\USB_first.a(USBFS_drv.o)
                0x00001214                USBFS_InitializeStatusBlock
 .text.USBFS_InitControlRead
                0x00001238       0x50 .\CortexM3\ARM_GCC_541\Debug\USB_first.a(USBFS_drv.o)
                0x00001238                USBFS_InitControlRead
 .text.USBFS_EP_1_ISR
                0x00001288       0x30 .\CortexM3\ARM_GCC_541\Debug\USB_first.a(USBFS_episr.o)
                0x00001288                USBFS_EP_1_ISR
 .text.USBFS_EP_2_ISR
                0x000012b8       0x34 .\CortexM3\ARM_GCC_541\Debug\USB_first.a(USBFS_episr.o)
                0x000012b8                USBFS_EP_2_ISR
 .text.USBFS_EP_3_ISR
                0x000012ec       0x3c .\CortexM3\ARM_GCC_541\Debug\USB_first.a(USBFS_episr.o)
                0x000012ec                USBFS_EP_3_ISR
 .text.USBFS_EP_4_ISR
                0x00001328       0x3c .\CortexM3\ARM_GCC_541\Debug\USB_first.a(USBFS_episr.o)
                0x00001328                USBFS_EP_4_ISR
 .text.USBFS_BUS_RESET_ISR
                0x00001364        0x8 .\CortexM3\ARM_GCC_541\Debug\USB_first.a(USBFS_episr.o)
                0x00001364                USBFS_BUS_RESET_ISR
 .text.USBFS_DP_ISR
                0x0000136c        0x8 .\CortexM3\ARM_GCC_541\Debug\USB_first.a(USBFS_pm.o)
                0x0000136c                USBFS_DP_ISR
 .text.USBFS_ConfigReg
                0x00001374       0xa4 .\CortexM3\ARM_GCC_541\Debug\USB_first.a(USBFS_std.o)
                0x00001374                USBFS_ConfigReg
 .text.USBFS_GetConfigTablePtr
                0x00001418       0x28 .\CortexM3\ARM_GCC_541\Debug\USB_first.a(USBFS_std.o)
                0x00001418                USBFS_GetConfigTablePtr
 .text.USBFS_ConfigAltChanged
                0x00001440      0x11c .\CortexM3\ARM_GCC_541\Debug\USB_first.a(USBFS_std.o)
                0x00001440                USBFS_ConfigAltChanged
 .text.USBFS_GetDeviceTablePtr
                0x0000155c       0x18 .\CortexM3\ARM_GCC_541\Debug\USB_first.a(USBFS_std.o)
                0x0000155c                USBFS_GetDeviceTablePtr
 .text.USBFS_GetInterfaceClassTablePtr
                0x00001574       0x28 .\CortexM3\ARM_GCC_541\Debug\USB_first.a(USBFS_std.o)
                0x00001574                USBFS_GetInterfaceClassTablePtr
 .text.USBFS_Config
                0x0000159c      0x1c4 .\CortexM3\ARM_GCC_541\Debug\USB_first.a(USBFS_std.o)
                0x0000159c                USBFS_Config
 .text.USBFS_SetEndpointHalt
                0x00001760       0x64 .\CortexM3\ARM_GCC_541\Debug\USB_first.a(USBFS_std.o)
                0x00001760                USBFS_SetEndpointHalt
 .text.USBFS_ClearEndpointHalt
                0x000017c4       0xac .\CortexM3\ARM_GCC_541\Debug\USB_first.a(USBFS_std.o)
                0x000017c4                USBFS_ClearEndpointHalt
 .text.USBFS_ValidateAlternateSetting
                0x00001870       0x4c .\CortexM3\ARM_GCC_541\Debug\USB_first.a(USBFS_std.o)
                0x00001870                USBFS_ValidateAlternateSetting
 .text.USBFS_HandleStandardRqst
                0x000018bc      0x328 .\CortexM3\ARM_GCC_541\Debug\USB_first.a(USBFS_std.o)
                0x000018bc                USBFS_HandleStandardRqst
 .text.USBFS_HandleVendorRqst
                0x00001be4       0x18 .\CortexM3\ARM_GCC_541\Debug\USB_first.a(USBFS_vnd.o)
                0x00001be4                USBFS_HandleVendorRqst
 .text.USBFS_Dp_ClearInterrupt
                0x00001bfc       0x10 .\CortexM3\ARM_GCC_541\Debug\USB_first.a(USBFS_Dp.o)
                0x00001bfc                USBFS_Dp_ClearInterrupt
 .text.FindLastWrittenRow
                0x00001c0c       0x30 .\CortexM3\ARM_GCC_541\Debug\USB_first.a(cy_em_eeprom.o)
 .text.GetNextRowToWrite
                0x00001c3c       0x5c .\CortexM3\ARM_GCC_541\Debug\USB_first.a(cy_em_eeprom.o)
 .text.CalcChecksum
                0x00001c98       0x3c .\CortexM3\ARM_GCC_541\Debug\USB_first.a(cy_em_eeprom.o)
 .text.CheckRanges
                0x00001cd4       0x34 .\CortexM3\ARM_GCC_541\Debug\USB_first.a(cy_em_eeprom.o)
 .text.WriteRow
                0x00001d08       0x2c .\CortexM3\ARM_GCC_541\Debug\USB_first.a(cy_em_eeprom.o)
 .text.FillChecksum
                0x00001d34       0x6c .\CortexM3\ARM_GCC_541\Debug\USB_first.a(cy_em_eeprom.o)
 .text.Cy_Em_EEPROM_Init
                0x00001da0       0x98 .\CortexM3\ARM_GCC_541\Debug\USB_first.a(cy_em_eeprom.o)
                0x00001da0                Cy_Em_EEPROM_Init
 .text.CySetTempInt
                0x00001e38       0x60 .\CortexM3\ARM_GCC_541\Debug\USB_first.a(CyFlash.o)
 .text.CyFlashGetSpcAlgorithm
                0x00001e98       0x4c .\CortexM3\ARM_GCC_541\Debug\USB_first.a(CyFlash.o)
                0x00001e98                CyFlashGetSpcAlgorithm
 .text.CySetTemp
                0x00001ee4       0x14 .\CortexM3\ARM_GCC_541\Debug\USB_first.a(CyFlash.o)
                0x00001ee4                CySetTemp
 .text.CyWriteRowFull
                0x00001ef8       0xf8 .\CortexM3\ARM_GCC_541\Debug\USB_first.a(CyFlash.o)
                0x00001ef8                CyWriteRowFull
 .text.CyWriteRowData
                0x00001ff0       0x14 .\CortexM3\ARM_GCC_541\Debug\USB_first.a(CyFlash.o)
                0x00001ff0                CyWriteRowData
 .text.CyHalt   0x00002004        0x4 .\CortexM3\ARM_GCC_541\Debug\USB_first.a(CyLib.o)
                0x00002004                CyHalt
 .text.CyDelayUs
                0x00002008       0x14 .\CortexM3\ARM_GCC_541\Debug\USB_first.a(CyLib.o)
                0x00002008                CyDelayUs
 .text.CyFlushCache
                0x0000201c       0x44 .\CortexM3\ARM_GCC_541\Debug\USB_first.a(CyLib.o)
                0x0000201c                CyFlushCache
 .text.CyIntSetVector
                0x00002060       0x28 .\CortexM3\ARM_GCC_541\Debug\USB_first.a(CyLib.o)
                0x00002060                CyIntSetVector
 .text.CyIntSetPriority
                0x00002088       0x30 .\CortexM3\ARM_GCC_541\Debug\USB_first.a(CyLib.o)
                0x00002088                CyIntSetPriority
 .text.CySpcStart
                0x000020b8       0x24 .\CortexM3\ARM_GCC_541\Debug\USB_first.a(CySpc.o)
                0x000020b8                CySpcStart
 .text.CySpcReadData
                0x000020dc       0x34 .\CortexM3\ARM_GCC_541\Debug\USB_first.a(CySpc.o)
                0x000020dc                CySpcReadData
 .text.CySpcLoadRowFull
                0x00002110       0x80 .\CortexM3\ARM_GCC_541\Debug\USB_first.a(CySpc.o)
                0x00002110                CySpcLoadRowFull
 .text.CySpcWriteRow
                0x00002190       0x4c .\CortexM3\ARM_GCC_541\Debug\USB_first.a(CySpc.o)
                0x00002190                CySpcWriteRow
 .text.CySpcGetTemp
                0x000021dc       0x3c .\CortexM3\ARM_GCC_541\Debug\USB_first.a(CySpc.o)
                0x000021dc                CySpcGetTemp
 .text.CySpcLock
                0x00002218       0x4c .\CortexM3\ARM_GCC_541\Debug\USB_first.a(CySpc.o)
                0x00002218                CySpcLock
 .text.CySpcUnlock
                0x00002264       0x38 .\CortexM3\ARM_GCC_541\Debug\USB_first.a(CySpc.o)
                0x00002264                CySpcUnlock
 .text.CySpcGetAlgorithm
                0x0000229c       0x28 .\CortexM3\ARM_GCC_541\Debug\USB_first.a(CySpc.o)
                0x0000229c                CySpcGetAlgorithm
 .text.ADC_DelSig_1_GainCompensation
                0x000022c4       0xe0 .\CortexM3\ARM_GCC_541\Debug\USB_first.a(ADC_DelSig_1.o)
 .text.ADC_DelSig_1_SetDSMRef0Reg
                0x000023a4       0x4c .\CortexM3\ARM_GCC_541\Debug\USB_first.a(ADC_DelSig_1.o)
 .text.ADC_DelSig_1_InitConfig
                0x000023f0      0x344 .\CortexM3\ARM_GCC_541\Debug\USB_first.a(ADC_DelSig_1.o)
 .text.ADC_DelSig_1_Init
                0x00002734      0x108 .\CortexM3\ARM_GCC_541\Debug\USB_first.a(ADC_DelSig_1.o)
                0x00002734                ADC_DelSig_1_Init
 .text.ADC_DelSig_1_Enable
                0x0000283c       0xd8 .\CortexM3\ARM_GCC_541\Debug\USB_first.a(ADC_DelSig_1.o)
                0x0000283c                ADC_DelSig_1_Enable
 .text.ADC_DelSig_1_Start
                0x00002914       0x28 .\CortexM3\ARM_GCC_541\Debug\USB_first.a(ADC_DelSig_1.o)
                0x00002914                ADC_DelSig_1_Start
 .text.ADC_DelSig_1_StartConvert
                0x0000293c       0x10 .\CortexM3\ARM_GCC_541\Debug\USB_first.a(ADC_DelSig_1.o)
                0x0000293c                ADC_DelSig_1_StartConvert
 .text.ADC_DelSig_1_IsEndConversion
                0x0000294c       0x30 .\CortexM3\ARM_GCC_541\Debug\USB_first.a(ADC_DelSig_1.o)
                0x0000294c                ADC_DelSig_1_IsEndConversion
 .text.ADC_DelSig_1_GetResult16
                0x0000297c       0x50 .\CortexM3\ARM_GCC_541\Debug\USB_first.a(ADC_DelSig_1.o)
                0x0000297c                ADC_DelSig_1_GetResult16
 .text.ADC_DelSig_1_ISR1
                0x000029cc        0x4 .\CortexM3\ARM_GCC_541\Debug\USB_first.a(ADC_DelSig_1_INT.o)
                0x000029cc                ADC_DelSig_1_ISR1
 .text.ADC_DelSig_1_ISR2
                0x000029d0        0x4 .\CortexM3\ARM_GCC_541\Debug\USB_first.a(ADC_DelSig_1_INT.o)
                0x000029d0                ADC_DelSig_1_ISR2
 .text.ADC_DelSig_1_ISR3
                0x000029d4        0x4 .\CortexM3\ARM_GCC_541\Debug\USB_first.a(ADC_DelSig_1_INT.o)
                0x000029d4                ADC_DelSig_1_ISR3
 .text.ADC_DelSig_1_ISR4
                0x000029d8        0x4 .\CortexM3\ARM_GCC_541\Debug\USB_first.a(ADC_DelSig_1_INT.o)
                0x000029d8                ADC_DelSig_1_ISR4
 .text.ADC_DelSig_1_AMux_Start
                0x000029dc       0x20 .\CortexM3\ARM_GCC_541\Debug\USB_first.a(ADC_DelSig_1_AMux.o)
                0x000029dc                ADC_DelSig_1_AMux_Start
 .text.ADC_DelSig_1_AMux_Select
                0x000029fc       0x18 .\CortexM3\ARM_GCC_541\Debug\USB_first.a(ADC_DelSig_1_AMux.o)
                0x000029fc                ADC_DelSig_1_AMux_Select
 .text.ADC_DelSig_1_Ext_CP_Clk_GetDividerRegister
                0x00002a14        0xc .\CortexM3\ARM_GCC_541\Debug\USB_first.a(ADC_DelSig_1_Ext_CP_Clk.o)
                0x00002a14                ADC_DelSig_1_Ext_CP_Clk_GetDividerRegister
 .text.ADC_DelSig_1_Ext_CP_Clk_SetModeRegister
                0x00002a20       0x14 .\CortexM3\ARM_GCC_541\Debug\USB_first.a(ADC_DelSig_1_Ext_CP_Clk.o)
                0x00002a20                ADC_DelSig_1_Ext_CP_Clk_SetModeRegister
 .text.ADC_DelSig_1_Ext_CP_Clk_GetSourceRegister
                0x00002a34       0x10 .\CortexM3\ARM_GCC_541\Debug\USB_first.a(ADC_DelSig_1_Ext_CP_Clk.o)
                0x00002a34                ADC_DelSig_1_Ext_CP_Clk_GetSourceRegister
 .text.ADC_DelSig_1_Ext_CP_Clk_SetDividerRegister
                0x00002a44       0xd8 .\CortexM3\ARM_GCC_541\Debug\USB_first.a(ADC_DelSig_1_Ext_CP_Clk.o)
                0x00002a44                ADC_DelSig_1_Ext_CP_Clk_SetDividerRegister
 .text.ADC_DelSig_1_theACLK_GetDividerRegister
                0x00002b1c        0xc .\CortexM3\ARM_GCC_541\Debug\USB_first.a(ADC_DelSig_1_theACLK.o)
                0x00002b1c                ADC_DelSig_1_theACLK_GetDividerRegister
 .text.ADC_DelSig_1_theACLK_SetModeRegister
                0x00002b28       0x14 .\CortexM3\ARM_GCC_541\Debug\USB_first.a(ADC_DelSig_1_theACLK.o)
                0x00002b28                ADC_DelSig_1_theACLK_SetModeRegister
 .text.ADC_DelSig_1_theACLK_GetSourceRegister
                0x00002b3c       0x10 .\CortexM3\ARM_GCC_541\Debug\USB_first.a(ADC_DelSig_1_theACLK.o)
                0x00002b3c                ADC_DelSig_1_theACLK_GetSourceRegister
 .text.ADC_DelSig_1_theACLK_SetDividerRegister
                0x00002b4c       0xd8 .\CortexM3\ARM_GCC_541\Debug\USB_first.a(ADC_DelSig_1_theACLK.o)
                0x00002b4c                ADC_DelSig_1_theACLK_SetDividerRegister
 .text.Loop_Interrupt_Interrupt
                0x00002c24        0xc .\CortexM3\ARM_GCC_541\Debug\USB_first.a(Loop_Interrupt.o)
                0x00002c24                Loop_Interrupt_Interrupt
 .text.Loop_Interrupt_SetVector
                0x00002c30        0xc .\CortexM3\ARM_GCC_541\Debug\USB_first.a(Loop_Interrupt.o)
                0x00002c30                Loop_Interrupt_SetVector
 .text.Loop_Interrupt_SetPriority
                0x00002c3c       0x10 .\CortexM3\ARM_GCC_541\Debug\USB_first.a(Loop_Interrupt.o)
                0x00002c3c                Loop_Interrupt_SetPriority
 .text.Loop_Interrupt_Enable
                0x00002c4c        0xc .\CortexM3\ARM_GCC_541\Debug\USB_first.a(Loop_Interrupt.o)
                0x00002c4c                Loop_Interrupt_Enable
 .text.Loop_Interrupt_Disable
                0x00002c58        0xc .\CortexM3\ARM_GCC_541\Debug\USB_first.a(Loop_Interrupt.o)
                0x00002c58                Loop_Interrupt_Disable
 .text.Loop_Interrupt_Start
                0x00002c64       0x1c .\CortexM3\ARM_GCC_541\Debug\USB_first.a(Loop_Interrupt.o)
                0x00002c64                Loop_Interrupt_Start
 .text.Em_EEPROM_Init
                0x00002c80       0x2c .\CortexM3\ARM_GCC_541\Debug\USB_first.a(Em_EEPROM.o)
                0x00002c80                Em_EEPROM_Init
 *fill*         0x00002cac        0x4 
 .text          0x00002cb0       0x20 .\CortexM3\ARM_GCC_541\Debug\USB_first.a(CyBootAsmGnu.o)
                0x00002cb0                CyDelayCycles
                0x00002cc0                CyEnterCriticalSection
                0x00002cc8                CyExitCriticalSection
 .text.USBFS_DispatchClassRqst
                0x00002cd0       0x38 .\CortexM3\ARM_GCC_541\Debug\USB_first.a(USBFS_cls.o)
                0x00002cd0                USBFS_DispatchClassRqst
 .text.__errno  0x00002d08        0xc c:/program files (x86)/cypress/psoc creator/4.2/psoc creator/import/gnu/arm/5.4.1/bin/../lib/gcc/arm-none-eabi/5.4.1/../../../../arm-none-eabi/lib/armv7-m\libg_nano.a(lib_a-errno.o)
                0x00002d08                __errno
 .text.__libc_init_array
                0x00002d14       0x4c c:/program files (x86)/cypress/psoc creator/4.2/psoc creator/import/gnu/arm/5.4.1/bin/../lib/gcc/arm-none-eabi/5.4.1/../../../../arm-none-eabi/lib/armv7-m\libg_nano.a(lib_a-init.o)
                0x00002d14                __libc_init_array
 .text.memcpy   0x00002d60       0x16 c:/program files (x86)/cypress/psoc creator/4.2/psoc creator/import/gnu/arm/5.4.1/bin/../lib/gcc/arm-none-eabi/5.4.1/../../../../arm-none-eabi/lib/armv7-m\libg_nano.a(lib_a-memcpy-stub.o)
                0x00002d60                memcpy
 .text.memset   0x00002d76       0x10 c:/program files (x86)/cypress/psoc creator/4.2/psoc creator/import/gnu/arm/5.4.1/bin/../lib/gcc/arm-none-eabi/5.4.1/../../../../arm-none-eabi/lib/armv7-m\libg_nano.a(lib_a-memset.o)
                0x00002d76                memset
 .text          0x00002d86       0x10 c:/program files (x86)/cypress/psoc creator/4.2/psoc creator/import/gnu/arm/5.4.1/bin/../lib/gcc/arm-none-eabi/5.4.1/../../../../arm-none-eabi/lib/armv7-m\libg_nano.a(lib_a-strlen.o)
                0x00002d86                strlen
 *(.plt)
 *(.gnu.warning)
 *(.glue_7t)
 .glue_7t       0x00002d96        0x0 linker stubs
 *(.glue_7)
 .glue_7        0x00002d96        0x0 linker stubs
 *(.vfp11_veneer)
 .vfp11_veneer  0x00002d96        0x0 linker stubs
 *(.bootloader)
 *(.ARM.extab* .gnu.linkonce.armextab.*)
 *(.gcc_except_table)

.v4_bx          0x00002d98        0x0
 .v4_bx         0x00002d98        0x0 linker stubs

.iplt           0x00002d98        0x0
 .iplt          0x00002d98        0x0 c:/program files (x86)/cypress/psoc creator/4.2/psoc creator/import/gnu/arm/5.4.1/bin/../lib/gcc/arm-none-eabi/5.4.1/armv7-m/crtbegin.o

.eh_frame_hdr
 *(.eh_frame_hdr)

.eh_frame       0x00002d98        0x4
 *(.eh_frame)
 .eh_frame      0x00002d98        0x0 c:/program files (x86)/cypress/psoc creator/4.2/psoc creator/import/gnu/arm/5.4.1/bin/../lib/gcc/arm-none-eabi/5.4.1/armv7-m/crtbegin.o
 .eh_frame      0x00002d98        0x4 c:/program files (x86)/cypress/psoc creator/4.2/psoc creator/import/gnu/arm/5.4.1/bin/../lib/gcc/arm-none-eabi/5.4.1/armv7-m/crtend.o
                [!provide]                PROVIDE (__exidx_start, .)

.ARM.exidx
 *(.ARM.exidx* .gnu.linkonce.armexidx.*)
                0x00002d9c                __exidx_end = .

.rodata         0x00002e00      0xb98
 *(.rodata .rodata.* .gnu.linkonce.r.*)
 .rodata        0x00002e00      0xa00 .\CortexM3\ARM_GCC_541\Debug\main.o
                0x00002e00                emEeprom
 .rodata.str1.4
                0x00003800       0x1c .\CortexM3\ARM_GCC_541\Debug\main.o
 .rodata        0x0000381c       0x3c .\CortexM3\ARM_GCC_541\Debug\cyfitter_cfg.o
                0x0000381c                ADC_DelSig_1_AMux__addrTable
                0x00003824                ADC_DelSig_1_AMux__maskTable
 .rodata        0x00003858      0x10a .\CortexM3\ARM_GCC_541\Debug\USB_first.a(USBFS_descr.o)
                0x00003858                USBFS_TABLE
                0x00003860                USBFS_DEVICE0_TABLE
                0x00003878                USBFS_DEVICE0_CONFIGURATION0_TABLE
                0x00003898                USBFS_DEVICE0_CONFIGURATION0_INTERFACE_CLASS
                0x0000389c                USBFS_DEVICE0_CONFIGURATION0_EP_SETTINGS_TABLE
                0x000038bc                USBFS_STRING_DESCRIPTORS
                0x00003920                USBFS_DEVICE0_CONFIGURATION0_DESCR
                0x00003950                USBFS_DEVICE0_DESCR
 .rodata.str1.1
                0x00003962        0x2 c:/program files (x86)/cypress/psoc creator/4.2/psoc creator/import/gnu/arm/5.4.1/bin/../lib/gcc/arm-none-eabi/5.4.1/../../../../arm-none-eabi/lib/armv7-m\libg_nano.a(lib_a-impure.o)
                0x00003964                . = ALIGN (0x4)
 *(.init)
 .init          0x00003964        0x4 c:/program files (x86)/cypress/psoc creator/4.2/psoc creator/import/gnu/arm/5.4.1/bin/../lib/gcc/arm-none-eabi/5.4.1/armv7-m/crti.o
                0x00003964                _init
 .init          0x00003968        0x8 c:/program files (x86)/cypress/psoc creator/4.2/psoc creator/import/gnu/arm/5.4.1/bin/../lib/gcc/arm-none-eabi/5.4.1/armv7-m/crtn.o
                0x00003970                . = ALIGN (0x4)
                0x00003970                __preinit_array_start = .
 *(.preinit_array)
                0x00003970                __preinit_array_end = .
                0x00003970                . = ALIGN (0x4)
                0x00003970                __init_array_start = .
 *(SORT(.init_array.*))
 *(.init_array)
 .init_array    0x00003970        0x4 c:/program files (x86)/cypress/psoc creator/4.2/psoc creator/import/gnu/arm/5.4.1/bin/../lib/gcc/arm-none-eabi/5.4.1/armv7-m/crtbegin.o
 .init_array    0x00003974        0x4 .\CortexM3\ARM_GCC_541\Debug\Cm3Start.o
                0x00003978                __init_array_end = .
                0x00003978                . = ALIGN (0x4)
 *(.fini)
 .fini          0x00003978        0x4 c:/program files (x86)/cypress/psoc creator/4.2/psoc creator/import/gnu/arm/5.4.1/bin/../lib/gcc/arm-none-eabi/5.4.1/armv7-m/crti.o
                0x00003978                _fini
 .fini          0x0000397c        0x8 c:/program files (x86)/cypress/psoc creator/4.2/psoc creator/import/gnu/arm/5.4.1/bin/../lib/gcc/arm-none-eabi/5.4.1/armv7-m/crtn.o
                0x00003984                . = ALIGN (0x4)
                0x00003984                __fini_array_start = .
 *(.fini_array)
 .fini_array    0x00003984        0x4 c:/program files (x86)/cypress/psoc creator/4.2/psoc creator/import/gnu/arm/5.4.1/bin/../lib/gcc/arm-none-eabi/5.4.1/armv7-m/crtbegin.o
 *(SORT(.fini_array.*))
                0x00003988                __fini_array_end = .
                0x00003988                . = ALIGN (0x4)
 *crtbegin.o(.ctors)
 *(EXCLUDE_FILE(*crtend.o) .ctors)
 *(SORT(.ctors.*))
 *crtend.o(.ctors)
                0x00003988                . = ALIGN (0x4)
 *crtbegin.o(.dtors)
 *(EXCLUDE_FILE(*crtend.o) .dtors)
 *(SORT(.dtors.*))
 *crtend.o(.dtors)
                0x00003988                . = ALIGN (0x4)
                0x00003988                __cy_regions = .
                0x00003988        0x4 LONG 0x3998 __cy_region_init_ram
                0x0000398c        0x4 LONG 0x1fff80c8 __cy_region_start_data
                0x00003990        0x4 LONG 0x80 __cy_region_init_size_ram
                0x00003994        0x4 LONG 0x1448 __cy_region_zero_size_ram
                0x00003998                __cy_regions_end = .
                0x00003998                . = ALIGN (0x8)
                0x00003998                _etext = .

.cy_checksum_exclude
                0x00003998        0x0
 *(.cy_checksum_exclude)

.ramvectors     0x1fff8000       0xc0
                0x1fff8000                __cy_region_start_ram = .
 *(.ramvectors)
 .ramvectors    0x1fff8000       0xc0 .\CortexM3\ARM_GCC_541\Debug\Cm3Start.o
                0x1fff8000                CyRamVectors

.noinit         0x1fff80c0        0x1
 *(.noinit)
 .noinit        0x1fff80c0        0x1 .\CortexM3\ARM_GCC_541\Debug\USB_first.a(CyLib.o)
                0x1fff80c0                CyResetStatus

.data           0x1fff80c8       0x80 load address 0x00003998
                0x1fff80c8                __cy_region_start_data = .
 *(.jcr)
 .jcr           0x1fff80c8        0x0 c:/program files (x86)/cypress/psoc creator/4.2/psoc creator/import/gnu/arm/5.4.1/bin/../lib/gcc/arm-none-eabi/5.4.1/armv7-m/crtbegin.o
 .jcr           0x1fff80c8        0x4 c:/program files (x86)/cypress/psoc creator/4.2/psoc creator/import/gnu/arm/5.4.1/bin/../lib/gcc/arm-none-eabi/5.4.1/armv7-m/crtend.o
 *(.got.plt)
 *(.got)
 *(.shdata)
 *(.data .data.* .gnu.linkonce.d.*)
 .data          0x1fff80cc        0x4 .\CortexM3\ARM_GCC_541\Debug\main.o
                0x1fff80cc                test_param
 .data          0x1fff80d0       0x10 .\CortexM3\ARM_GCC_541\Debug\USB_first.a(CyLib.o)
                0x1fff80d0                cydelay_32k_ms
                0x1fff80d4                cydelay_freq_khz
                0x1fff80d8                cydelay_freq_mhz
                0x1fff80dc                cydelay_freq_hz
 .data          0x1fff80e0        0x1 .\CortexM3\ARM_GCC_541\Debug\USB_first.a(ADC_DelSig_1.o)
                0x1fff80e0                ADC_DelSig_1_Config
 .data          0x1fff80e1        0x1 .\CortexM3\ARM_GCC_541\Debug\USB_first.a(ADC_DelSig_1_AMux.o)
 *fill*         0x1fff80e2        0x2 
 .data.impure_data
                0x1fff80e4       0x60 c:/program files (x86)/cypress/psoc creator/4.2/psoc creator/import/gnu/arm/5.4.1/bin/../lib/gcc/arm-none-eabi/5.4.1/../../../../arm-none-eabi/lib/armv7-m\libg_nano.a(lib_a-impure.o)
 .data._impure_ptr
                0x1fff8144        0x4 c:/program files (x86)/cypress/psoc creator/4.2/psoc creator/import/gnu/arm/5.4.1/bin/../lib/gcc/arm-none-eabi/5.4.1/../../../../arm-none-eabi/lib/armv7-m\libg_nano.a(lib_a-impure.o)
                0x1fff8144                _impure_ptr
                0x1fff8148                . = ALIGN (0x8)
 *(.ram)
                0x1fff8148                _edata = .

.igot.plt       0x1fff8148        0x0 load address 0x00003a18
 .igot.plt      0x1fff8148        0x0 c:/program files (x86)/cypress/psoc creator/4.2/psoc creator/import/gnu/arm/5.4.1/bin/../lib/gcc/arm-none-eabi/5.4.1/armv7-m/crtbegin.o

.bss            0x1fff8148     0x1448 load address 0x00003a18
                0x1fff8148                PROVIDE (__bss_start__, .)
 *(.shbss)
 *(.bss .bss.* .gnu.linkonce.b.*)
 .bss           0x1fff8148       0x1c c:/program files (x86)/cypress/psoc creator/4.2/psoc creator/import/gnu/arm/5.4.1/bin/../lib/gcc/arm-none-eabi/5.4.1/armv7-m/crtbegin.o
 .bss           0x1fff8164       0x12 .\CortexM3\ARM_GCC_541\Debug\main.o
                0x1fff8164                dumvar1
                0x1fff8168                dumvar3
                0x1fff816c                test_param_2
                0x1fff8170                sample_count
                0x1fff8174                dumvar2
 .bss           0x1fff8176        0x1 .\CortexM3\ARM_GCC_541\Debug\usb.o
 .bss           0x1fff8177        0x1 .\CortexM3\ARM_GCC_541\Debug\USB_first.a(USBFS.o)
                0x1fff8177                USBFS_initVar
 .bss           0x1fff8178        0x2 .\CortexM3\ARM_GCC_541\Debug\USB_first.a(USBFS_std.o)
 *fill*         0x1fff817a        0x2 
 .bss           0x1fff817c        0x8 .\CortexM3\ARM_GCC_541\Debug\USB_first.a(CySpc.o)
                0x1fff817c                SpcLockState
 .bss           0x1fff8184       0x18 .\CortexM3\ARM_GCC_541\Debug\USB_first.a(ADC_DelSig_1.o)
                0x1fff8194                ADC_DelSig_1_stopConversion
                0x1fff8195                ADC_DelSig_1_convDone
                0x1fff8196                ADC_DelSig_1_initVar
                0x1fff8197                ADC_DelSig_1_started
                0x1fff8198                ADC_DelSig_1_Offset
 *(COMMON)
 COMMON         0x1fff819c     0x1338 .\CortexM3\ARM_GCC_541\Debug\main.o
                0x1fff819c                usb_s
                0x1fff8230                length
                0x1fff8234                log_s
                0x1fff8b80                parameter_s
                0x1fff9484                i
                0x1fff9488                buffer
                0x1fff94c8                test_param_3
                0x1fff94cc                main_flag
                0x1fff94ce                analogRead
                0x1fff94d0                name
 COMMON         0x1fff94d4       0x98 .\CortexM3\ARM_GCC_541\Debug\USB_first.a(USBFS_drv.o)
                0x1fff94d4                USBFS_deviceAddress
                0x1fff94d5                USBFS_ep0Mode
                0x1fff94d8                USBFS_interfaceSetting
                0x1fff94dc                USBFS_currentTD
                0x1fff94e8                USBFS_device
                0x1fff94e9                USBFS_interfaceNumber
                0x1fff94ea                USBFS_ep0Toggle
                0x1fff94eb                USBFS_deviceStatus
                0x1fff94ec                USBFS_configurationChanged
                0x1fff94ed                USBFS_configuration
                0x1fff94ee                USBFS_transferState
                0x1fff94f0                USBFS_interfaceStatus
                0x1fff94f4                USBFS_interfaceClass
                0x1fff94f8                USBFS_EP
                0x1fff9564                USBFS_lastPacketSize
                0x1fff9565                USBFS_ep0Count
                0x1fff9568                USBFS_interfaceSettingLast
                0x1fff956a                USBFS_transferByteCount
 COMMON         0x1fff956c        0x2 .\CortexM3\ARM_GCC_541\Debug\USB_first.a(CyFlash.o)
                0x1fff956c                dieTemperature
 *fill*         0x1fff956e        0x2 
 COMMON         0x1fff9570        0x4 .\CortexM3\ARM_GCC_541\Debug\USB_first.a(ADC_DelSig_1.o)
                0x1fff9570                ADC_DelSig_1_CountsPerVolt
 COMMON         0x1fff9574       0x1c .\CortexM3\ARM_GCC_541\Debug\USB_first.a(Em_EEPROM.o)
                0x1fff9574                Em_EEPROM_context
                0x1fff9590                . = ALIGN (0x8)
 *(.ram.b)
                0x1fff9590                _end = .
                0x1fff9590                __end = .
                0x1fff9590                PROVIDE (end, .)
                0x1fff9590                PROVIDE (__bss_end__, .)
                0x00003998                __cy_region_init_ram = LOADADDR (.data)
                0x00000080                __cy_region_init_size_ram = (_edata - ADDR (.data))
                0x00001448                __cy_region_zero_size_ram = (_end - _edata)

.heap           0x1fff9590       0x80 load address 0x00003a18
                0x1fff9590                . = _end
                0x1fff9610                . = (. + 0x80)
 *fill*         0x1fff9590       0x80 
                0x1fff9610                __cy_heap_limit = .

.stack          0x20007800      0x800
                0x20007800                __cy_stack_limit = .
                0x20008000                . = (. + 0x800)
 *fill*         0x20007800      0x800 
                0x00000001                ASSERT ((__cy_stack_limit >= __cy_heap_limit), region RAM overflowed with stack)
                0x00000000                cy_checksum_exclude_size = (CY_APPL_LOADABLE == 0x1)?SIZEOF (.cy_checksum_exclude):0x0
                0x00000001                ASSERT ((cy_checksum_exclude_size <= CY_CHECKSUM_EXCLUDE_SIZE), CY_BOOT: Section .cy_checksum_exclude size exceedes specified limit.)

.cyloadermeta
 *(.cyloadermeta)

.cyloadablemeta
 *(.cyloadablemeta)

.cyconfigecc    0x80000000      0x118
 *(.cyconfigecc)
 .cyconfigecc   0x80000000      0x118 .\CortexM3\ARM_GCC_541\Debug\cymetadata.o
                0x80000000                cy_meta_configecc

.cycustnvl      0x90000000        0x4
 *(.cycustnvl)
 .cycustnvl     0x90000000        0x4 .\CortexM3\ARM_GCC_541\Debug\cymetadata.o
                0x90000000                cy_meta_custnvl

.cywolatch      0x90100000        0x4
 *(.cywolatch)
 .cywolatch     0x90100000        0x4 .\CortexM3\ARM_GCC_541\Debug\cymetadata.o
                0x90100000                cy_meta_wonvl

.cyeeprom       0x90200000        0x0
 *(.cyeeprom)
                0x00000001                ASSERT ((. <= ((0x90200000 + ee_offset) + ee_size)), .cyeeprom data will not fit in EEPROM)

.cyflashprotect
                0x90400000      0x100
 *(.cyflashprotect)
 .cyflashprotect
                0x90400000      0x100 .\CortexM3\ARM_GCC_541\Debug\cymetadata.o
                0x90400000                cy_meta_flashprotect

.cymeta         0x90500000        0xc
 *(.cymeta)
 .cymeta        0x90500000        0xc .\CortexM3\ARM_GCC_541\Debug\cymetadata.o
                0x90500000                cy_metadata

.rel.dyn        0x00003a18        0x0 load address 0x9050000c
 .rel.iplt      0x00003a18        0x0 c:/program files (x86)/cypress/psoc creator/4.2/psoc creator/import/gnu/arm/5.4.1/bin/../lib/gcc/arm-none-eabi/5.4.1/armv7-m/crtbegin.o

.stab
 *(.stab)

.stabstr
 *(.stabstr)

.debug
 *(.debug)

.line
 *(.line)

.debug_srcinfo
 *(.debug_srcinfo)

.debug_sfnames
 *(.debug_sfnames)

.debug_aranges  0x00000000      0xcd0
 *(.debug_aranges)
 .debug_aranges
                0x00000000       0x20 .\CortexM3\ARM_GCC_541\Debug\main.o
 .debug_aranges
                0x00000020       0x70 .\CortexM3\ARM_GCC_541\Debug\datalogger.o
 .debug_aranges
                0x00000090       0x48 .\CortexM3\ARM_GCC_541\Debug\usb.o
 .debug_aranges
                0x000000d8       0x68 .\CortexM3\ARM_GCC_541\Debug\parameters.o
 .debug_aranges
                0x00000140       0x68 .\CortexM3\ARM_GCC_541\Debug\cyfitter_cfg.o
 .debug_aranges
                0x000001a8       0x18 .\CortexM3\ARM_GCC_541\Debug\cymetadata.o
 .debug_aranges
                0x000001c0       0x48 .\CortexM3\ARM_GCC_541\Debug\Cm3Start.o
 .debug_aranges
                0x00000208       0xc8 .\CortexM3\ARM_GCC_541\Debug\USB_first.a(USBFS.o)
 .debug_aranges
                0x000002d0       0x98 .\CortexM3\ARM_GCC_541\Debug\USB_first.a(USBFS_drv.o)
 .debug_aranges
                0x00000368       0x40 .\CortexM3\ARM_GCC_541\Debug\USB_first.a(USBFS_episr.o)
 .debug_aranges
                0x000003a8       0x40 .\CortexM3\ARM_GCC_541\Debug\USB_first.a(USBFS_pm.o)
 .debug_aranges
                0x000003e8       0x78 .\CortexM3\ARM_GCC_541\Debug\USB_first.a(USBFS_std.o)
 .debug_aranges
                0x00000460       0x20 .\CortexM3\ARM_GCC_541\Debug\USB_first.a(USBFS_vnd.o)
 .debug_aranges
                0x00000480       0x48 .\CortexM3\ARM_GCC_541\Debug\USB_first.a(USBFS_Dp.o)
 .debug_aranges
                0x000004c8       0x90 .\CortexM3\ARM_GCC_541\Debug\USB_first.a(cy_em_eeprom.o)
 .debug_aranges
                0x00000558       0x88 .\CortexM3\ARM_GCC_541\Debug\USB_first.a(CyFlash.o)
 .debug_aranges
                0x000005e0      0x2a0 .\CortexM3\ARM_GCC_541\Debug\USB_first.a(CyLib.o)
 .debug_aranges
                0x00000880       0x98 .\CortexM3\ARM_GCC_541\Debug\USB_first.a(cyPm.o)
 .debug_aranges
                0x00000918       0x80 .\CortexM3\ARM_GCC_541\Debug\USB_first.a(CySpc.o)
 .debug_aranges
                0x00000998       0xe8 .\CortexM3\ARM_GCC_541\Debug\USB_first.a(ADC_DelSig_1.o)
 .debug_aranges
                0x00000a80       0x38 .\CortexM3\ARM_GCC_541\Debug\USB_first.a(ADC_DelSig_1_INT.o)
 .debug_aranges
                0x00000ab8       0x30 .\CortexM3\ARM_GCC_541\Debug\USB_first.a(ADC_DelSig_1_AMux.o)
 .debug_aranges
                0x00000ae8       0x70 .\CortexM3\ARM_GCC_541\Debug\USB_first.a(ADC_DelSig_1_Ext_CP_Clk.o)
 .debug_aranges
                0x00000b58       0x80 .\CortexM3\ARM_GCC_541\Debug\USB_first.a(ADC_DelSig_1_theACLK.o)
 .debug_aranges
                0x00000bd8       0x80 .\CortexM3\ARM_GCC_541\Debug\USB_first.a(Loop_Interrupt.o)
 .debug_aranges
                0x00000c58       0x20 .\CortexM3\ARM_GCC_541\Debug\USB_first.a(Em_EEPROM.o)
 .debug_aranges
                0x00000c78       0x20 .\CortexM3\ARM_GCC_541\Debug\USB_first.a(CyBootAsmGnu.o)
 .debug_aranges
                0x00000c98       0x20 .\CortexM3\ARM_GCC_541\Debug\USB_first.a(USBFS_cls.o)
 .debug_aranges
                0x00000cb8       0x18 .\CortexM3\ARM_GCC_541\Debug\USB_first.a(USBFS_descr.o)

.debug_pubnames
 *(.debug_pubnames)

.debug_info     0x00000000     0x9c84
 *(.debug_info .gnu.linkonce.wi.*)
 .debug_info    0x00000000      0x8cd .\CortexM3\ARM_GCC_541\Debug\main.o
 .debug_info    0x000008cd      0x6c2 .\CortexM3\ARM_GCC_541\Debug\datalogger.o
 .debug_info    0x00000f8f      0x414 .\CortexM3\ARM_GCC_541\Debug\usb.o
 .debug_info    0x000013a3      0x764 .\CortexM3\ARM_GCC_541\Debug\parameters.o
 .debug_info    0x00001b07      0x5c0 .\CortexM3\ARM_GCC_541\Debug\cyfitter_cfg.o
 .debug_info    0x000020c7      0x135 .\CortexM3\ARM_GCC_541\Debug\cymetadata.o
 .debug_info    0x000021fc      0x3bb .\CortexM3\ARM_GCC_541\Debug\Cm3Start.o
 .debug_info    0x000025b7      0x993 .\CortexM3\ARM_GCC_541\Debug\USB_first.a(USBFS.o)
 .debug_info    0x00002f4a      0x655 .\CortexM3\ARM_GCC_541\Debug\USB_first.a(USBFS_drv.o)
 .debug_info    0x0000359f      0x254 .\CortexM3\ARM_GCC_541\Debug\USB_first.a(USBFS_episr.o)
 .debug_info    0x000037f3      0x2e4 .\CortexM3\ARM_GCC_541\Debug\USB_first.a(USBFS_pm.o)
 .debug_info    0x00003ad7      0x9ed .\CortexM3\ARM_GCC_541\Debug\USB_first.a(USBFS_std.o)
 .debug_info    0x000044c4       0xed .\CortexM3\ARM_GCC_541\Debug\USB_first.a(USBFS_vnd.o)
 .debug_info    0x000045b1      0x174 .\CortexM3\ARM_GCC_541\Debug\USB_first.a(USBFS_Dp.o)
 .debug_info    0x00004725      0xef6 .\CortexM3\ARM_GCC_541\Debug\USB_first.a(cy_em_eeprom.o)
 .debug_info    0x0000561b      0x64d .\CortexM3\ARM_GCC_541\Debug\USB_first.a(CyFlash.o)
 .debug_info    0x00005c68     0x1374 .\CortexM3\ARM_GCC_541\Debug\USB_first.a(CyLib.o)
 .debug_info    0x00006fdc      0xa2a .\CortexM3\ARM_GCC_541\Debug\USB_first.a(cyPm.o)
 .debug_info    0x00007a06      0x550 .\CortexM3\ARM_GCC_541\Debug\USB_first.a(CySpc.o)
 .debug_info    0x00007f56      0xbed .\CortexM3\ARM_GCC_541\Debug\USB_first.a(ADC_DelSig_1.o)
 .debug_info    0x00008b43       0xd3 .\CortexM3\ARM_GCC_541\Debug\USB_first.a(ADC_DelSig_1_INT.o)
 .debug_info    0x00008c16      0x165 .\CortexM3\ARM_GCC_541\Debug\USB_first.a(ADC_DelSig_1_AMux.o)
 .debug_info    0x00008d7b      0x283 .\CortexM3\ARM_GCC_541\Debug\USB_first.a(ADC_DelSig_1_Ext_CP_Clk.o)
 .debug_info    0x00008ffe      0x2c4 .\CortexM3\ARM_GCC_541\Debug\USB_first.a(ADC_DelSig_1_theACLK.o)
 .debug_info    0x000092c2      0x2dd .\CortexM3\ARM_GCC_541\Debug\USB_first.a(Loop_Interrupt.o)
 .debug_info    0x0000959f      0x242 .\CortexM3\ARM_GCC_541\Debug\USB_first.a(Em_EEPROM.o)
 .debug_info    0x000097e1       0x8b .\CortexM3\ARM_GCC_541\Debug\USB_first.a(CyBootAsmGnu.o)
 .debug_info    0x0000986c      0x1ad .\CortexM3\ARM_GCC_541\Debug\USB_first.a(USBFS_cls.o)
 .debug_info    0x00009a19      0x26b .\CortexM3\ARM_GCC_541\Debug\USB_first.a(USBFS_descr.o)

.debug_abbrev   0x00000000     0x26b9
 *(.debug_abbrev)
 .debug_abbrev  0x00000000      0x1b0 .\CortexM3\ARM_GCC_541\Debug\main.o
 .debug_abbrev  0x000001b0      0x1f0 .\CortexM3\ARM_GCC_541\Debug\datalogger.o
 .debug_abbrev  0x000003a0      0x147 .\CortexM3\ARM_GCC_541\Debug\usb.o
 .debug_abbrev  0x000004e7      0x209 .\CortexM3\ARM_GCC_541\Debug\parameters.o
 .debug_abbrev  0x000006f0      0x21e .\CortexM3\ARM_GCC_541\Debug\cyfitter_cfg.o
 .debug_abbrev  0x0000090e       0x66 .\CortexM3\ARM_GCC_541\Debug\cymetadata.o
 .debug_abbrev  0x00000974      0x1e8 .\CortexM3\ARM_GCC_541\Debug\Cm3Start.o
 .debug_abbrev  0x00000b5c      0x215 .\CortexM3\ARM_GCC_541\Debug\USB_first.a(USBFS.o)
 .debug_abbrev  0x00000d71      0x189 .\CortexM3\ARM_GCC_541\Debug\USB_first.a(USBFS_drv.o)
 .debug_abbrev  0x00000efa      0x11b .\CortexM3\ARM_GCC_541\Debug\USB_first.a(USBFS_episr.o)
 .debug_abbrev  0x00001015      0x108 .\CortexM3\ARM_GCC_541\Debug\USB_first.a(USBFS_pm.o)
 .debug_abbrev  0x0000111d      0x1d8 .\CortexM3\ARM_GCC_541\Debug\USB_first.a(USBFS_std.o)
 .debug_abbrev  0x000012f5       0x9b .\CortexM3\ARM_GCC_541\Debug\USB_first.a(USBFS_vnd.o)
 .debug_abbrev  0x00001390       0x90 .\CortexM3\ARM_GCC_541\Debug\USB_first.a(USBFS_Dp.o)
 .debug_abbrev  0x00001420      0x21a .\CortexM3\ARM_GCC_541\Debug\USB_first.a(cy_em_eeprom.o)
 .debug_abbrev  0x0000163a      0x1a7 .\CortexM3\ARM_GCC_541\Debug\USB_first.a(CyFlash.o)
 .debug_abbrev  0x000017e1      0x254 .\CortexM3\ARM_GCC_541\Debug\USB_first.a(CyLib.o)
 .debug_abbrev  0x00001a35      0x1ab .\CortexM3\ARM_GCC_541\Debug\USB_first.a(cyPm.o)
 .debug_abbrev  0x00001be0      0x194 .\CortexM3\ARM_GCC_541\Debug\USB_first.a(CySpc.o)
 .debug_abbrev  0x00001d74      0x1eb .\CortexM3\ARM_GCC_541\Debug\USB_first.a(ADC_DelSig_1.o)
 .debug_abbrev  0x00001f5f       0x42 .\CortexM3\ARM_GCC_541\Debug\USB_first.a(ADC_DelSig_1_INT.o)
 .debug_abbrev  0x00001fa1       0xb1 .\CortexM3\ARM_GCC_541\Debug\USB_first.a(ADC_DelSig_1_AMux.o)
 .debug_abbrev  0x00002052      0x139 .\CortexM3\ARM_GCC_541\Debug\USB_first.a(ADC_DelSig_1_Ext_CP_Clk.o)
 .debug_abbrev  0x0000218b      0x121 .\CortexM3\ARM_GCC_541\Debug\USB_first.a(ADC_DelSig_1_theACLK.o)
 .debug_abbrev  0x000022ac      0x184 .\CortexM3\ARM_GCC_541\Debug\USB_first.a(Loop_Interrupt.o)
 .debug_abbrev  0x00002430      0x110 .\CortexM3\ARM_GCC_541\Debug\USB_first.a(Em_EEPROM.o)
 .debug_abbrev  0x00002540       0x14 .\CortexM3\ARM_GCC_541\Debug\USB_first.a(CyBootAsmGnu.o)
 .debug_abbrev  0x00002554       0xc2 .\CortexM3\ARM_GCC_541\Debug\USB_first.a(USBFS_cls.o)
 .debug_abbrev  0x00002616       0xa3 .\CortexM3\ARM_GCC_541\Debug\USB_first.a(USBFS_descr.o)

.debug_line     0x00000000     0x3b01
 *(.debug_line)
 .debug_line    0x00000000      0x207 .\CortexM3\ARM_GCC_541\Debug\main.o
 .debug_line    0x00000207      0x347 .\CortexM3\ARM_GCC_541\Debug\datalogger.o
 .debug_line    0x0000054e      0x21c .\CortexM3\ARM_GCC_541\Debug\usb.o
 .debug_line    0x0000076a      0x2cc .\CortexM3\ARM_GCC_541\Debug\parameters.o
 .debug_line    0x00000a36      0x204 .\CortexM3\ARM_GCC_541\Debug\cyfitter_cfg.o
 .debug_line    0x00000c3a      0x141 .\CortexM3\ARM_GCC_541\Debug\cymetadata.o
 .debug_line    0x00000d7b      0x234 .\CortexM3\ARM_GCC_541\Debug\Cm3Start.o
 .debug_line    0x00000faf      0x2d3 .\CortexM3\ARM_GCC_541\Debug\USB_first.a(USBFS.o)
 .debug_line    0x00001282      0x21b .\CortexM3\ARM_GCC_541\Debug\USB_first.a(USBFS_drv.o)
 .debug_line    0x0000149d       0xea .\CortexM3\ARM_GCC_541\Debug\USB_first.a(USBFS_episr.o)
 .debug_line    0x00001587      0x106 .\CortexM3\ARM_GCC_541\Debug\USB_first.a(USBFS_pm.o)
 .debug_line    0x0000168d      0x366 .\CortexM3\ARM_GCC_541\Debug\USB_first.a(USBFS_std.o)
 .debug_line    0x000019f3       0x6f .\CortexM3\ARM_GCC_541\Debug\USB_first.a(USBFS_vnd.o)
 .debug_line    0x00001a62       0xb9 .\CortexM3\ARM_GCC_541\Debug\USB_first.a(USBFS_Dp.o)
 .debug_line    0x00001b1b      0x49e .\CortexM3\ARM_GCC_541\Debug\USB_first.a(cy_em_eeprom.o)
 .debug_line    0x00001fb9      0x21a .\CortexM3\ARM_GCC_541\Debug\USB_first.a(CyFlash.o)
 .debug_line    0x000021d3      0x816 .\CortexM3\ARM_GCC_541\Debug\USB_first.a(CyLib.o)
 .debug_line    0x000029e9      0x367 .\CortexM3\ARM_GCC_541\Debug\USB_first.a(cyPm.o)
 .debug_line    0x00002d50      0x260 .\CortexM3\ARM_GCC_541\Debug\USB_first.a(CySpc.o)
 .debug_line    0x00002fb0      0x3ee .\CortexM3\ARM_GCC_541\Debug\USB_first.a(ADC_DelSig_1.o)
 .debug_line    0x0000339e       0x89 .\CortexM3\ARM_GCC_541\Debug\USB_first.a(ADC_DelSig_1_INT.o)
 .debug_line    0x00003427       0xb5 .\CortexM3\ARM_GCC_541\Debug\USB_first.a(ADC_DelSig_1_AMux.o)
 .debug_line    0x000034dc      0x186 .\CortexM3\ARM_GCC_541\Debug\USB_first.a(ADC_DelSig_1_Ext_CP_Clk.o)
 .debug_line    0x00003662      0x1a6 .\CortexM3\ARM_GCC_541\Debug\USB_first.a(ADC_DelSig_1_theACLK.o)
 .debug_line    0x00003808      0x13c .\CortexM3\ARM_GCC_541\Debug\USB_first.a(Loop_Interrupt.o)
 .debug_line    0x00003944       0x79 .\CortexM3\ARM_GCC_541\Debug\USB_first.a(Em_EEPROM.o)
 .debug_line    0x000039bd       0x66 .\CortexM3\ARM_GCC_541\Debug\USB_first.a(CyBootAsmGnu.o)
 .debug_line    0x00003a23       0x81 .\CortexM3\ARM_GCC_541\Debug\USB_first.a(USBFS_cls.o)
 .debug_line    0x00003aa4       0x5d .\CortexM3\ARM_GCC_541\Debug\USB_first.a(USBFS_descr.o)

.debug_frame    0x00000000     0x2124
 *(.debug_frame)
 .debug_frame   0x00000000       0x38 .\CortexM3\ARM_GCC_541\Debug\main.o
 .debug_frame   0x00000038      0x128 .\CortexM3\ARM_GCC_541\Debug\datalogger.o
 .debug_frame   0x00000160       0xa8 .\CortexM3\ARM_GCC_541\Debug\usb.o
 .debug_frame   0x00000208      0x174 .\CortexM3\ARM_GCC_541\Debug\parameters.o
 .debug_frame   0x0000037c      0x100 .\CortexM3\ARM_GCC_541\Debug\cyfitter_cfg.o
 .debug_frame   0x0000047c       0xb8 .\CortexM3\ARM_GCC_541\Debug\Cm3Start.o
 .debug_frame   0x00000534      0x1dc .\CortexM3\ARM_GCC_541\Debug\USB_first.a(USBFS.o)
 .debug_frame   0x00000710      0x194 .\CortexM3\ARM_GCC_541\Debug\USB_first.a(USBFS_drv.o)
 .debug_frame   0x000008a4       0x6c .\CortexM3\ARM_GCC_541\Debug\USB_first.a(USBFS_episr.o)
 .debug_frame   0x00000910       0xa0 .\CortexM3\ARM_GCC_541\Debug\USB_first.a(USBFS_pm.o)
 .debug_frame   0x000009b0      0x150 .\CortexM3\ARM_GCC_541\Debug\USB_first.a(USBFS_std.o)
 .debug_frame   0x00000b00       0x20 .\CortexM3\ARM_GCC_541\Debug\USB_first.a(USBFS_vnd.o)
 .debug_frame   0x00000b20       0x70 .\CortexM3\ARM_GCC_541\Debug\USB_first.a(USBFS_Dp.o)
 .debug_frame   0x00000b90      0x22c .\CortexM3\ARM_GCC_541\Debug\USB_first.a(cy_em_eeprom.o)
 .debug_frame   0x00000dbc      0x194 .\CortexM3\ARM_GCC_541\Debug\USB_first.a(CyFlash.o)
 .debug_frame   0x00000f50      0x738 .\CortexM3\ARM_GCC_541\Debug\USB_first.a(CyLib.o)
 .debug_frame   0x00001688      0x1f8 .\CortexM3\ARM_GCC_541\Debug\USB_first.a(cyPm.o)
 .debug_frame   0x00001880      0x180 .\CortexM3\ARM_GCC_541\Debug\USB_first.a(CySpc.o)
 .debug_frame   0x00001a00      0x284 .\CortexM3\ARM_GCC_541\Debug\USB_first.a(ADC_DelSig_1.o)
 .debug_frame   0x00001c84       0x50 .\CortexM3\ARM_GCC_541\Debug\USB_first.a(ADC_DelSig_1_INT.o)
 .debug_frame   0x00001cd4       0x64 .\CortexM3\ARM_GCC_541\Debug\USB_first.a(ADC_DelSig_1_AMux.o)
 .debug_frame   0x00001d38       0xe0 .\CortexM3\ARM_GCC_541\Debug\USB_first.a(ADC_DelSig_1_Ext_CP_Clk.o)
 .debug_frame   0x00001e18      0x100 .\CortexM3\ARM_GCC_541\Debug\USB_first.a(ADC_DelSig_1_theACLK.o)
 .debug_frame   0x00001f18      0x104 .\CortexM3\ARM_GCC_541\Debug\USB_first.a(Loop_Interrupt.o)
 .debug_frame   0x0000201c       0x2c .\CortexM3\ARM_GCC_541\Debug\USB_first.a(Em_EEPROM.o)
 .debug_frame   0x00002048       0x20 .\CortexM3\ARM_GCC_541\Debug\USB_first.a(USBFS_cls.o)
 .debug_frame   0x00002068       0x20 c:/program files (x86)/cypress/psoc creator/4.2/psoc creator/import/gnu/arm/5.4.1/bin/../lib/gcc/arm-none-eabi/5.4.1/../../../../arm-none-eabi/lib/armv7-m\libg_nano.a(lib_a-errno.o)
 .debug_frame   0x00002088       0x28 c:/program files (x86)/cypress/psoc creator/4.2/psoc creator/import/gnu/arm/5.4.1/bin/../lib/gcc/arm-none-eabi/5.4.1/../../../../arm-none-eabi/lib/armv7-m\libg_nano.a(lib_a-exit.o)
 .debug_frame   0x000020b0       0x2c c:/program files (x86)/cypress/psoc creator/4.2/psoc creator/import/gnu/arm/5.4.1/bin/../lib/gcc/arm-none-eabi/5.4.1/../../../../arm-none-eabi/lib/armv7-m\libg_nano.a(lib_a-init.o)
 .debug_frame   0x000020dc       0x28 c:/program files (x86)/cypress/psoc creator/4.2/psoc creator/import/gnu/arm/5.4.1/bin/../lib/gcc/arm-none-eabi/5.4.1/../../../../arm-none-eabi/lib/armv7-m\libg_nano.a(lib_a-memcpy-stub.o)
 .debug_frame   0x00002104       0x20 c:/program files (x86)/cypress/psoc creator/4.2/psoc creator/import/gnu/arm/5.4.1/bin/../lib/gcc/arm-none-eabi/5.4.1/../../../../arm-none-eabi/lib/armv7-m\libg_nano.a(lib_a-memset.o)

.debug_str      0x00000000     0x326e
 *(.debug_str)
 .debug_str     0x00000000      0x474 .\CortexM3\ARM_GCC_541\Debug\main.o
                                0x546 (size before relaxing)
 .debug_str     0x00000474       0x85 .\CortexM3\ARM_GCC_541\Debug\datalogger.o
                                0x3e4 (size before relaxing)
 .debug_str     0x000004f9       0x91 .\CortexM3\ARM_GCC_541\Debug\usb.o
                                0x31e (size before relaxing)
 .debug_str     0x0000058a      0x13a .\CortexM3\ARM_GCC_541\Debug\parameters.o
                                0x4b6 (size before relaxing)
 .debug_str     0x000006c4      0x206 .\CortexM3\ARM_GCC_541\Debug\cyfitter_cfg.o
                                0x37a (size before relaxing)
 .debug_str     0x000008ca       0x7f .\CortexM3\ARM_GCC_541\Debug\cymetadata.o
                                0x1df (size before relaxing)
 .debug_str     0x00000949      0x13f .\CortexM3\ARM_GCC_541\Debug\Cm3Start.o
                                0x305 (size before relaxing)
 .debug_str     0x00000a88      0x3d8 .\CortexM3\ARM_GCC_541\Debug\USB_first.a(USBFS.o)
                                0x628 (size before relaxing)
 .debug_str     0x00000e60      0x31c .\CortexM3\ARM_GCC_541\Debug\USB_first.a(USBFS_drv.o)
                                0x602 (size before relaxing)
 .debug_str     0x0000117c       0x75 .\CortexM3\ARM_GCC_541\Debug\USB_first.a(USBFS_episr.o)
                                0x2d8 (size before relaxing)
 .debug_str     0x000011f1       0xbe .\CortexM3\ARM_GCC_541\Debug\USB_first.a(USBFS_pm.o)
                                0x2e6 (size before relaxing)
 .debug_str     0x000012af      0x225 .\CortexM3\ARM_GCC_541\Debug\USB_first.a(USBFS_std.o)
                                0x6dc (size before relaxing)
 .debug_str     0x000014d4       0x23 .\CortexM3\ARM_GCC_541\Debug\USB_first.a(USBFS_vnd.o)
                                0x1f5 (size before relaxing)
 .debug_str     0x000014f7       0x98 .\CortexM3\ARM_GCC_541\Debug\USB_first.a(USBFS_Dp.o)
                                0x22e (size before relaxing)
 .debug_str     0x0000158f      0x3d9 .\CortexM3\ARM_GCC_541\Debug\USB_first.a(cy_em_eeprom.o)
                                0x652 (size before relaxing)
 .debug_str     0x00001968      0x1b5 .\CortexM3\ARM_GCC_541\Debug\USB_first.a(CyFlash.o)
                                0x3bb (size before relaxing)
 .debug_str     0x00001b1d      0x7c8 .\CortexM3\ARM_GCC_541\Debug\USB_first.a(CyLib.o)
                                0xa42 (size before relaxing)
 .debug_str     0x000022e5      0x34f .\CortexM3\ARM_GCC_541\Debug\USB_first.a(cyPm.o)
                                0x72e (size before relaxing)
 .debug_str     0x00002634       0xac .\CortexM3\ARM_GCC_541\Debug\USB_first.a(CySpc.o)
                                0x333 (size before relaxing)
 .debug_str     0x000026e0      0x475 .\CortexM3\ARM_GCC_541\Debug\USB_first.a(ADC_DelSig_1.o)
                                0x735 (size before relaxing)
 .debug_str     0x00002b55       0x72 .\CortexM3\ARM_GCC_541\Debug\USB_first.a(ADC_DelSig_1_INT.o)
                                0x1e8 (size before relaxing)
 .debug_str     0x00002bc7       0x83 .\CortexM3\ARM_GCC_541\Debug\USB_first.a(ADC_DelSig_1_AMux.o)
                                0x239 (size before relaxing)
 .debug_str     0x00002c4a      0x1c7 .\CortexM3\ARM_GCC_541\Debug\USB_first.a(ADC_DelSig_1_Ext_CP_Clk.o)
                                0x3a9 (size before relaxing)
 .debug_str     0x00002e11      0x1bb .\CortexM3\ARM_GCC_541\Debug\USB_first.a(ADC_DelSig_1_theACLK.o)
                                0x3da (size before relaxing)
 .debug_str     0x00002fcc      0x14f .\CortexM3\ARM_GCC_541\Debug\USB_first.a(Loop_Interrupt.o)
                                0x329 (size before relaxing)
 .debug_str     0x0000311b       0x41 .\CortexM3\ARM_GCC_541\Debug\USB_first.a(Em_EEPROM.o)
                                0x33f (size before relaxing)
 .debug_str     0x0000315c       0x23 .\CortexM3\ARM_GCC_541\Debug\USB_first.a(USBFS_cls.o)
                                0x27c (size before relaxing)
 .debug_str     0x0000317f       0xef .\CortexM3\ARM_GCC_541\Debug\USB_first.a(USBFS_descr.o)
                                0x30d (size before relaxing)

.debug_loc      0x00000000     0x4ecc
 *(.debug_loc)
 .debug_loc     0x00000000      0x578 .\CortexM3\ARM_GCC_541\Debug\datalogger.o
 .debug_loc     0x00000578      0x153 .\CortexM3\ARM_GCC_541\Debug\usb.o
 .debug_loc     0x000006cb      0x422 .\CortexM3\ARM_GCC_541\Debug\parameters.o
 .debug_loc     0x00000aed      0x219 .\CortexM3\ARM_GCC_541\Debug\cyfitter_cfg.o
 .debug_loc     0x00000d06      0x144 .\CortexM3\ARM_GCC_541\Debug\Cm3Start.o
 .debug_loc     0x00000e4a      0x3e1 .\CortexM3\ARM_GCC_541\Debug\USB_first.a(USBFS.o)
 .debug_loc     0x0000122b      0x171 .\CortexM3\ARM_GCC_541\Debug\USB_first.a(USBFS_drv.o)
 .debug_loc     0x0000139c       0x26 .\CortexM3\ARM_GCC_541\Debug\USB_first.a(USBFS_pm.o)
 .debug_loc     0x000013c2      0x883 .\CortexM3\ARM_GCC_541\Debug\USB_first.a(USBFS_std.o)
 .debug_loc     0x00001c45       0x84 .\CortexM3\ARM_GCC_541\Debug\USB_first.a(USBFS_Dp.o)
 .debug_loc     0x00001cc9     0x116e .\CortexM3\ARM_GCC_541\Debug\USB_first.a(cy_em_eeprom.o)
 .debug_loc     0x00002e37      0x3b2 .\CortexM3\ARM_GCC_541\Debug\USB_first.a(CyFlash.o)
 .debug_loc     0x000031e9      0xa11 .\CortexM3\ARM_GCC_541\Debug\USB_first.a(CyLib.o)
 .debug_loc     0x00003bfa      0x1e4 .\CortexM3\ARM_GCC_541\Debug\USB_first.a(cyPm.o)
 .debug_loc     0x00003dde      0x705 .\CortexM3\ARM_GCC_541\Debug\USB_first.a(CySpc.o)
 .debug_loc     0x000044e3      0x681 .\CortexM3\ARM_GCC_541\Debug\USB_first.a(ADC_DelSig_1.o)
 .debug_loc     0x00004b64       0x6c .\CortexM3\ARM_GCC_541\Debug\USB_first.a(ADC_DelSig_1_AMux.o)
 .debug_loc     0x00004bd0      0x12c .\CortexM3\ARM_GCC_541\Debug\USB_first.a(ADC_DelSig_1_Ext_CP_Clk.o)
 .debug_loc     0x00004cfc      0x14d .\CortexM3\ARM_GCC_541\Debug\USB_first.a(ADC_DelSig_1_theACLK.o)
 .debug_loc     0x00004e49       0x56 .\CortexM3\ARM_GCC_541\Debug\USB_first.a(Loop_Interrupt.o)
 .debug_loc     0x00004e9f       0x2d .\CortexM3\ARM_GCC_541\Debug\USB_first.a(Em_EEPROM.o)

.debug_macinfo
 *(.debug_macinfo)

.debug_ranges   0x00000000      0xb90
 *(.debug_ranges)
 .debug_ranges  0x00000000       0x10 .\CortexM3\ARM_GCC_541\Debug\main.o
 .debug_ranges  0x00000010       0x60 .\CortexM3\ARM_GCC_541\Debug\datalogger.o
 .debug_ranges  0x00000070       0x38 .\CortexM3\ARM_GCC_541\Debug\usb.o
 .debug_ranges  0x000000a8       0x58 .\CortexM3\ARM_GCC_541\Debug\parameters.o
 .debug_ranges  0x00000100       0x58 .\CortexM3\ARM_GCC_541\Debug\cyfitter_cfg.o
 .debug_ranges  0x00000158       0x38 .\CortexM3\ARM_GCC_541\Debug\Cm3Start.o
 .debug_ranges  0x00000190       0xd0 .\CortexM3\ARM_GCC_541\Debug\USB_first.a(USBFS.o)
 .debug_ranges  0x00000260       0x88 .\CortexM3\ARM_GCC_541\Debug\USB_first.a(USBFS_drv.o)
 .debug_ranges  0x000002e8       0x30 .\CortexM3\ARM_GCC_541\Debug\USB_first.a(USBFS_episr.o)
 .debug_ranges  0x00000318       0x30 .\CortexM3\ARM_GCC_541\Debug\USB_first.a(USBFS_pm.o)
 .debug_ranges  0x00000348       0x68 .\CortexM3\ARM_GCC_541\Debug\USB_first.a(USBFS_std.o)
 .debug_ranges  0x000003b0       0x10 .\CortexM3\ARM_GCC_541\Debug\USB_first.a(USBFS_vnd.o)
 .debug_ranges  0x000003c0       0x38 .\CortexM3\ARM_GCC_541\Debug\USB_first.a(USBFS_Dp.o)
 .debug_ranges  0x000003f8      0x118 .\CortexM3\ARM_GCC_541\Debug\USB_first.a(cy_em_eeprom.o)
 .debug_ranges  0x00000510       0x78 .\CortexM3\ARM_GCC_541\Debug\USB_first.a(CyFlash.o)
 .debug_ranges  0x00000588      0x290 .\CortexM3\ARM_GCC_541\Debug\USB_first.a(CyLib.o)
 .debug_ranges  0x00000818       0x88 .\CortexM3\ARM_GCC_541\Debug\USB_first.a(cyPm.o)
 .debug_ranges  0x000008a0       0x70 .\CortexM3\ARM_GCC_541\Debug\USB_first.a(CySpc.o)
 .debug_ranges  0x00000910       0xd8 .\CortexM3\ARM_GCC_541\Debug\USB_first.a(ADC_DelSig_1.o)
 .debug_ranges  0x000009e8       0x28 .\CortexM3\ARM_GCC_541\Debug\USB_first.a(ADC_DelSig_1_INT.o)
 .debug_ranges  0x00000a10       0x20 .\CortexM3\ARM_GCC_541\Debug\USB_first.a(ADC_DelSig_1_AMux.o)
 .debug_ranges  0x00000a30       0x60 .\CortexM3\ARM_GCC_541\Debug\USB_first.a(ADC_DelSig_1_Ext_CP_Clk.o)
 .debug_ranges  0x00000a90       0x70 .\CortexM3\ARM_GCC_541\Debug\USB_first.a(ADC_DelSig_1_theACLK.o)
 .debug_ranges  0x00000b00       0x70 .\CortexM3\ARM_GCC_541\Debug\USB_first.a(Loop_Interrupt.o)
 .debug_ranges  0x00000b70       0x10 .\CortexM3\ARM_GCC_541\Debug\USB_first.a(Em_EEPROM.o)
 .debug_ranges  0x00000b80       0x10 .\CortexM3\ARM_GCC_541\Debug\USB_first.a(USBFS_cls.o)

.comment        0x00000000       0x6e
 .comment       0x00000000       0x6e .\CortexM3\ARM_GCC_541\Debug\main.o
                                 0x6f (size before relaxing)
 .comment       0x0000006e       0x6f .\CortexM3\ARM_GCC_541\Debug\datalogger.o
 .comment       0x0000006e       0x6f .\CortexM3\ARM_GCC_541\Debug\usb.o
 .comment       0x0000006e       0x6f .\CortexM3\ARM_GCC_541\Debug\parameters.o
 .comment       0x0000006e       0x6f .\CortexM3\ARM_GCC_541\Debug\cyfitter_cfg.o
 .comment       0x0000006e       0x6f .\CortexM3\ARM_GCC_541\Debug\cymetadata.o
 .comment       0x0000006e       0x6f .\CortexM3\ARM_GCC_541\Debug\Cm3Start.o
 .comment       0x0000006e       0x6f .\CortexM3\ARM_GCC_541\Debug\USB_first.a(USBFS.o)
 .comment       0x0000006e       0x6f .\CortexM3\ARM_GCC_541\Debug\USB_first.a(USBFS_drv.o)
 .comment       0x0000006e       0x6f .\CortexM3\ARM_GCC_541\Debug\USB_first.a(USBFS_episr.o)
 .comment       0x0000006e       0x6f .\CortexM3\ARM_GCC_541\Debug\USB_first.a(USBFS_pm.o)
 .comment       0x0000006e       0x6f .\CortexM3\ARM_GCC_541\Debug\USB_first.a(USBFS_std.o)
 .comment       0x0000006e       0x6f .\CortexM3\ARM_GCC_541\Debug\USB_first.a(USBFS_vnd.o)
 .comment       0x0000006e       0x6f .\CortexM3\ARM_GCC_541\Debug\USB_first.a(USBFS_Dp.o)
 .comment       0x0000006e       0x6f .\CortexM3\ARM_GCC_541\Debug\USB_first.a(cy_em_eeprom.o)
 .comment       0x0000006e       0x6f .\CortexM3\ARM_GCC_541\Debug\USB_first.a(CyFlash.o)
 .comment       0x0000006e       0x6f .\CortexM3\ARM_GCC_541\Debug\USB_first.a(CyLib.o)
 .comment       0x0000006e       0x6f .\CortexM3\ARM_GCC_541\Debug\USB_first.a(cyPm.o)
 .comment       0x0000006e       0x6f .\CortexM3\ARM_GCC_541\Debug\USB_first.a(CySpc.o)
 .comment       0x0000006e       0x6f .\CortexM3\ARM_GCC_541\Debug\USB_first.a(ADC_DelSig_1.o)
 .comment       0x0000006e       0x6f .\CortexM3\ARM_GCC_541\Debug\USB_first.a(ADC_DelSig_1_INT.o)
 .comment       0x0000006e       0x6f .\CortexM3\ARM_GCC_541\Debug\USB_first.a(ADC_DelSig_1_AMux.o)
 .comment       0x0000006e       0x6f .\CortexM3\ARM_GCC_541\Debug\USB_first.a(ADC_DelSig_1_Ext_CP_Clk.o)
 .comment       0x0000006e       0x6f .\CortexM3\ARM_GCC_541\Debug\USB_first.a(ADC_DelSig_1_theACLK.o)
 .comment       0x0000006e       0x6f .\CortexM3\ARM_GCC_541\Debug\USB_first.a(Loop_Interrupt.o)
 .comment       0x0000006e       0x6f .\CortexM3\ARM_GCC_541\Debug\USB_first.a(Em_EEPROM.o)
 .comment       0x0000006e       0x6f .\CortexM3\ARM_GCC_541\Debug\USB_first.a(USBFS_cls.o)
 .comment       0x0000006e       0x6f .\CortexM3\ARM_GCC_541\Debug\USB_first.a(USBFS_descr.o)

.debug_weaknames
 *(.debug_weaknames)

.debug_funcnames
 *(.debug_funcnames)

.debug_typenames
 *(.debug_typenames)

.debug_varnames
 *(.debug_varnames)

.note.gnu.arm.ident
 *(.note.gnu.arm.ident)

.ARM.attributes
                0x00000000       0x29
 *(.ARM.attributes)
 .ARM.attributes
                0x00000000       0x1d c:/program files (x86)/cypress/psoc creator/4.2/psoc creator/import/gnu/arm/5.4.1/bin/../lib/gcc/arm-none-eabi/5.4.1/armv7-m/crti.o
 .ARM.attributes
                0x0000001d       0x2d c:/program files (x86)/cypress/psoc creator/4.2/psoc creator/import/gnu/arm/5.4.1/bin/../lib/gcc/arm-none-eabi/5.4.1/armv7-m/crtbegin.o
 .ARM.attributes
                0x0000004a       0x1b c:/program files (x86)/cypress/psoc creator/4.2/psoc creator/import/gnu/arm/5.4.1/bin/../lib/gcc/arm-none-eabi/5.4.1/../../../../arm-none-eabi/lib/armv7-m/crt0.o
 .ARM.attributes
                0x00000065       0x33 .\CortexM3\ARM_GCC_541\Debug\main.o
 .ARM.attributes
                0x00000098       0x33 .\CortexM3\ARM_GCC_541\Debug\datalogger.o
 .ARM.attributes
                0x000000cb       0x33 .\CortexM3\ARM_GCC_541\Debug\usb.o
 .ARM.attributes
                0x000000fe       0x33 .\CortexM3\ARM_GCC_541\Debug\parameters.o
 .ARM.attributes
                0x00000131       0x33 .\CortexM3\ARM_GCC_541\Debug\cyfitter_cfg.o
 .ARM.attributes
                0x00000164       0x33 .\CortexM3\ARM_GCC_541\Debug\cymetadata.o
 .ARM.attributes
                0x00000197       0x33 .\CortexM3\ARM_GCC_541\Debug\Cm3Start.o
 .ARM.attributes
                0x000001ca       0x33 .\CortexM3\ARM_GCC_541\Debug\USB_first.a(USBFS.o)
 .ARM.attributes
                0x000001fd       0x33 .\CortexM3\ARM_GCC_541\Debug\USB_first.a(USBFS_drv.o)
 .ARM.attributes
                0x00000230       0x33 .\CortexM3\ARM_GCC_541\Debug\USB_first.a(USBFS_episr.o)
 .ARM.attributes
                0x00000263       0x33 .\CortexM3\ARM_GCC_541\Debug\USB_first.a(USBFS_pm.o)
 .ARM.attributes
                0x00000296       0x33 .\CortexM3\ARM_GCC_541\Debug\USB_first.a(USBFS_std.o)
 .ARM.attributes
                0x000002c9       0x33 .\CortexM3\ARM_GCC_541\Debug\USB_first.a(USBFS_vnd.o)
 .ARM.attributes
                0x000002fc       0x33 .\CortexM3\ARM_GCC_541\Debug\USB_first.a(USBFS_Dp.o)
 .ARM.attributes
                0x0000032f       0x33 .\CortexM3\ARM_GCC_541\Debug\USB_first.a(cy_em_eeprom.o)
 .ARM.attributes
                0x00000362       0x33 .\CortexM3\ARM_GCC_541\Debug\USB_first.a(CyFlash.o)
 .ARM.attributes
                0x00000395       0x33 .\CortexM3\ARM_GCC_541\Debug\USB_first.a(CyLib.o)
 .ARM.attributes
                0x000003c8       0x33 .\CortexM3\ARM_GCC_541\Debug\USB_first.a(cyPm.o)
 .ARM.attributes
                0x000003fb       0x33 .\CortexM3\ARM_GCC_541\Debug\USB_first.a(CySpc.o)
 .ARM.attributes
                0x0000042e       0x33 .\CortexM3\ARM_GCC_541\Debug\USB_first.a(ADC_DelSig_1.o)
 .ARM.attributes
                0x00000461       0x33 .\CortexM3\ARM_GCC_541\Debug\USB_first.a(ADC_DelSig_1_INT.o)
 .ARM.attributes
                0x00000494       0x33 .\CortexM3\ARM_GCC_541\Debug\USB_first.a(ADC_DelSig_1_AMux.o)
 .ARM.attributes
                0x000004c7       0x33 .\CortexM3\ARM_GCC_541\Debug\USB_first.a(ADC_DelSig_1_Ext_CP_Clk.o)
 .ARM.attributes
                0x000004fa       0x33 .\CortexM3\ARM_GCC_541\Debug\USB_first.a(ADC_DelSig_1_theACLK.o)
 .ARM.attributes
                0x0000052d       0x33 .\CortexM3\ARM_GCC_541\Debug\USB_first.a(Loop_Interrupt.o)
 .ARM.attributes
                0x00000560       0x33 .\CortexM3\ARM_GCC_541\Debug\USB_first.a(Em_EEPROM.o)
 .ARM.attributes
                0x00000593       0x21 .\CortexM3\ARM_GCC_541\Debug\USB_first.a(CyBootAsmGnu.o)
 .ARM.attributes
                0x000005b4       0x33 .\CortexM3\ARM_GCC_541\Debug\USB_first.a(USBFS_cls.o)
 .ARM.attributes
                0x000005e7       0x33 .\CortexM3\ARM_GCC_541\Debug\USB_first.a(USBFS_descr.o)
 .ARM.attributes
                0x0000061a       0x1d c:/program files (x86)/cypress/psoc creator/4.2/psoc creator/import/gnu/arm/5.4.1/bin/../lib/gcc/arm-none-eabi/5.4.1/armv7-m\libgcc.a(_arm_addsubdf3.o)
 .ARM.attributes
                0x00000637       0x1d c:/program files (x86)/cypress/psoc creator/4.2/psoc creator/import/gnu/arm/5.4.1/bin/../lib/gcc/arm-none-eabi/5.4.1/armv7-m\libgcc.a(_arm_cmpdf2.o)
 .ARM.attributes
                0x00000654       0x1d c:/program files (x86)/cypress/psoc creator/4.2/psoc creator/import/gnu/arm/5.4.1/bin/../lib/gcc/arm-none-eabi/5.4.1/armv7-m\libgcc.a(_arm_addsubsf3.o)
 .ARM.attributes
                0x00000671       0x1d c:/program files (x86)/cypress/psoc creator/4.2/psoc creator/import/gnu/arm/5.4.1/bin/../lib/gcc/arm-none-eabi/5.4.1/armv7-m\libgcc.a(_arm_muldivsf3.o)
 .ARM.attributes
                0x0000068e       0x1d c:/program files (x86)/cypress/psoc creator/4.2/psoc creator/import/gnu/arm/5.4.1/bin/../lib/gcc/arm-none-eabi/5.4.1/armv7-m\libgcc.a(_arm_fixunssfsi.o)
 .ARM.attributes
                0x000006ab       0x2d c:/program files (x86)/cypress/psoc creator/4.2/psoc creator/import/gnu/arm/5.4.1/bin/../lib/gcc/arm-none-eabi/5.4.1/../../../../arm-none-eabi/lib/armv7-m\libg_nano.a(lib_a-errno.o)
 .ARM.attributes
                0x000006d8       0x2d c:/program files (x86)/cypress/psoc creator/4.2/psoc creator/import/gnu/arm/5.4.1/bin/../lib/gcc/arm-none-eabi/5.4.1/../../../../arm-none-eabi/lib/armv7-m\libg_nano.a(lib_a-exit.o)
 .ARM.attributes
                0x00000705       0x2d c:/program files (x86)/cypress/psoc creator/4.2/psoc creator/import/gnu/arm/5.4.1/bin/../lib/gcc/arm-none-eabi/5.4.1/../../../../arm-none-eabi/lib/armv7-m\libg_nano.a(lib_a-impure.o)
 .ARM.attributes
                0x00000732       0x2d c:/program files (x86)/cypress/psoc creator/4.2/psoc creator/import/gnu/arm/5.4.1/bin/../lib/gcc/arm-none-eabi/5.4.1/../../../../arm-none-eabi/lib/armv7-m\libg_nano.a(lib_a-init.o)
 .ARM.attributes
                0x0000075f       0x2d c:/program files (x86)/cypress/psoc creator/4.2/psoc creator/import/gnu/arm/5.4.1/bin/../lib/gcc/arm-none-eabi/5.4.1/../../../../arm-none-eabi/lib/armv7-m\libg_nano.a(lib_a-memcpy-stub.o)
 .ARM.attributes
                0x0000078c       0x2d c:/program files (x86)/cypress/psoc creator/4.2/psoc creator/import/gnu/arm/5.4.1/bin/../lib/gcc/arm-none-eabi/5.4.1/../../../../arm-none-eabi/lib/armv7-m\libg_nano.a(lib_a-memset.o)
 .ARM.attributes
                0x000007b9       0x17 c:/program files (x86)/cypress/psoc creator/4.2/psoc creator/import/gnu/arm/5.4.1/bin/../lib/gcc/arm-none-eabi/5.4.1/../../../../arm-none-eabi/lib/armv7-m\libg_nano.a(lib_a-strlen.o)
 .ARM.attributes
                0x000007d0       0x2d c:/program files (x86)/cypress/psoc creator/4.2/psoc creator/import/gnu/arm/5.4.1/bin/../lib/gcc/arm-none-eabi/5.4.1/armv7-m/crtend.o
 .ARM.attributes
                0x000007fd       0x1d c:/program files (x86)/cypress/psoc creator/4.2/psoc creator/import/gnu/arm/5.4.1/bin/../lib/gcc/arm-none-eabi/5.4.1/armv7-m/crtn.o

/DISCARD/
 *(.note.GNU-stack)
OUTPUT(C:\Users\pajoh\projects\PSoC-data-plotting\USB\cypress\USB_data\USB_first.cydsn\CortexM3\ARM_GCC_541\Debug\USB_first.elf elf32-littlearm)
